running egg_info
creating ../../build/rover_teleop/rover_teleop.egg-info
writing ../../build/rover_teleop/rover_teleop.egg-info/PKG-INFO
writing dependency_links to ../../build/rover_teleop/rover_teleop.egg-info/dependency_links.txt
writing entry points to ../../build/rover_teleop/rover_teleop.egg-info/entry_points.txt
writing requirements to ../../build/rover_teleop/rover_teleop.egg-info/requires.txt
writing top-level names to ../../build/rover_teleop/rover_teleop.egg-info/top_level.txt
writing manifest file '../../build/rover_teleop/rover_teleop.egg-info/SOURCES.txt'
reading manifest file '../../build/rover_teleop/rover_teleop.egg-info/SOURCES.txt'
adding license file 'LICENSE'
writing manifest file '../../build/rover_teleop/rover_teleop.egg-info/SOURCES.txt'
running build
running build_py
creating /home/deimos/deimosExNihilo_ws/build/rover_teleop/build
creating /home/deimos/deimosExNihilo_ws/build/rover_teleop/build/lib
creating /home/deimos/deimosExNihilo_ws/build/rover_teleop/build/lib/rover_teleop
copying rover_teleop/armOps.py -> /home/deimos/deimosExNihilo_ws/build/rover_teleop/build/lib/rover_teleop
copying rover_teleop/drivetrainOps.py -> /home/deimos/deimosExNihilo_ws/build/rover_teleop/build/lib/rover_teleop
copying rover_teleop/__init__.py -> /home/deimos/deimosExNihilo_ws/build/rover_teleop/build/lib/rover_teleop
running install
running install_lib
creating /home/deimos/deimosExNihilo_ws/install/rover_teleop/lib/python3.12/site-packages/rover_teleop
copying /home/deimos/deimosExNihilo_ws/build/rover_teleop/build/lib/rover_teleop/armOps.py -> /home/deimos/deimosExNihilo_ws/install/rover_teleop/lib/python3.12/site-packages/rover_teleop
copying /home/deimos/deimosExNihilo_ws/build/rover_teleop/build/lib/rover_teleop/drivetrainOps.py -> /home/deimos/deimosExNihilo_ws/install/rover_teleop/lib/python3.12/site-packages/rover_teleop
copying /home/deimos/deimosExNihilo_ws/build/rover_teleop/build/lib/rover_teleop/__init__.py -> /home/deimos/deimosExNihilo_ws/install/rover_teleop/lib/python3.12/site-packages/rover_teleop
byte-compiling /home/deimos/deimosExNihilo_ws/install/rover_teleop/lib/python3.12/site-packages/rover_teleop/armOps.py to armOps.cpython-312.pyc
byte-compiling /home/deimos/deimosExNihilo_ws/install/rover_teleop/lib/python3.12/site-packages/rover_teleop/drivetrainOps.py to drivetrainOps.cpython-312.pyc
byte-compiling /home/deimos/deimosExNihilo_ws/install/rover_teleop/lib/python3.12/site-packages/rover_teleop/__init__.py to __init__.cpython-312.pyc
running install_data
creating /home/deimos/deimosExNihilo_ws/install/rover_teleop/share/ament_index
creating /home/deimos/deimosExNihilo_ws/install/rover_teleop/share/ament_index/resource_index
creating /home/deimos/deimosExNihilo_ws/install/rover_teleop/share/ament_index/resource_index/packages
copying resource/rover_teleop -> /home/deimos/deimosExNihilo_ws/install/rover_teleop/share/ament_index/resource_index/packages
copying package.xml -> /home/deimos/deimosExNihilo_ws/install/rover_teleop/share/rover_teleop
creating /home/deimos/deimosExNihilo_ws/install/rover_teleop/share/rover_teleop/launch
copying launch/driveWithArm.launch.py -> /home/deimos/deimosExNihilo_ws/install/rover_teleop/share/rover_teleop/launch
creating /home/deimos/deimosExNihilo_ws/install/rover_teleop/share/rover_teleop/config
copying config/defaultParams.yaml -> /home/deimos/deimosExNihilo_ws/install/rover_teleop/share/rover_teleop/config
running install_egg_info
Copying ../../build/rover_teleop/rover_teleop.egg-info to /home/deimos/deimosExNihilo_ws/install/rover_teleop/lib/python3.12/site-packages/rover_teleop-0.0.0-py3.12.egg-info
running install_scripts
Installing arm_teleop_joy script to /home/deimos/deimosExNihilo_ws/install/rover_teleop/lib/rover_teleop
Installing joy_to_twist script to /home/deimos/deimosExNihilo_ws/install/rover_teleop/lib/rover_teleop
writing list of installed files to '/home/deimos/deimosExNihilo_ws/build/rover_teleop/install.log'
