[1.102s] Invoking command in '/home/deimos/deimosExNihilo_ws/src/rover_teleop': DEBUGINFOD_URLS=https://debuginfod.ubuntu.com PYTHONPATH=/home/deimos/deimosExNihilo_ws/build/rover_teleop/prefix_override:/usr/lib/python3/dist-packages/colcon_core/task/python/colcon_distutils_commands:/home/deimos/deimosExNihilo_ws/install/rover_teleop/lib/python3.12/site-packages:${PYTHONPATH} /usr/bin/python3 -W ignore:setup.py install is deprecated -W ignore:easy_install command is deprecated setup.py egg_info --egg-base ../../build/rover_teleop build --build-base /home/deimos/deimosExNihilo_ws/build/rover_teleop/build install --record /home/deimos/deimosExNihilo_ws/build/rover_teleop/install.log --single-version-externally-managed install_data
[1.388s] running egg_info
[1.388s] creating ../../build/rover_teleop/rover_teleop.egg-info
[1.407s] writing ../../build/rover_teleop/rover_teleop.egg-info/PKG-INFO
[1.407s] writing dependency_links to ../../build/rover_teleop/rover_teleop.egg-info/dependency_links.txt
[1.407s] writing entry points to ../../build/rover_teleop/rover_teleop.egg-info/entry_points.txt
[1.408s] writing requirements to ../../build/rover_teleop/rover_teleop.egg-info/requires.txt
[1.408s] writing top-level names to ../../build/rover_teleop/rover_teleop.egg-info/top_level.txt
[1.408s] writing manifest file '../../build/rover_teleop/rover_teleop.egg-info/SOURCES.txt'
[1.447s] reading manifest file '../../build/rover_teleop/rover_teleop.egg-info/SOURCES.txt'
[1.447s] adding license file 'LICENSE'
[1.448s] writing manifest file '../../build/rover_teleop/rover_teleop.egg-info/SOURCES.txt'
[1.448s] running build
[1.448s] running build_py
[1.448s] creating /home/deimos/deimosExNihilo_ws/build/rover_teleop/build
[1.448s] creating /home/deimos/deimosExNihilo_ws/build/rover_teleop/build/lib
[1.448s] creating /home/deimos/deimosExNihilo_ws/build/rover_teleop/build/lib/rover_teleop
[1.448s] copying rover_teleop/armOps.py -> /home/deimos/deimosExNihilo_ws/build/rover_teleop/build/lib/rover_teleop
[1.448s] copying rover_teleop/drivetrainOps.py -> /home/deimos/deimosExNihilo_ws/build/rover_teleop/build/lib/rover_teleop
[1.448s] copying rover_teleop/__init__.py -> /home/deimos/deimosExNihilo_ws/build/rover_teleop/build/lib/rover_teleop
[1.448s] running install
[1.456s] running install_lib
[1.475s] creating /home/deimos/deimosExNihilo_ws/install/rover_teleop/lib/python3.12/site-packages/rover_teleop
[1.475s] copying /home/deimos/deimosExNihilo_ws/build/rover_teleop/build/lib/rover_teleop/armOps.py -> /home/deimos/deimosExNihilo_ws/install/rover_teleop/lib/python3.12/site-packages/rover_teleop
[1.475s] copying /home/deimos/deimosExNihilo_ws/build/rover_teleop/build/lib/rover_teleop/drivetrainOps.py -> /home/deimos/deimosExNihilo_ws/install/rover_teleop/lib/python3.12/site-packages/rover_teleop
[1.475s] copying /home/deimos/deimosExNihilo_ws/build/rover_teleop/build/lib/rover_teleop/__init__.py -> /home/deimos/deimosExNihilo_ws/install/rover_teleop/lib/python3.12/site-packages/rover_teleop
[1.476s] byte-compiling /home/deimos/deimosExNihilo_ws/install/rover_teleop/lib/python3.12/site-packages/rover_teleop/armOps.py to armOps.cpython-312.pyc
[1.478s] byte-compiling /home/deimos/deimosExNihilo_ws/install/rover_teleop/lib/python3.12/site-packages/rover_teleop/drivetrainOps.py to drivetrainOps.cpython-312.pyc
[1.478s] byte-compiling /home/deimos/deimosExNihilo_ws/install/rover_teleop/lib/python3.12/site-packages/rover_teleop/__init__.py to __init__.cpython-312.pyc
[1.479s] running install_data
[1.479s] creating /home/deimos/deimosExNihilo_ws/install/rover_teleop/share/ament_index
[1.479s] creating /home/deimos/deimosExNihilo_ws/install/rover_teleop/share/ament_index/resource_index
[1.479s] creating /home/deimos/deimosExNihilo_ws/install/rover_teleop/share/ament_index/resource_index/packages
[1.479s] copying resource/rover_teleop -> /home/deimos/deimosExNihilo_ws/install/rover_teleop/share/ament_index/resource_index/packages
[1.479s] copying package.xml -> /home/deimos/deimosExNihilo_ws/install/rover_teleop/share/rover_teleop
[1.479s] creating /home/deimos/deimosExNihilo_ws/install/rover_teleop/share/rover_teleop/launch
[1.479s] copying launch/driveWithArm.launch.py -> /home/deimos/deimosExNihilo_ws/install/rover_teleop/share/rover_teleop/launch
[1.480s] creating /home/deimos/deimosExNihilo_ws/install/rover_teleop/share/rover_teleop/config
[1.480s] copying config/defaultParams.yaml -> /home/deimos/deimosExNihilo_ws/install/rover_teleop/share/rover_teleop/config
[1.480s] running install_egg_info
[1.500s] Copying ../../build/rover_teleop/rover_teleop.egg-info to /home/deimos/deimosExNihilo_ws/install/rover_teleop/lib/python3.12/site-packages/rover_teleop-0.0.0-py3.12.egg-info
[1.501s] running install_scripts
[1.634s] Installing arm_teleop_joy script to /home/deimos/deimosExNihilo_ws/install/rover_teleop/lib/rover_teleop
[1.634s] Installing joy_to_twist script to /home/deimos/deimosExNihilo_ws/install/rover_teleop/lib/rover_teleop
[1.634s] writing list of installed files to '/home/deimos/deimosExNihilo_ws/build/rover_teleop/install.log'
[1.668s] Invoked command in '/home/deimos/deimosExNihilo_ws/src/rover_teleop' returned '0': DEBUGINFOD_URLS=https://debuginfod.ubuntu.com PYTHONPATH=/home/deimos/deimosExNihilo_ws/build/rover_teleop/prefix_override:/usr/lib/python3/dist-packages/colcon_core/task/python/colcon_distutils_commands:/home/deimos/deimosExNihilo_ws/install/rover_teleop/lib/python3.12/site-packages:${PYTHONPATH} /usr/bin/python3 -W ignore:setup.py install is deprecated -W ignore:easy_install command is deprecated setup.py egg_info --egg-base ../../build/rover_teleop build --build-base /home/deimos/deimosExNihilo_ws/build/rover_teleop/build install --record /home/deimos/deimosExNihilo_ws/build/rover_teleop/install.log --single-version-externally-managed install_data
