[0.117s] DEBUG:colcon:Command line arguments: ['/usr/bin/colcon', 'build']
[0.117s] DEBUG:colcon:Parsed command line arguments: Namespace(log_base=None, log_level=None, verb_name='build', build_base='build', install_base='install', merge_install=False, symlink_install=False, test_result_base=None, continue_on_error=False, executor='parallel', parallel_workers=12, event_handlers=None, ignore_user_meta=False, metas=['./colcon.meta'], base_paths=['.'], packages_ignore=None, packages_ignore_regex=None, paths=None, packages_up_to=None, packages_up_to_regex=None, packages_above=None, packages_above_and_dependencies=None, packages_above_depth=None, packages_select_by_dep=None, packages_skip_by_dep=None, packages_skip_up_to=None, packages_select_build_failed=False, packages_skip_build_finished=False, packages_select_test_failures=False, packages_skip_test_passed=False, packages_select=None, packages_skip=None, packages_select_regex=None, packages_skip_regex=None, packages_start=None, packages_end=None, allow_overriding=[], cmake_args=None, cmake_target=None, cmake_target_skip_unavailable=False, cmake_clean_cache=False, cmake_clean_first=False, cmake_force_configure=False, ament_cmake_args=None, catkin_cmake_args=None, catkin_skip_building_tests=False, mixin_files=None, mixin=None, verb_parser=<colcon_mixin.mixin.mixin_argument.MixinArgumentDecorator object at 0x77481e984500>, verb_extension=<colcon_core.verb.build.BuildVerb object at 0x77481e984230>, main=<bound method BuildVerb.main of <colcon_core.verb.build.BuildVerb object at 0x77481e984230>>, mixin_verb=('build',))
[0.161s] Level 1:colcon.colcon_core.package_discovery:discover_packages(colcon_meta) check parameters
[0.161s] Level 1:colcon.colcon_core.package_discovery:discover_packages(recursive) check parameters
[0.161s] Level 1:colcon.colcon_core.package_discovery:discover_packages(ignore) check parameters
[0.161s] Level 1:colcon.colcon_core.package_discovery:discover_packages(path) check parameters
[0.161s] Level 1:colcon.colcon_core.package_discovery:discover_packages(colcon_meta) discover
[0.161s] Level 1:colcon.colcon_core.package_discovery:discover_packages(recursive) discover
[0.161s] INFO:colcon.colcon_core.package_discovery:Crawling recursively for packages in '/home/deimos/deimosExNihilo_ws'
[0.162s] Level 1:colcon.colcon_core.package_identification:_identify(.) by extensions ['ignore', 'ignore_ament_install']
[0.162s] Level 1:colcon.colcon_core.package_identification:_identify(.) by extension 'ignore'
[0.162s] Level 1:colcon.colcon_core.package_identification:_identify(.) by extension 'ignore_ament_install'
[0.162s] Level 1:colcon.colcon_core.package_identification:_identify(.) by extensions ['colcon_pkg']
[0.162s] Level 1:colcon.colcon_core.package_identification:_identify(.) by extension 'colcon_pkg'
[0.162s] Level 1:colcon.colcon_core.package_identification:_identify(.) by extensions ['colcon_meta']
[0.162s] Level 1:colcon.colcon_core.package_identification:_identify(.) by extension 'colcon_meta'
[0.162s] Level 1:colcon.colcon_core.package_identification:_identify(.) by extensions ['ros']
[0.162s] Level 1:colcon.colcon_core.package_identification:_identify(.) by extension 'ros'
[0.192s] Level 1:colcon.colcon_core.package_identification:_identify(.) by extensions ['cmake', 'python']
[0.192s] Level 1:colcon.colcon_core.package_identification:_identify(.) by extension 'cmake'
[0.193s] Level 1:colcon.colcon_core.package_identification:_identify(.) by extension 'python'
[0.193s] Level 1:colcon.colcon_core.package_identification:_identify(.) by extensions ['python_setup_py']
[0.193s] Level 1:colcon.colcon_core.package_identification:_identify(.) by extension 'python_setup_py'
[0.193s] Level 1:colcon.colcon_core.package_identification:_identify(build) by extensions ['ignore', 'ignore_ament_install']
[0.193s] Level 1:colcon.colcon_core.package_identification:_identify(build) by extension 'ignore'
[0.193s] Level 1:colcon.colcon_core.package_identification:_identify(build) ignored
[0.193s] Level 1:colcon.colcon_core.package_identification:_identify(install) by extensions ['ignore', 'ignore_ament_install']
[0.193s] Level 1:colcon.colcon_core.package_identification:_identify(install) by extension 'ignore'
[0.193s] Level 1:colcon.colcon_core.package_identification:_identify(install) ignored
[0.193s] Level 1:colcon.colcon_core.package_identification:_identify(log) by extensions ['ignore', 'ignore_ament_install']
[0.193s] Level 1:colcon.colcon_core.package_identification:_identify(log) by extension 'ignore'
[0.193s] Level 1:colcon.colcon_core.package_identification:_identify(log) ignored
[0.194s] Level 1:colcon.colcon_core.package_identification:_identify(microControllerSrc) by extensions ['ignore', 'ignore_ament_install']
[0.194s] Level 1:colcon.colcon_core.package_identification:_identify(microControllerSrc) by extension 'ignore'
[0.194s] Level 1:colcon.colcon_core.package_identification:_identify(microControllerSrc) by extension 'ignore_ament_install'
[0.194s] Level 1:colcon.colcon_core.package_identification:_identify(microControllerSrc) by extensions ['colcon_pkg']
[0.194s] Level 1:colcon.colcon_core.package_identification:_identify(microControllerSrc) by extension 'colcon_pkg'
[0.194s] Level 1:colcon.colcon_core.package_identification:_identify(microControllerSrc) by extensions ['colcon_meta']
[0.194s] Level 1:colcon.colcon_core.package_identification:_identify(microControllerSrc) by extension 'colcon_meta'
[0.194s] Level 1:colcon.colcon_core.package_identification:_identify(microControllerSrc) by extensions ['ros']
[0.194s] Level 1:colcon.colcon_core.package_identification:_identify(microControllerSrc) by extension 'ros'
[0.194s] Level 1:colcon.colcon_core.package_identification:_identify(microControllerSrc) by extensions ['cmake', 'python']
[0.194s] Level 1:colcon.colcon_core.package_identification:_identify(microControllerSrc) by extension 'cmake'
[0.194s] Level 1:colcon.colcon_core.package_identification:_identify(microControllerSrc) by extension 'python'
[0.194s] Level 1:colcon.colcon_core.package_identification:_identify(microControllerSrc) by extensions ['python_setup_py']
[0.194s] Level 1:colcon.colcon_core.package_identification:_identify(microControllerSrc) by extension 'python_setup_py'
[0.194s] Level 1:colcon.colcon_core.package_identification:_identify(microControllerSrc/controlSketch) by extensions ['ignore', 'ignore_ament_install']
[0.194s] Level 1:colcon.colcon_core.package_identification:_identify(microControllerSrc/controlSketch) by extension 'ignore'
[0.194s] Level 1:colcon.colcon_core.package_identification:_identify(microControllerSrc/controlSketch) by extension 'ignore_ament_install'
[0.194s] Level 1:colcon.colcon_core.package_identification:_identify(microControllerSrc/controlSketch) by extensions ['colcon_pkg']
[0.194s] Level 1:colcon.colcon_core.package_identification:_identify(microControllerSrc/controlSketch) by extension 'colcon_pkg'
[0.194s] Level 1:colcon.colcon_core.package_identification:_identify(microControllerSrc/controlSketch) by extensions ['colcon_meta']
[0.194s] Level 1:colcon.colcon_core.package_identification:_identify(microControllerSrc/controlSketch) by extension 'colcon_meta'
[0.194s] Level 1:colcon.colcon_core.package_identification:_identify(microControllerSrc/controlSketch) by extensions ['ros']
[0.195s] Level 1:colcon.colcon_core.package_identification:_identify(microControllerSrc/controlSketch) by extension 'ros'
[0.195s] Level 1:colcon.colcon_core.package_identification:_identify(microControllerSrc/controlSketch) by extensions ['cmake', 'python']
[0.195s] Level 1:colcon.colcon_core.package_identification:_identify(microControllerSrc/controlSketch) by extension 'cmake'
[0.195s] Level 1:colcon.colcon_core.package_identification:_identify(microControllerSrc/controlSketch) by extension 'python'
[0.195s] Level 1:colcon.colcon_core.package_identification:_identify(microControllerSrc/controlSketch) by extensions ['python_setup_py']
[0.195s] Level 1:colcon.colcon_core.package_identification:_identify(microControllerSrc/controlSketch) by extension 'python_setup_py'
[0.195s] Level 1:colcon.colcon_core.package_identification:_identify(src) by extensions ['ignore', 'ignore_ament_install']
[0.195s] Level 1:colcon.colcon_core.package_identification:_identify(src) by extension 'ignore'
[0.195s] Level 1:colcon.colcon_core.package_identification:_identify(src) by extension 'ignore_ament_install'
[0.195s] Level 1:colcon.colcon_core.package_identification:_identify(src) by extensions ['colcon_pkg']
[0.195s] Level 1:colcon.colcon_core.package_identification:_identify(src) by extension 'colcon_pkg'
[0.195s] Level 1:colcon.colcon_core.package_identification:_identify(src) by extensions ['colcon_meta']
[0.195s] Level 1:colcon.colcon_core.package_identification:_identify(src) by extension 'colcon_meta'
[0.195s] Level 1:colcon.colcon_core.package_identification:_identify(src) by extensions ['ros']
[0.195s] Level 1:colcon.colcon_core.package_identification:_identify(src) by extension 'ros'
[0.195s] Level 1:colcon.colcon_core.package_identification:_identify(src) by extensions ['cmake', 'python']
[0.195s] Level 1:colcon.colcon_core.package_identification:_identify(src) by extension 'cmake'
[0.195s] Level 1:colcon.colcon_core.package_identification:_identify(src) by extension 'python'
[0.195s] Level 1:colcon.colcon_core.package_identification:_identify(src) by extensions ['python_setup_py']
[0.195s] Level 1:colcon.colcon_core.package_identification:_identify(src) by extension 'python_setup_py'
[0.195s] Level 1:colcon.colcon_core.package_identification:_identify(src/micro_ros_setup) by extensions ['ignore', 'ignore_ament_install']
[0.195s] Level 1:colcon.colcon_core.package_identification:_identify(src/micro_ros_setup) by extension 'ignore'
[0.196s] Level 1:colcon.colcon_core.package_identification:_identify(src/micro_ros_setup) by extension 'ignore_ament_install'
[0.196s] Level 1:colcon.colcon_core.package_identification:_identify(src/micro_ros_setup) by extensions ['colcon_pkg']
[0.196s] Level 1:colcon.colcon_core.package_identification:_identify(src/micro_ros_setup) by extension 'colcon_pkg'
[0.196s] Level 1:colcon.colcon_core.package_identification:_identify(src/micro_ros_setup) by extensions ['colcon_meta']
[0.196s] Level 1:colcon.colcon_core.package_identification:_identify(src/micro_ros_setup) by extension 'colcon_meta'
[0.196s] Level 1:colcon.colcon_core.package_identification:_identify(src/micro_ros_setup) by extensions ['ros']
[0.196s] Level 1:colcon.colcon_core.package_identification:_identify(src/micro_ros_setup) by extension 'ros'
[0.199s] DEBUG:colcon.colcon_core.package_identification:Package 'src/micro_ros_setup' with type 'ros.ament_cmake' and name 'micro_ros_setup'
[0.199s] Level 1:colcon.colcon_core.package_identification:_identify(src/rover_teleop) by extensions ['ignore', 'ignore_ament_install']
[0.199s] Level 1:colcon.colcon_core.package_identification:_identify(src/rover_teleop) by extension 'ignore'
[0.199s] Level 1:colcon.colcon_core.package_identification:_identify(src/rover_teleop) by extension 'ignore_ament_install'
[0.199s] Level 1:colcon.colcon_core.package_identification:_identify(src/rover_teleop) by extensions ['colcon_pkg']
[0.199s] Level 1:colcon.colcon_core.package_identification:_identify(src/rover_teleop) by extension 'colcon_pkg'
[0.199s] Level 1:colcon.colcon_core.package_identification:_identify(src/rover_teleop) by extensions ['colcon_meta']
[0.199s] Level 1:colcon.colcon_core.package_identification:_identify(src/rover_teleop) by extension 'colcon_meta'
[0.199s] Level 1:colcon.colcon_core.package_identification:_identify(src/rover_teleop) by extensions ['ros']
[0.199s] Level 1:colcon.colcon_core.package_identification:_identify(src/rover_teleop) by extension 'ros'
[0.200s] DEBUG:colcon.colcon_core.package_identification:Package 'src/rover_teleop' with type 'ros.ament_python' and name 'rover_teleop'
[0.200s] Level 1:colcon.colcon_core.package_identification:_identify(startupScripts) by extensions ['ignore', 'ignore_ament_install']
[0.200s] Level 1:colcon.colcon_core.package_identification:_identify(startupScripts) by extension 'ignore'
[0.200s] Level 1:colcon.colcon_core.package_identification:_identify(startupScripts) by extension 'ignore_ament_install'
[0.201s] Level 1:colcon.colcon_core.package_identification:_identify(startupScripts) by extensions ['colcon_pkg']
[0.201s] Level 1:colcon.colcon_core.package_identification:_identify(startupScripts) by extension 'colcon_pkg'
[0.201s] Level 1:colcon.colcon_core.package_identification:_identify(startupScripts) by extensions ['colcon_meta']
[0.201s] Level 1:colcon.colcon_core.package_identification:_identify(startupScripts) by extension 'colcon_meta'
[0.201s] Level 1:colcon.colcon_core.package_identification:_identify(startupScripts) by extensions ['ros']
[0.201s] Level 1:colcon.colcon_core.package_identification:_identify(startupScripts) by extension 'ros'
[0.201s] Level 1:colcon.colcon_core.package_identification:_identify(startupScripts) by extensions ['cmake', 'python']
[0.201s] Level 1:colcon.colcon_core.package_identification:_identify(startupScripts) by extension 'cmake'
[0.201s] Level 1:colcon.colcon_core.package_identification:_identify(startupScripts) by extension 'python'
[0.201s] Level 1:colcon.colcon_core.package_identification:_identify(startupScripts) by extensions ['python_setup_py']
[0.201s] Level 1:colcon.colcon_core.package_identification:_identify(startupScripts) by extension 'python_setup_py'
[0.201s] Level 1:colcon.colcon_core.package_discovery:discover_packages(recursive) using defaults
[0.201s] Level 1:colcon.colcon_core.package_discovery:discover_packages(ignore) discover
[0.201s] Level 1:colcon.colcon_core.package_discovery:discover_packages(ignore) using defaults
[0.201s] Level 1:colcon.colcon_core.package_discovery:discover_packages(path) discover
[0.201s] Level 1:colcon.colcon_core.package_discovery:discover_packages(path) using defaults
[0.222s] Level 1:colcon.colcon_core.package_discovery:discover_packages(prefix_path) check parameters
[0.222s] Level 1:colcon.colcon_core.package_discovery:discover_packages(prefix_path) discover
[0.223s] WARNING:colcon.colcon_core.prefix_path.colcon:The path '/home/deimos/uros_ws/install' in the environment variable COLCON_PREFIX_PATH doesn't exist
[0.223s] WARNING:colcon.colcon_core.prefix_path.colcon:The path '/home/deimos/microros_teensy_ws/install' in the environment variable COLCON_PREFIX_PATH doesn't exist
[0.223s] WARNING:colcon.colcon_ros.prefix_path.ament:The path '/home/deimos/uros_ws/install/micro_ros_agent' in the environment variable AMENT_PREFIX_PATH doesn't exist
[0.223s] WARNING:colcon.colcon_ros.prefix_path.ament:The path '/home/deimos/uros_ws/install/micro_ros_msgs' in the environment variable AMENT_PREFIX_PATH doesn't exist
[0.223s] WARNING:colcon.colcon_ros.prefix_path.ament:The path '/home/deimos/microros_teensy_ws/install/micro_ros_setup' in the environment variable AMENT_PREFIX_PATH doesn't exist
[0.223s] WARNING:colcon.colcon_ros.prefix_path.catkin:The path '/home/deimos/uros_ws/install/micro_ros_agent' in the environment variable CMAKE_PREFIX_PATH doesn't exist
[0.223s] WARNING:colcon.colcon_ros.prefix_path.catkin:The path '/home/deimos/uros_ws/install/micro_ros_msgs' in the environment variable CMAKE_PREFIX_PATH doesn't exist
[0.223s] WARNING:colcon.colcon_ros.prefix_path.catkin:The path '/home/deimos/microros_teensy_ws/install/micro_ros_setup' in the environment variable CMAKE_PREFIX_PATH doesn't exist
[0.226s] DEBUG:colcon.colcon_installed_package_information.package_discovery:Found 299 installed packages in /opt/ros/jazzy
[0.227s] Level 1:colcon.colcon_core.package_discovery:discover_packages(prefix_path) using defaults
[0.270s] Level 5:colcon.colcon_core.verb:set package 'micro_ros_setup' build argument 'cmake_args' from command line to 'None'
[0.270s] Level 5:colcon.colcon_core.verb:set package 'micro_ros_setup' build argument 'cmake_target' from command line to 'None'
[0.270s] Level 5:colcon.colcon_core.verb:set package 'micro_ros_setup' build argument 'cmake_target_skip_unavailable' from command line to 'False'
[0.270s] Level 5:colcon.colcon_core.verb:set package 'micro_ros_setup' build argument 'cmake_clean_cache' from command line to 'False'
[0.270s] Level 5:colcon.colcon_core.verb:set package 'micro_ros_setup' build argument 'cmake_clean_first' from command line to 'False'
[0.270s] Level 5:colcon.colcon_core.verb:set package 'micro_ros_setup' build argument 'cmake_force_configure' from command line to 'False'
[0.270s] Level 5:colcon.colcon_core.verb:set package 'micro_ros_setup' build argument 'ament_cmake_args' from command line to 'None'
[0.270s] Level 5:colcon.colcon_core.verb:set package 'micro_ros_setup' build argument 'catkin_cmake_args' from command line to 'None'
[0.270s] Level 5:colcon.colcon_core.verb:set package 'micro_ros_setup' build argument 'catkin_skip_building_tests' from command line to 'False'
[0.270s] DEBUG:colcon.colcon_core.verb:Building package 'micro_ros_setup' with the following arguments: {'ament_cmake_args': None, 'build_base': '/home/deimos/deimosExNihilo_ws/build/micro_ros_setup', 'catkin_cmake_args': None, 'catkin_skip_building_tests': False, 'cmake_args': None, 'cmake_clean_cache': False, 'cmake_clean_first': False, 'cmake_force_configure': False, 'cmake_target': None, 'cmake_target_skip_unavailable': False, 'install_base': '/home/deimos/deimosExNihilo_ws/install/micro_ros_setup', 'merge_install': False, 'path': '/home/deimos/deimosExNihilo_ws/src/micro_ros_setup', 'symlink_install': False, 'test_result_base': None}
[0.271s] Level 5:colcon.colcon_core.verb:set package 'rover_teleop' build argument 'cmake_args' from command line to 'None'
[0.271s] Level 5:colcon.colcon_core.verb:set package 'rover_teleop' build argument 'cmake_target' from command line to 'None'
[0.271s] Level 5:colcon.colcon_core.verb:set package 'rover_teleop' build argument 'cmake_target_skip_unavailable' from command line to 'False'
[0.271s] Level 5:colcon.colcon_core.verb:set package 'rover_teleop' build argument 'cmake_clean_cache' from command line to 'False'
[0.271s] Level 5:colcon.colcon_core.verb:set package 'rover_teleop' build argument 'cmake_clean_first' from command line to 'False'
[0.271s] Level 5:colcon.colcon_core.verb:set package 'rover_teleop' build argument 'cmake_force_configure' from command line to 'False'
[0.271s] Level 5:colcon.colcon_core.verb:set package 'rover_teleop' build argument 'ament_cmake_args' from command line to 'None'
[0.271s] Level 5:colcon.colcon_core.verb:set package 'rover_teleop' build argument 'catkin_cmake_args' from command line to 'None'
[0.271s] Level 5:colcon.colcon_core.verb:set package 'rover_teleop' build argument 'catkin_skip_building_tests' from command line to 'False'
[0.271s] DEBUG:colcon.colcon_core.verb:Building package 'rover_teleop' with the following arguments: {'ament_cmake_args': None, 'build_base': '/home/deimos/deimosExNihilo_ws/build/rover_teleop', 'catkin_cmake_args': None, 'catkin_skip_building_tests': False, 'cmake_args': None, 'cmake_clean_cache': False, 'cmake_clean_first': False, 'cmake_force_configure': False, 'cmake_target': None, 'cmake_target_skip_unavailable': False, 'install_base': '/home/deimos/deimosExNihilo_ws/install/rover_teleop', 'merge_install': False, 'path': '/home/deimos/deimosExNihilo_ws/src/rover_teleop', 'symlink_install': False, 'test_result_base': None}
[0.271s] INFO:colcon.colcon_core.executor:Executing jobs using 'parallel' executor
[0.272s] DEBUG:colcon.colcon_parallel_executor.executor.parallel:run_until_complete
[0.272s] INFO:colcon.colcon_ros.task.ament_cmake.build:Building ROS package in '/home/deimos/deimosExNihilo_ws/src/micro_ros_setup' with build type 'ament_cmake'
[0.272s] INFO:colcon.colcon_cmake.task.cmake.build:Building CMake package in '/home/deimos/deimosExNihilo_ws/src/micro_ros_setup'
[0.274s] INFO:colcon.colcon_core.plugin_system:Skipping extension 'colcon_core.shell.bat': Not used on non-Windows systems
[0.275s] INFO:colcon.colcon_core.shell:Skip shell extension 'powershell' for command environment: Not usable outside of PowerShell
[0.275s] DEBUG:colcon.colcon_core.shell:Skip shell extension 'dsv' for command environment
[0.278s] INFO:colcon.colcon_ros.task.ament_python.build:Building ROS package in '/home/deimos/deimosExNihilo_ws/src/rover_teleop' with build type 'ament_python'
[0.278s] Level 1:colcon.colcon_core.shell:create_environment_hook('rover_teleop', 'ament_prefix_path')
[0.278s] INFO:colcon.colcon_core.shell:Creating environment hook '/home/deimos/deimosExNihilo_ws/install/rover_teleop/share/rover_teleop/hook/ament_prefix_path.ps1'
[0.279s] INFO:colcon.colcon_core.shell:Creating environment descriptor '/home/deimos/deimosExNihilo_ws/install/rover_teleop/share/rover_teleop/hook/ament_prefix_path.dsv'
[0.279s] INFO:colcon.colcon_core.shell:Creating environment hook '/home/deimos/deimosExNihilo_ws/install/rover_teleop/share/rover_teleop/hook/ament_prefix_path.sh'
[0.280s] INFO:colcon.colcon_core.shell:Skip shell extension 'powershell' for command environment: Not usable outside of PowerShell
[0.280s] DEBUG:colcon.colcon_core.shell:Skip shell extension 'dsv' for command environment
[0.287s] DEBUG:colcon.colcon_core.event_handler.log_command:Invoking command in '/home/deimos/deimosExNihilo_ws/build/micro_ros_setup': CMAKE_PREFIX_PATH=${CMAKE_PREFIX_PATH}:/opt/ros/jazzy DEBUGINFOD_URLS=https://debuginfod.ubuntu.com /usr/bin/cmake --build /home/deimos/deimosExNihilo_ws/build/micro_ros_setup -- -j12 -l12
[0.533s] INFO:colcon.colcon_core.task.python.build:Building Python package in '/home/deimos/deimosExNihilo_ws/src/rover_teleop'
[0.534s] INFO:colcon.colcon_core.shell:Skip shell extension 'powershell' for command environment: Not usable outside of PowerShell
[0.534s] DEBUG:colcon.colcon_core.shell:Skip shell extension 'dsv' for command environment
[0.538s] DEBUG:colcon.colcon_core.event_handler.log_command:Invoked command in '/home/deimos/deimosExNihilo_ws/build/micro_ros_setup' returned '0': CMAKE_PREFIX_PATH=${CMAKE_PREFIX_PATH}:/opt/ros/jazzy DEBUGINFOD_URLS=https://debuginfod.ubuntu.com /usr/bin/cmake --build /home/deimos/deimosExNihilo_ws/build/micro_ros_setup -- -j12 -l12
[0.551s] DEBUG:colcon.colcon_core.event_handler.log_command:Invoking command in '/home/deimos/deimosExNihilo_ws/build/micro_ros_setup': CMAKE_PREFIX_PATH=${CMAKE_PREFIX_PATH}:/opt/ros/jazzy DEBUGINFOD_URLS=https://debuginfod.ubuntu.com /usr/bin/cmake --install /home/deimos/deimosExNihilo_ws/build/micro_ros_setup
[0.570s] Level 1:colcon.colcon_core.environment:create_environment_scripts_only(micro_ros_setup)
[0.582s] Level 1:colcon.colcon_core.environment:checking '/home/deimos/deimosExNihilo_ws/install/micro_ros_setup' for CMake module files
[0.584s] Level 1:colcon.colcon_core.environment:checking '/home/deimos/deimosExNihilo_ws/install/micro_ros_setup' for CMake config files
[0.586s] Level 1:colcon.colcon_core.shell:create_environment_hook('micro_ros_setup', 'cmake_prefix_path')
[0.586s] INFO:colcon.colcon_core.shell:Creating environment hook '/home/deimos/deimosExNihilo_ws/install/micro_ros_setup/share/micro_ros_setup/hook/cmake_prefix_path.ps1'
[0.588s] INFO:colcon.colcon_core.shell:Creating environment descriptor '/home/deimos/deimosExNihilo_ws/install/micro_ros_setup/share/micro_ros_setup/hook/cmake_prefix_path.dsv'
[0.590s] INFO:colcon.colcon_core.shell:Creating environment hook '/home/deimos/deimosExNihilo_ws/install/micro_ros_setup/share/micro_ros_setup/hook/cmake_prefix_path.sh'
[0.591s] Level 1:colcon.colcon_core.environment:checking '/home/deimos/deimosExNihilo_ws/install/micro_ros_setup/lib'
[0.592s] Level 1:colcon.colcon_core.environment:checking '/home/deimos/deimosExNihilo_ws/install/micro_ros_setup/bin'
[0.592s] Level 1:colcon.colcon_core.environment:checking '/home/deimos/deimosExNihilo_ws/install/micro_ros_setup/lib/pkgconfig/micro_ros_setup.pc'
[0.592s] Level 1:colcon.colcon_core.environment:checking '/home/deimos/deimosExNihilo_ws/install/micro_ros_setup/lib/python3.12/site-packages'
[0.593s] Level 1:colcon.colcon_core.environment:checking '/home/deimos/deimosExNihilo_ws/install/micro_ros_setup/bin'
[0.593s] INFO:colcon.colcon_core.shell:Creating package script '/home/deimos/deimosExNihilo_ws/install/micro_ros_setup/share/micro_ros_setup/package.ps1'
[0.595s] INFO:colcon.colcon_core.shell:Creating package descriptor '/home/deimos/deimosExNihilo_ws/install/micro_ros_setup/share/micro_ros_setup/package.dsv'
[0.596s] DEBUG:colcon.colcon_core.event_handler.log_command:Invoked command in '/home/deimos/deimosExNihilo_ws/build/micro_ros_setup' returned '0': CMAKE_PREFIX_PATH=${CMAKE_PREFIX_PATH}:/opt/ros/jazzy DEBUGINFOD_URLS=https://debuginfod.ubuntu.com /usr/bin/cmake --install /home/deimos/deimosExNihilo_ws/build/micro_ros_setup
[0.597s] INFO:colcon.colcon_core.shell:Creating package script '/home/deimos/deimosExNihilo_ws/install/micro_ros_setup/share/micro_ros_setup/package.sh'
[0.598s] INFO:colcon.colcon_core.shell:Creating package script '/home/deimos/deimosExNihilo_ws/install/micro_ros_setup/share/micro_ros_setup/package.bash'
[0.599s] INFO:colcon.colcon_core.shell:Creating package script '/home/deimos/deimosExNihilo_ws/install/micro_ros_setup/share/micro_ros_setup/package.zsh'
[0.600s] Level 1:colcon.colcon_core.environment:create_file_with_runtime_dependencies(/home/deimos/deimosExNihilo_ws/install/micro_ros_setup/share/colcon-core/packages/micro_ros_setup)
[0.600s] Level 1:colcon.colcon_core.environment:create_environment_scripts_only(micro_ros_setup)
[0.600s] Level 1:colcon.colcon_core.environment:checking '/home/deimos/deimosExNihilo_ws/install/micro_ros_setup' for CMake module files
[0.601s] Level 1:colcon.colcon_core.environment:checking '/home/deimos/deimosExNihilo_ws/install/micro_ros_setup' for CMake config files
[0.601s] Level 1:colcon.colcon_core.shell:create_environment_hook('micro_ros_setup', 'cmake_prefix_path')
[0.601s] INFO:colcon.colcon_core.shell:Creating environment hook '/home/deimos/deimosExNihilo_ws/install/micro_ros_setup/share/micro_ros_setup/hook/cmake_prefix_path.ps1'
[0.602s] INFO:colcon.colcon_core.shell:Creating environment descriptor '/home/deimos/deimosExNihilo_ws/install/micro_ros_setup/share/micro_ros_setup/hook/cmake_prefix_path.dsv'
[0.602s] INFO:colcon.colcon_core.shell:Creating environment hook '/home/deimos/deimosExNihilo_ws/install/micro_ros_setup/share/micro_ros_setup/hook/cmake_prefix_path.sh'
[0.602s] Level 1:colcon.colcon_core.environment:checking '/home/deimos/deimosExNihilo_ws/install/micro_ros_setup/lib'
[0.603s] Level 1:colcon.colcon_core.environment:checking '/home/deimos/deimosExNihilo_ws/install/micro_ros_setup/bin'
[0.603s] Level 1:colcon.colcon_core.environment:checking '/home/deimos/deimosExNihilo_ws/install/micro_ros_setup/lib/pkgconfig/micro_ros_setup.pc'
[0.603s] Level 1:colcon.colcon_core.environment:checking '/home/deimos/deimosExNihilo_ws/install/micro_ros_setup/lib/python3.12/site-packages'
[0.603s] Level 1:colcon.colcon_core.environment:checking '/home/deimos/deimosExNihilo_ws/install/micro_ros_setup/bin'
[0.603s] INFO:colcon.colcon_core.shell:Creating package script '/home/deimos/deimosExNihilo_ws/install/micro_ros_setup/share/micro_ros_setup/package.ps1'
[0.604s] INFO:colcon.colcon_core.shell:Creating package descriptor '/home/deimos/deimosExNihilo_ws/install/micro_ros_setup/share/micro_ros_setup/package.dsv'
[0.604s] INFO:colcon.colcon_core.shell:Creating package script '/home/deimos/deimosExNihilo_ws/install/micro_ros_setup/share/micro_ros_setup/package.sh'
[0.605s] INFO:colcon.colcon_core.shell:Creating package script '/home/deimos/deimosExNihilo_ws/install/micro_ros_setup/share/micro_ros_setup/package.bash'
[0.605s] INFO:colcon.colcon_core.shell:Creating package script '/home/deimos/deimosExNihilo_ws/install/micro_ros_setup/share/micro_ros_setup/package.zsh'
[0.606s] Level 1:colcon.colcon_core.environment:create_file_with_runtime_dependencies(/home/deimos/deimosExNihilo_ws/install/micro_ros_setup/share/colcon-core/packages/micro_ros_setup)
[1.380s] DEBUG:colcon.colcon_core.event_handler.log_command:Invoking command in '/home/deimos/deimosExNihilo_ws/src/rover_teleop': DEBUGINFOD_URLS=https://debuginfod.ubuntu.com PYTHONPATH=/home/deimos/deimosExNihilo_ws/build/rover_teleop/prefix_override:/usr/lib/python3/dist-packages/colcon_core/task/python/colcon_distutils_commands:/home/deimos/deimosExNihilo_ws/install/rover_teleop/lib/python3.12/site-packages:${PYTHONPATH} /usr/bin/python3 -W ignore:setup.py install is deprecated -W ignore:easy_install command is deprecated setup.py egg_info --egg-base ../../build/rover_teleop build --build-base /home/deimos/deimosExNihilo_ws/build/rover_teleop/build install --record /home/deimos/deimosExNihilo_ws/build/rover_teleop/install.log --single-version-externally-managed install_data
[1.945s] Level 1:colcon.colcon_core.environment:checking '/home/deimos/deimosExNihilo_ws/install/rover_teleop' for CMake module files
[1.946s] DEBUG:colcon.colcon_core.event_handler.log_command:Invoked command in '/home/deimos/deimosExNihilo_ws/src/rover_teleop' returned '0': DEBUGINFOD_URLS=https://debuginfod.ubuntu.com PYTHONPATH=/home/deimos/deimosExNihilo_ws/build/rover_teleop/prefix_override:/usr/lib/python3/dist-packages/colcon_core/task/python/colcon_distutils_commands:/home/deimos/deimosExNihilo_ws/install/rover_teleop/lib/python3.12/site-packages:${PYTHONPATH} /usr/bin/python3 -W ignore:setup.py install is deprecated -W ignore:easy_install command is deprecated setup.py egg_info --egg-base ../../build/rover_teleop build --build-base /home/deimos/deimosExNihilo_ws/build/rover_teleop/build install --record /home/deimos/deimosExNihilo_ws/build/rover_teleop/install.log --single-version-externally-managed install_data
[1.947s] Level 1:colcon.colcon_core.environment:checking '/home/deimos/deimosExNihilo_ws/install/rover_teleop' for CMake config files
[1.947s] Level 1:colcon.colcon_core.environment:checking '/home/deimos/deimosExNihilo_ws/install/rover_teleop/lib'
[1.947s] Level 1:colcon.colcon_core.environment:checking '/home/deimos/deimosExNihilo_ws/install/rover_teleop/bin'
[1.947s] Level 1:colcon.colcon_core.environment:checking '/home/deimos/deimosExNihilo_ws/install/rover_teleop/lib/pkgconfig/rover_teleop.pc'
[1.948s] Level 1:colcon.colcon_core.environment:checking '/home/deimos/deimosExNihilo_ws/install/rover_teleop/lib/python3.12/site-packages'
[1.948s] Level 1:colcon.colcon_core.shell:create_environment_hook('rover_teleop', 'pythonpath')
[1.948s] INFO:colcon.colcon_core.shell:Creating environment hook '/home/deimos/deimosExNihilo_ws/install/rover_teleop/share/rover_teleop/hook/pythonpath.ps1'
[1.948s] INFO:colcon.colcon_core.shell:Creating environment descriptor '/home/deimos/deimosExNihilo_ws/install/rover_teleop/share/rover_teleop/hook/pythonpath.dsv'
[1.949s] INFO:colcon.colcon_core.shell:Creating environment hook '/home/deimos/deimosExNihilo_ws/install/rover_teleop/share/rover_teleop/hook/pythonpath.sh'
[1.949s] Level 1:colcon.colcon_core.environment:checking '/home/deimos/deimosExNihilo_ws/install/rover_teleop/bin'
[1.949s] Level 1:colcon.colcon_core.environment:create_environment_scripts_only(rover_teleop)
[1.950s] INFO:colcon.colcon_core.shell:Creating package script '/home/deimos/deimosExNihilo_ws/install/rover_teleop/share/rover_teleop/package.ps1'
[1.950s] INFO:colcon.colcon_core.shell:Creating package descriptor '/home/deimos/deimosExNihilo_ws/install/rover_teleop/share/rover_teleop/package.dsv'
[1.951s] INFO:colcon.colcon_core.shell:Creating package script '/home/deimos/deimosExNihilo_ws/install/rover_teleop/share/rover_teleop/package.sh'
[1.951s] INFO:colcon.colcon_core.shell:Creating package script '/home/deimos/deimosExNihilo_ws/install/rover_teleop/share/rover_teleop/package.bash'
[1.951s] INFO:colcon.colcon_core.shell:Creating package script '/home/deimos/deimosExNihilo_ws/install/rover_teleop/share/rover_teleop/package.zsh'
[1.951s] Level 1:colcon.colcon_core.environment:create_file_with_runtime_dependencies(/home/deimos/deimosExNihilo_ws/install/rover_teleop/share/colcon-core/packages/rover_teleop)
[1.952s] DEBUG:colcon.colcon_parallel_executor.executor.parallel:closing loop
[1.952s] DEBUG:colcon.colcon_parallel_executor.executor.parallel:loop closed
[1.952s] DEBUG:colcon.colcon_parallel_executor.executor.parallel:run_until_complete finished with '0'
[1.952s] DEBUG:colcon.colcon_core.event_reactor:joining thread
[1.959s] INFO:colcon.colcon_core.plugin_system:Skipping extension 'colcon_notification.desktop_notification.terminal_notifier': Not used on non-Darwin systems
[1.959s] INFO:colcon.colcon_core.plugin_system:Skipping extension 'colcon_notification.desktop_notification.win32': Not used on non-Windows systems
[1.959s] INFO:colcon.colcon_notification.desktop_notification:Sending desktop notification using 'notify2'
[1.976s] DEBUG:colcon.colcon_core.event_reactor:joined thread
[1.977s] INFO:colcon.colcon_core.shell:Creating prefix script '/home/deimos/deimosExNihilo_ws/install/local_setup.ps1'
[1.978s] INFO:colcon.colcon_core.shell:Creating prefix util module '/home/deimos/deimosExNihilo_ws/install/_local_setup_util_ps1.py'
[1.979s] INFO:colcon.colcon_core.shell:Creating prefix chain script '/home/deimos/deimosExNihilo_ws/install/setup.ps1'
[1.980s] INFO:colcon.colcon_core.shell:Creating prefix script '/home/deimos/deimosExNihilo_ws/install/local_setup.sh'
[1.980s] INFO:colcon.colcon_core.shell:Creating prefix util module '/home/deimos/deimosExNihilo_ws/install/_local_setup_util_sh.py'
[1.981s] INFO:colcon.colcon_core.shell:Creating prefix chain script '/home/deimos/deimosExNihilo_ws/install/setup.sh'
[1.981s] INFO:colcon.colcon_core.shell:Creating prefix script '/home/deimos/deimosExNihilo_ws/install/local_setup.bash'
[1.982s] INFO:colcon.colcon_core.shell:Creating prefix chain script '/home/deimos/deimosExNihilo_ws/install/setup.bash'
[1.983s] INFO:colcon.colcon_core.shell:Creating prefix script '/home/deimos/deimosExNihilo_ws/install/local_setup.zsh'
[1.983s] INFO:colcon.colcon_core.shell:Creating prefix chain script '/home/deimos/deimosExNihilo_ws/install/setup.zsh'
