[0.119s] DEBUG:colcon:Command line arguments: ['/usr/bin/colcon', 'build', '--packages-up-to', 'micro_ros_agent', '--cmake-args', '-DUAGENT_BUILD_EXECUTABLE=OFF', '-DUAGENT_P2P_PROFILE=OFF', '--no-warn-unused-cli']
[0.119s] DEBUG:colcon:Parsed command line arguments: Namespace(log_base=None, log_level=None, verb_name='build', build_base='build', install_base='install', merge_install=False, symlink_install=False, test_result_base=None, continue_on_error=False, executor='parallel', parallel_workers=12, event_handlers=None, ignore_user_meta=False, metas=['./colcon.meta'], base_paths=['.'], packages_ignore=None, packages_ignore_regex=None, paths=None, packages_up_to=['micro_ros_agent'], packages_up_to_regex=None, packages_above=None, packages_above_and_dependencies=None, packages_above_depth=None, packages_select_by_dep=None, packages_skip_by_dep=None, packages_skip_up_to=None, packages_select_build_failed=False, packages_skip_build_finished=False, packages_select_test_failures=False, packages_skip_test_passed=False, packages_select=None, packages_skip=None, packages_select_regex=None, packages_skip_regex=None, packages_start=None, packages_end=None, allow_overriding=[], cmake_args=['-DUAGENT_BUILD_EXECUTABLE=OFF', '-DUAGENT_P2P_PROFILE=OFF', '--no-warn-unused-cli'], cmake_target=None, cmake_target_skip_unavailable=False, cmake_clean_cache=False, cmake_clean_first=False, cmake_force_configure=False, ament_cmake_args=None, catkin_cmake_args=None, catkin_skip_building_tests=False, mixin_files=None, mixin=None, verb_parser=<colcon_mixin.mixin.mixin_argument.MixinArgumentDecorator object at 0x73d15e67c4a0>, verb_extension=<colcon_core.verb.build.BuildVerb object at 0x73d15e67c230>, main=<bound method BuildVerb.main of <colcon_core.verb.build.BuildVerb object at 0x73d15e67c230>>, mixin_verb=('build',))
[0.164s] Level 1:colcon.colcon_core.package_discovery:discover_packages(colcon_meta) check parameters
[0.164s] Level 1:colcon.colcon_core.package_discovery:discover_packages(recursive) check parameters
[0.164s] Level 1:colcon.colcon_core.package_discovery:discover_packages(ignore) check parameters
[0.164s] Level 1:colcon.colcon_core.package_discovery:discover_packages(path) check parameters
[0.164s] Level 1:colcon.colcon_core.package_discovery:discover_packages(colcon_meta) discover
[0.164s] Level 1:colcon.colcon_core.package_discovery:discover_packages(recursive) discover
[0.164s] INFO:colcon.colcon_core.package_discovery:Crawling recursively for packages in '/home/deimos/deimosExNihilo_ws'
[0.164s] Level 1:colcon.colcon_core.package_identification:_identify(.) by extensions ['ignore', 'ignore_ament_install']
[0.164s] Level 1:colcon.colcon_core.package_identification:_identify(.) by extension 'ignore'
[0.164s] Level 1:colcon.colcon_core.package_identification:_identify(.) by extension 'ignore_ament_install'
[0.165s] Level 1:colcon.colcon_core.package_identification:_identify(.) by extensions ['colcon_pkg']
[0.165s] Level 1:colcon.colcon_core.package_identification:_identify(.) by extension 'colcon_pkg'
[0.165s] Level 1:colcon.colcon_core.package_identification:_identify(.) by extensions ['colcon_meta']
[0.165s] Level 1:colcon.colcon_core.package_identification:_identify(.) by extension 'colcon_meta'
[0.165s] Level 1:colcon.colcon_core.package_identification:_identify(.) by extensions ['ros']
[0.165s] Level 1:colcon.colcon_core.package_identification:_identify(.) by extension 'ros'
[0.196s] Level 1:colcon.colcon_core.package_identification:_identify(.) by extensions ['cmake', 'python']
[0.196s] Level 1:colcon.colcon_core.package_identification:_identify(.) by extension 'cmake'
[0.196s] Level 1:colcon.colcon_core.package_identification:_identify(.) by extension 'python'
[0.196s] Level 1:colcon.colcon_core.package_identification:_identify(.) by extensions ['python_setup_py']
[0.196s] Level 1:colcon.colcon_core.package_identification:_identify(.) by extension 'python_setup_py'
[0.196s] Level 1:colcon.colcon_core.package_identification:_identify(build) by extensions ['ignore', 'ignore_ament_install']
[0.196s] Level 1:colcon.colcon_core.package_identification:_identify(build) by extension 'ignore'
[0.196s] Level 1:colcon.colcon_core.package_identification:_identify(build) ignored
[0.196s] Level 1:colcon.colcon_core.package_identification:_identify(install) by extensions ['ignore', 'ignore_ament_install']
[0.197s] Level 1:colcon.colcon_core.package_identification:_identify(install) by extension 'ignore'
[0.197s] Level 1:colcon.colcon_core.package_identification:_identify(install) ignored
[0.197s] Level 1:colcon.colcon_core.package_identification:_identify(log) by extensions ['ignore', 'ignore_ament_install']
[0.197s] Level 1:colcon.colcon_core.package_identification:_identify(log) by extension 'ignore'
[0.197s] Level 1:colcon.colcon_core.package_identification:_identify(log) ignored
[0.197s] Level 1:colcon.colcon_core.package_identification:_identify(microControllerSrc) by extensions ['ignore', 'ignore_ament_install']
[0.197s] Level 1:colcon.colcon_core.package_identification:_identify(microControllerSrc) by extension 'ignore'
[0.197s] Level 1:colcon.colcon_core.package_identification:_identify(microControllerSrc) by extension 'ignore_ament_install'
[0.197s] Level 1:colcon.colcon_core.package_identification:_identify(microControllerSrc) by extensions ['colcon_pkg']
[0.197s] Level 1:colcon.colcon_core.package_identification:_identify(microControllerSrc) by extension 'colcon_pkg'
[0.197s] Level 1:colcon.colcon_core.package_identification:_identify(microControllerSrc) by extensions ['colcon_meta']
[0.197s] Level 1:colcon.colcon_core.package_identification:_identify(microControllerSrc) by extension 'colcon_meta'
[0.197s] Level 1:colcon.colcon_core.package_identification:_identify(microControllerSrc) by extensions ['ros']
[0.197s] Level 1:colcon.colcon_core.package_identification:_identify(microControllerSrc) by extension 'ros'
[0.197s] Level 1:colcon.colcon_core.package_identification:_identify(microControllerSrc) by extensions ['cmake', 'python']
[0.197s] Level 1:colcon.colcon_core.package_identification:_identify(microControllerSrc) by extension 'cmake'
[0.197s] Level 1:colcon.colcon_core.package_identification:_identify(microControllerSrc) by extension 'python'
[0.197s] Level 1:colcon.colcon_core.package_identification:_identify(microControllerSrc) by extensions ['python_setup_py']
[0.197s] Level 1:colcon.colcon_core.package_identification:_identify(microControllerSrc) by extension 'python_setup_py'
[0.198s] Level 1:colcon.colcon_core.package_identification:_identify(microControllerSrc/controlSketch) by extensions ['ignore', 'ignore_ament_install']
[0.198s] Level 1:colcon.colcon_core.package_identification:_identify(microControllerSrc/controlSketch) by extension 'ignore'
[0.198s] Level 1:colcon.colcon_core.package_identification:_identify(microControllerSrc/controlSketch) by extension 'ignore_ament_install'
[0.198s] Level 1:colcon.colcon_core.package_identification:_identify(microControllerSrc/controlSketch) by extensions ['colcon_pkg']
[0.198s] Level 1:colcon.colcon_core.package_identification:_identify(microControllerSrc/controlSketch) by extension 'colcon_pkg'
[0.198s] Level 1:colcon.colcon_core.package_identification:_identify(microControllerSrc/controlSketch) by extensions ['colcon_meta']
[0.198s] Level 1:colcon.colcon_core.package_identification:_identify(microControllerSrc/controlSketch) by extension 'colcon_meta'
[0.198s] Level 1:colcon.colcon_core.package_identification:_identify(microControllerSrc/controlSketch) by extensions ['ros']
[0.198s] Level 1:colcon.colcon_core.package_identification:_identify(microControllerSrc/controlSketch) by extension 'ros'
[0.198s] Level 1:colcon.colcon_core.package_identification:_identify(microControllerSrc/controlSketch) by extensions ['cmake', 'python']
[0.198s] Level 1:colcon.colcon_core.package_identification:_identify(microControllerSrc/controlSketch) by extension 'cmake'
[0.198s] Level 1:colcon.colcon_core.package_identification:_identify(microControllerSrc/controlSketch) by extension 'python'
[0.198s] Level 1:colcon.colcon_core.package_identification:_identify(microControllerSrc/controlSketch) by extensions ['python_setup_py']
[0.198s] Level 1:colcon.colcon_core.package_identification:_identify(microControllerSrc/controlSketch) by extension 'python_setup_py'
[0.198s] Level 1:colcon.colcon_core.package_identification:_identify(src) by extensions ['ignore', 'ignore_ament_install']
[0.198s] Level 1:colcon.colcon_core.package_identification:_identify(src) by extension 'ignore'
[0.198s] Level 1:colcon.colcon_core.package_identification:_identify(src) by extension 'ignore_ament_install'
[0.198s] Level 1:colcon.colcon_core.package_identification:_identify(src) by extensions ['colcon_pkg']
[0.198s] Level 1:colcon.colcon_core.package_identification:_identify(src) by extension 'colcon_pkg'
[0.198s] Level 1:colcon.colcon_core.package_identification:_identify(src) by extensions ['colcon_meta']
[0.198s] Level 1:colcon.colcon_core.package_identification:_identify(src) by extension 'colcon_meta'
[0.199s] Level 1:colcon.colcon_core.package_identification:_identify(src) by extensions ['ros']
[0.199s] Level 1:colcon.colcon_core.package_identification:_identify(src) by extension 'ros'
[0.199s] Level 1:colcon.colcon_core.package_identification:_identify(src) by extensions ['cmake', 'python']
[0.199s] Level 1:colcon.colcon_core.package_identification:_identify(src) by extension 'cmake'
[0.199s] Level 1:colcon.colcon_core.package_identification:_identify(src) by extension 'python'
[0.199s] Level 1:colcon.colcon_core.package_identification:_identify(src) by extensions ['python_setup_py']
[0.199s] Level 1:colcon.colcon_core.package_identification:_identify(src) by extension 'python_setup_py'
[0.199s] Level 1:colcon.colcon_core.package_identification:_identify(src/micro_ros_setup) by extensions ['ignore', 'ignore_ament_install']
[0.199s] Level 1:colcon.colcon_core.package_identification:_identify(src/micro_ros_setup) by extension 'ignore'
[0.199s] Level 1:colcon.colcon_core.package_identification:_identify(src/micro_ros_setup) by extension 'ignore_ament_install'
[0.199s] Level 1:colcon.colcon_core.package_identification:_identify(src/micro_ros_setup) by extensions ['colcon_pkg']
[0.199s] Level 1:colcon.colcon_core.package_identification:_identify(src/micro_ros_setup) by extension 'colcon_pkg'
[0.199s] Level 1:colcon.colcon_core.package_identification:_identify(src/micro_ros_setup) by extensions ['colcon_meta']
[0.199s] Level 1:colcon.colcon_core.package_identification:_identify(src/micro_ros_setup) by extension 'colcon_meta'
[0.199s] Level 1:colcon.colcon_core.package_identification:_identify(src/micro_ros_setup) by extensions ['ros']
[0.199s] Level 1:colcon.colcon_core.package_identification:_identify(src/micro_ros_setup) by extension 'ros'
[0.202s] DEBUG:colcon.colcon_core.package_identification:Package 'src/micro_ros_setup' with type 'ros.ament_cmake' and name 'micro_ros_setup'
[0.202s] Level 1:colcon.colcon_core.package_identification:_identify(src/rover_teleop) by extensions ['ignore', 'ignore_ament_install']
[0.203s] Level 1:colcon.colcon_core.package_identification:_identify(src/rover_teleop) by extension 'ignore'
[0.203s] Level 1:colcon.colcon_core.package_identification:_identify(src/rover_teleop) by extension 'ignore_ament_install'
[0.203s] Level 1:colcon.colcon_core.package_identification:_identify(src/rover_teleop) by extensions ['colcon_pkg']
[0.203s] Level 1:colcon.colcon_core.package_identification:_identify(src/rover_teleop) by extension 'colcon_pkg'
[0.203s] Level 1:colcon.colcon_core.package_identification:_identify(src/rover_teleop) by extensions ['colcon_meta']
[0.203s] Level 1:colcon.colcon_core.package_identification:_identify(src/rover_teleop) by extension 'colcon_meta'
[0.203s] Level 1:colcon.colcon_core.package_identification:_identify(src/rover_teleop) by extensions ['ros']
[0.203s] Level 1:colcon.colcon_core.package_identification:_identify(src/rover_teleop) by extension 'ros'
[0.204s] DEBUG:colcon.colcon_core.package_identification:Package 'src/rover_teleop' with type 'ros.ament_python' and name 'rover_teleop'
[0.204s] Level 1:colcon.colcon_core.package_identification:_identify(src/uros) by extensions ['ignore', 'ignore_ament_install']
[0.204s] Level 1:colcon.colcon_core.package_identification:_identify(src/uros) by extension 'ignore'
[0.204s] Level 1:colcon.colcon_core.package_identification:_identify(src/uros) by extension 'ignore_ament_install'
[0.204s] Level 1:colcon.colcon_core.package_identification:_identify(src/uros) by extensions ['colcon_pkg']
[0.204s] Level 1:colcon.colcon_core.package_identification:_identify(src/uros) by extension 'colcon_pkg'
[0.204s] Level 1:colcon.colcon_core.package_identification:_identify(src/uros) by extensions ['colcon_meta']
[0.204s] Level 1:colcon.colcon_core.package_identification:_identify(src/uros) by extension 'colcon_meta'
[0.204s] Level 1:colcon.colcon_core.package_identification:_identify(src/uros) by extensions ['ros']
[0.204s] Level 1:colcon.colcon_core.package_identification:_identify(src/uros) by extension 'ros'
[0.204s] Level 1:colcon.colcon_core.package_identification:_identify(src/uros) by extensions ['cmake', 'python']
[0.204s] Level 1:colcon.colcon_core.package_identification:_identify(src/uros) by extension 'cmake'
[0.204s] Level 1:colcon.colcon_core.package_identification:_identify(src/uros) by extension 'python'
[0.205s] Level 1:colcon.colcon_core.package_identification:_identify(src/uros) by extensions ['python_setup_py']
[0.205s] Level 1:colcon.colcon_core.package_identification:_identify(src/uros) by extension 'python_setup_py'
[0.205s] Level 1:colcon.colcon_core.package_identification:_identify(src/uros/drive_base) by extensions ['ignore', 'ignore_ament_install']
[0.205s] Level 1:colcon.colcon_core.package_identification:_identify(src/uros/drive_base) by extension 'ignore'
[0.205s] Level 1:colcon.colcon_core.package_identification:_identify(src/uros/drive_base) by extension 'ignore_ament_install'
[0.205s] Level 1:colcon.colcon_core.package_identification:_identify(src/uros/drive_base) by extensions ['colcon_pkg']
[0.205s] Level 1:colcon.colcon_core.package_identification:_identify(src/uros/drive_base) by extension 'colcon_pkg'
[0.205s] Level 1:colcon.colcon_core.package_identification:_identify(src/uros/drive_base) by extensions ['colcon_meta']
[0.205s] Level 1:colcon.colcon_core.package_identification:_identify(src/uros/drive_base) by extension 'colcon_meta'
[0.205s] Level 1:colcon.colcon_core.package_identification:_identify(src/uros/drive_base) by extensions ['ros']
[0.205s] Level 1:colcon.colcon_core.package_identification:_identify(src/uros/drive_base) by extension 'ros'
[0.205s] Level 1:colcon.colcon_core.package_identification:_identify(src/uros/drive_base) by extensions ['cmake', 'python']
[0.205s] Level 1:colcon.colcon_core.package_identification:_identify(src/uros/drive_base) by extension 'cmake'
[0.205s] Level 1:colcon.colcon_core.package_identification:_identify(src/uros/drive_base) by extension 'python'
[0.205s] Level 1:colcon.colcon_core.package_identification:_identify(src/uros/drive_base) by extensions ['python_setup_py']
[0.205s] Level 1:colcon.colcon_core.package_identification:_identify(src/uros/drive_base) by extension 'python_setup_py'
[0.205s] Level 1:colcon.colcon_core.package_identification:_identify(src/uros/drive_base/drive_base_msgs) by extensions ['ignore', 'ignore_ament_install']
[0.205s] Level 1:colcon.colcon_core.package_identification:_identify(src/uros/drive_base/drive_base_msgs) by extension 'ignore'
[0.205s] Level 1:colcon.colcon_core.package_identification:_identify(src/uros/drive_base/drive_base_msgs) by extension 'ignore_ament_install'
[0.206s] Level 1:colcon.colcon_core.package_identification:_identify(src/uros/drive_base/drive_base_msgs) by extensions ['colcon_pkg']
[0.206s] Level 1:colcon.colcon_core.package_identification:_identify(src/uros/drive_base/drive_base_msgs) by extension 'colcon_pkg'
[0.206s] Level 1:colcon.colcon_core.package_identification:_identify(src/uros/drive_base/drive_base_msgs) by extensions ['colcon_meta']
[0.206s] Level 1:colcon.colcon_core.package_identification:_identify(src/uros/drive_base/drive_base_msgs) by extension 'colcon_meta'
[0.206s] Level 1:colcon.colcon_core.package_identification:_identify(src/uros/drive_base/drive_base_msgs) by extensions ['ros']
[0.206s] Level 1:colcon.colcon_core.package_identification:_identify(src/uros/drive_base/drive_base_msgs) by extension 'ros'
[0.206s] DEBUG:colcon.colcon_core.package_identification:Package 'src/uros/drive_base/drive_base_msgs' with type 'ros.ament_cmake' and name 'drive_base_msgs'
[0.206s] Level 1:colcon.colcon_core.package_identification:_identify(src/uros/micro-ROS-Agent) by extensions ['ignore', 'ignore_ament_install']
[0.206s] Level 1:colcon.colcon_core.package_identification:_identify(src/uros/micro-ROS-Agent) by extension 'ignore'
[0.207s] Level 1:colcon.colcon_core.package_identification:_identify(src/uros/micro-ROS-Agent) by extension 'ignore_ament_install'
[0.207s] Level 1:colcon.colcon_core.package_identification:_identify(src/uros/micro-ROS-Agent) by extensions ['colcon_pkg']
[0.207s] Level 1:colcon.colcon_core.package_identification:_identify(src/uros/micro-ROS-Agent) by extension 'colcon_pkg'
[0.207s] Level 1:colcon.colcon_core.package_identification:_identify(src/uros/micro-ROS-Agent) by extensions ['colcon_meta']
[0.207s] Level 1:colcon.colcon_core.package_identification:_identify(src/uros/micro-ROS-Agent) by extension 'colcon_meta'
[0.207s] Level 1:colcon.colcon_core.package_identification:_identify(src/uros/micro-ROS-Agent) by extensions ['ros']
[0.207s] Level 1:colcon.colcon_core.package_identification:_identify(src/uros/micro-ROS-Agent) by extension 'ros'
[0.207s] Level 1:colcon.colcon_core.package_identification:_identify(src/uros/micro-ROS-Agent) by extensions ['cmake', 'python']
[0.207s] Level 1:colcon.colcon_core.package_identification:_identify(src/uros/micro-ROS-Agent) by extension 'cmake'
[0.207s] Level 1:colcon.colcon_core.package_identification:_identify(src/uros/micro-ROS-Agent) by extension 'python'
[0.207s] Level 1:colcon.colcon_core.package_identification:_identify(src/uros/micro-ROS-Agent) by extensions ['python_setup_py']
[0.207s] Level 1:colcon.colcon_core.package_identification:_identify(src/uros/micro-ROS-Agent) by extension 'python_setup_py'
[0.207s] Level 1:colcon.colcon_core.package_identification:_identify(src/uros/micro-ROS-Agent/micro_ros_agent) by extensions ['ignore', 'ignore_ament_install']
[0.207s] Level 1:colcon.colcon_core.package_identification:_identify(src/uros/micro-ROS-Agent/micro_ros_agent) by extension 'ignore'
[0.207s] Level 1:colcon.colcon_core.package_identification:_identify(src/uros/micro-ROS-Agent/micro_ros_agent) by extension 'ignore_ament_install'
[0.207s] Level 1:colcon.colcon_core.package_identification:_identify(src/uros/micro-ROS-Agent/micro_ros_agent) by extensions ['colcon_pkg']
[0.207s] Level 1:colcon.colcon_core.package_identification:_identify(src/uros/micro-ROS-Agent/micro_ros_agent) by extension 'colcon_pkg'
[0.207s] Level 1:colcon.colcon_core.package_identification:_identify(src/uros/micro-ROS-Agent/micro_ros_agent) by extensions ['colcon_meta']
[0.207s] Level 1:colcon.colcon_core.package_identification:_identify(src/uros/micro-ROS-Agent/micro_ros_agent) by extension 'colcon_meta'
[0.207s] Level 1:colcon.colcon_core.package_identification:_identify(src/uros/micro-ROS-Agent/micro_ros_agent) by extensions ['ros']
[0.207s] Level 1:colcon.colcon_core.package_identification:_identify(src/uros/micro-ROS-Agent/micro_ros_agent) by extension 'ros'
[0.208s] DEBUG:colcon.colcon_core.package_identification:Package 'src/uros/micro-ROS-Agent/micro_ros_agent' with type 'ros.ament_cmake' and name 'micro_ros_agent'
[0.208s] Level 1:colcon.colcon_core.package_identification:_identify(src/uros/micro-ROS-Agent/snap) by extensions ['ignore', 'ignore_ament_install']
[0.209s] Level 1:colcon.colcon_core.package_identification:_identify(src/uros/micro-ROS-Agent/snap) by extension 'ignore'
[0.209s] Level 1:colcon.colcon_core.package_identification:_identify(src/uros/micro-ROS-Agent/snap) by extension 'ignore_ament_install'
[0.209s] Level 1:colcon.colcon_core.package_identification:_identify(src/uros/micro-ROS-Agent/snap) by extensions ['colcon_pkg']
[0.209s] Level 1:colcon.colcon_core.package_identification:_identify(src/uros/micro-ROS-Agent/snap) by extension 'colcon_pkg'
[0.209s] Level 1:colcon.colcon_core.package_identification:_identify(src/uros/micro-ROS-Agent/snap) by extensions ['colcon_meta']
[0.209s] Level 1:colcon.colcon_core.package_identification:_identify(src/uros/micro-ROS-Agent/snap) by extension 'colcon_meta'
[0.209s] Level 1:colcon.colcon_core.package_identification:_identify(src/uros/micro-ROS-Agent/snap) by extensions ['ros']
[0.209s] Level 1:colcon.colcon_core.package_identification:_identify(src/uros/micro-ROS-Agent/snap) by extension 'ros'
[0.209s] Level 1:colcon.colcon_core.package_identification:_identify(src/uros/micro-ROS-Agent/snap) by extensions ['cmake', 'python']
[0.209s] Level 1:colcon.colcon_core.package_identification:_identify(src/uros/micro-ROS-Agent/snap) by extension 'cmake'
[0.209s] Level 1:colcon.colcon_core.package_identification:_identify(src/uros/micro-ROS-Agent/snap) by extension 'python'
[0.209s] Level 1:colcon.colcon_core.package_identification:_identify(src/uros/micro-ROS-Agent/snap) by extensions ['python_setup_py']
[0.209s] Level 1:colcon.colcon_core.package_identification:_identify(src/uros/micro-ROS-Agent/snap) by extension 'python_setup_py'
[0.209s] Level 1:colcon.colcon_core.package_identification:_identify(src/uros/micro-ROS-Agent/snap/hooks) by extensions ['ignore', 'ignore_ament_install']
[0.209s] Level 1:colcon.colcon_core.package_identification:_identify(src/uros/micro-ROS-Agent/snap/hooks) by extension 'ignore'
[0.209s] Level 1:colcon.colcon_core.package_identification:_identify(src/uros/micro-ROS-Agent/snap/hooks) by extension 'ignore_ament_install'
[0.209s] Level 1:colcon.colcon_core.package_identification:_identify(src/uros/micro-ROS-Agent/snap/hooks) by extensions ['colcon_pkg']
[0.209s] Level 1:colcon.colcon_core.package_identification:_identify(src/uros/micro-ROS-Agent/snap/hooks) by extension 'colcon_pkg'
[0.209s] Level 1:colcon.colcon_core.package_identification:_identify(src/uros/micro-ROS-Agent/snap/hooks) by extensions ['colcon_meta']
[0.209s] Level 1:colcon.colcon_core.package_identification:_identify(src/uros/micro-ROS-Agent/snap/hooks) by extension 'colcon_meta'
[0.210s] Level 1:colcon.colcon_core.package_identification:_identify(src/uros/micro-ROS-Agent/snap/hooks) by extensions ['ros']
[0.210s] Level 1:colcon.colcon_core.package_identification:_identify(src/uros/micro-ROS-Agent/snap/hooks) by extension 'ros'
[0.210s] Level 1:colcon.colcon_core.package_identification:_identify(src/uros/micro-ROS-Agent/snap/hooks) by extensions ['cmake', 'python']
[0.210s] Level 1:colcon.colcon_core.package_identification:_identify(src/uros/micro-ROS-Agent/snap/hooks) by extension 'cmake'
[0.210s] Level 1:colcon.colcon_core.package_identification:_identify(src/uros/micro-ROS-Agent/snap/hooks) by extension 'python'
[0.210s] Level 1:colcon.colcon_core.package_identification:_identify(src/uros/micro-ROS-Agent/snap/hooks) by extensions ['python_setup_py']
[0.210s] Level 1:colcon.colcon_core.package_identification:_identify(src/uros/micro-ROS-Agent/snap/hooks) by extension 'python_setup_py'
[0.210s] Level 1:colcon.colcon_core.package_identification:_identify(src/uros/micro-ROS-Agent/snap/local) by extensions ['ignore', 'ignore_ament_install']
[0.210s] Level 1:colcon.colcon_core.package_identification:_identify(src/uros/micro-ROS-Agent/snap/local) by extension 'ignore'
[0.210s] Level 1:colcon.colcon_core.package_identification:_identify(src/uros/micro-ROS-Agent/snap/local) by extension 'ignore_ament_install'
[0.210s] Level 1:colcon.colcon_core.package_identification:_identify(src/uros/micro-ROS-Agent/snap/local) by extensions ['colcon_pkg']
[0.210s] Level 1:colcon.colcon_core.package_identification:_identify(src/uros/micro-ROS-Agent/snap/local) by extension 'colcon_pkg'
[0.210s] Level 1:colcon.colcon_core.package_identification:_identify(src/uros/micro-ROS-Agent/snap/local) by extensions ['colcon_meta']
[0.210s] Level 1:colcon.colcon_core.package_identification:_identify(src/uros/micro-ROS-Agent/snap/local) by extension 'colcon_meta'
[0.210s] Level 1:colcon.colcon_core.package_identification:_identify(src/uros/micro-ROS-Agent/snap/local) by extensions ['ros']
[0.210s] Level 1:colcon.colcon_core.package_identification:_identify(src/uros/micro-ROS-Agent/snap/local) by extension 'ros'
[0.210s] Level 1:colcon.colcon_core.package_identification:_identify(src/uros/micro-ROS-Agent/snap/local) by extensions ['cmake', 'python']
[0.210s] Level 1:colcon.colcon_core.package_identification:_identify(src/uros/micro-ROS-Agent/snap/local) by extension 'cmake'
[0.210s] Level 1:colcon.colcon_core.package_identification:_identify(src/uros/micro-ROS-Agent/snap/local) by extension 'python'
[0.210s] Level 1:colcon.colcon_core.package_identification:_identify(src/uros/micro-ROS-Agent/snap/local) by extensions ['python_setup_py']
[0.210s] Level 1:colcon.colcon_core.package_identification:_identify(src/uros/micro-ROS-Agent/snap/local) by extension 'python_setup_py'
[0.211s] Level 1:colcon.colcon_core.package_identification:_identify(src/uros/micro_ros_msgs) by extensions ['ignore', 'ignore_ament_install']
[0.211s] Level 1:colcon.colcon_core.package_identification:_identify(src/uros/micro_ros_msgs) by extension 'ignore'
[0.211s] Level 1:colcon.colcon_core.package_identification:_identify(src/uros/micro_ros_msgs) by extension 'ignore_ament_install'
[0.211s] Level 1:colcon.colcon_core.package_identification:_identify(src/uros/micro_ros_msgs) by extensions ['colcon_pkg']
[0.211s] Level 1:colcon.colcon_core.package_identification:_identify(src/uros/micro_ros_msgs) by extension 'colcon_pkg'
[0.211s] Level 1:colcon.colcon_core.package_identification:_identify(src/uros/micro_ros_msgs) by extensions ['colcon_meta']
[0.211s] Level 1:colcon.colcon_core.package_identification:_identify(src/uros/micro_ros_msgs) by extension 'colcon_meta'
[0.211s] Level 1:colcon.colcon_core.package_identification:_identify(src/uros/micro_ros_msgs) by extensions ['ros']
[0.211s] Level 1:colcon.colcon_core.package_identification:_identify(src/uros/micro_ros_msgs) by extension 'ros'
[0.211s] DEBUG:colcon.colcon_core.package_identification:Package 'src/uros/micro_ros_msgs' with type 'ros.ament_cmake' and name 'micro_ros_msgs'
[0.211s] Level 1:colcon.colcon_core.package_identification:_identify(startupScripts) by extensions ['ignore', 'ignore_ament_install']
[0.212s] Level 1:colcon.colcon_core.package_identification:_identify(startupScripts) by extension 'ignore'
[0.212s] Level 1:colcon.colcon_core.package_identification:_identify(startupScripts) by extension 'ignore_ament_install'
[0.212s] Level 1:colcon.colcon_core.package_identification:_identify(startupScripts) by extensions ['colcon_pkg']
[0.212s] Level 1:colcon.colcon_core.package_identification:_identify(startupScripts) by extension 'colcon_pkg'
[0.212s] Level 1:colcon.colcon_core.package_identification:_identify(startupScripts) by extensions ['colcon_meta']
[0.212s] Level 1:colcon.colcon_core.package_identification:_identify(startupScripts) by extension 'colcon_meta'
[0.212s] Level 1:colcon.colcon_core.package_identification:_identify(startupScripts) by extensions ['ros']
[0.212s] Level 1:colcon.colcon_core.package_identification:_identify(startupScripts) by extension 'ros'
[0.212s] Level 1:colcon.colcon_core.package_identification:_identify(startupScripts) by extensions ['cmake', 'python']
[0.212s] Level 1:colcon.colcon_core.package_identification:_identify(startupScripts) by extension 'cmake'
[0.212s] Level 1:colcon.colcon_core.package_identification:_identify(startupScripts) by extension 'python'
[0.212s] Level 1:colcon.colcon_core.package_identification:_identify(startupScripts) by extensions ['python_setup_py']
[0.212s] Level 1:colcon.colcon_core.package_identification:_identify(startupScripts) by extension 'python_setup_py'
[0.212s] Level 1:colcon.colcon_core.package_discovery:discover_packages(recursive) using defaults
[0.212s] Level 1:colcon.colcon_core.package_discovery:discover_packages(ignore) discover
[0.212s] Level 1:colcon.colcon_core.package_discovery:discover_packages(ignore) using defaults
[0.212s] Level 1:colcon.colcon_core.package_discovery:discover_packages(path) discover
[0.212s] Level 1:colcon.colcon_core.package_discovery:discover_packages(path) using defaults
[0.234s] INFO:colcon.colcon_core.package_selection:Skipping package 'rover_teleop' in 'src/rover_teleop'
[0.234s] INFO:colcon.colcon_core.package_selection:Skipping package 'micro_ros_setup' in 'src/micro_ros_setup'
[0.234s] INFO:colcon.colcon_core.package_selection:Skipping package 'drive_base_msgs' in 'src/uros/drive_base/drive_base_msgs'
[0.234s] Level 1:colcon.colcon_core.package_discovery:discover_packages(prefix_path) check parameters
[0.234s] Level 1:colcon.colcon_core.package_discovery:discover_packages(prefix_path) discover
[0.235s] WARNING:colcon.colcon_core.prefix_path.colcon:The path '/home/deimos/uros_ws/install' in the environment variable COLCON_PREFIX_PATH doesn't exist
[0.235s] WARNING:colcon.colcon_core.prefix_path.colcon:The path '/home/deimos/microros_teensy_ws/install' in the environment variable COLCON_PREFIX_PATH doesn't exist
[0.235s] WARNING:colcon.colcon_ros.prefix_path.ament:The path '/home/deimos/uros_ws/install/micro_ros_agent' in the environment variable AMENT_PREFIX_PATH doesn't exist
[0.236s] WARNING:colcon.colcon_ros.prefix_path.ament:The path '/home/deimos/uros_ws/install/micro_ros_msgs' in the environment variable AMENT_PREFIX_PATH doesn't exist
[0.236s] WARNING:colcon.colcon_ros.prefix_path.ament:The path '/home/deimos/microros_teensy_ws/install/micro_ros_setup' in the environment variable AMENT_PREFIX_PATH doesn't exist
[0.236s] WARNING:colcon.colcon_ros.prefix_path.catkin:The path '/home/deimos/uros_ws/install/micro_ros_agent' in the environment variable CMAKE_PREFIX_PATH doesn't exist
[0.236s] WARNING:colcon.colcon_ros.prefix_path.catkin:The path '/home/deimos/uros_ws/install/micro_ros_msgs' in the environment variable CMAKE_PREFIX_PATH doesn't exist
[0.236s] WARNING:colcon.colcon_ros.prefix_path.catkin:The path '/home/deimos/microros_teensy_ws/install/micro_ros_setup' in the environment variable CMAKE_PREFIX_PATH doesn't exist
[0.236s] DEBUG:colcon.colcon_installed_package_information.package_discovery:Found 2 installed packages in /home/deimos/deimosExNihilo_ws/install
[0.238s] DEBUG:colcon.colcon_installed_package_information.package_discovery:Found 299 installed packages in /opt/ros/jazzy
[0.240s] Level 1:colcon.colcon_core.package_discovery:discover_packages(prefix_path) using defaults
[0.282s] Level 5:colcon.colcon_core.verb:set package 'micro_ros_msgs' build argument 'cmake_args' from command line to '['-DUAGENT_BUILD_EXECUTABLE=OFF', '-DUAGENT_P2P_PROFILE=OFF', '--no-warn-unused-cli']'
[0.282s] Level 5:colcon.colcon_core.verb:set package 'micro_ros_msgs' build argument 'cmake_target' from command line to 'None'
[0.282s] Level 5:colcon.colcon_core.verb:set package 'micro_ros_msgs' build argument 'cmake_target_skip_unavailable' from command line to 'False'
[0.282s] Level 5:colcon.colcon_core.verb:set package 'micro_ros_msgs' build argument 'cmake_clean_cache' from command line to 'False'
[0.282s] Level 5:colcon.colcon_core.verb:set package 'micro_ros_msgs' build argument 'cmake_clean_first' from command line to 'False'
[0.282s] Level 5:colcon.colcon_core.verb:set package 'micro_ros_msgs' build argument 'cmake_force_configure' from command line to 'False'
[0.282s] Level 5:colcon.colcon_core.verb:set package 'micro_ros_msgs' build argument 'ament_cmake_args' from command line to 'None'
[0.282s] Level 5:colcon.colcon_core.verb:set package 'micro_ros_msgs' build argument 'catkin_cmake_args' from command line to 'None'
[0.282s] Level 5:colcon.colcon_core.verb:set package 'micro_ros_msgs' build argument 'catkin_skip_building_tests' from command line to 'False'
[0.282s] DEBUG:colcon.colcon_core.verb:Building package 'micro_ros_msgs' with the following arguments: {'ament_cmake_args': None, 'build_base': '/home/deimos/deimosExNihilo_ws/build/micro_ros_msgs', 'catkin_cmake_args': None, 'catkin_skip_building_tests': False, 'cmake_args': ['-DUAGENT_BUILD_EXECUTABLE=OFF', '-DUAGENT_P2P_PROFILE=OFF', '--no-warn-unused-cli'], 'cmake_clean_cache': False, 'cmake_clean_first': False, 'cmake_force_configure': False, 'cmake_target': None, 'cmake_target_skip_unavailable': False, 'install_base': '/home/deimos/deimosExNihilo_ws/install/micro_ros_msgs', 'merge_install': False, 'path': '/home/deimos/deimosExNihilo_ws/src/uros/micro_ros_msgs', 'symlink_install': False, 'test_result_base': None}
[0.283s] Level 5:colcon.colcon_core.verb:set package 'micro_ros_agent' build argument 'cmake_args' from command line to '['-DUAGENT_BUILD_EXECUTABLE=OFF', '-DUAGENT_P2P_PROFILE=OFF', '--no-warn-unused-cli']'
[0.283s] Level 5:colcon.colcon_core.verb:set package 'micro_ros_agent' build argument 'cmake_target' from command line to 'None'
[0.283s] Level 5:colcon.colcon_core.verb:set package 'micro_ros_agent' build argument 'cmake_target_skip_unavailable' from command line to 'False'
[0.283s] Level 5:colcon.colcon_core.verb:set package 'micro_ros_agent' build argument 'cmake_clean_cache' from command line to 'False'
[0.283s] Level 5:colcon.colcon_core.verb:set package 'micro_ros_agent' build argument 'cmake_clean_first' from command line to 'False'
[0.283s] Level 5:colcon.colcon_core.verb:set package 'micro_ros_agent' build argument 'cmake_force_configure' from command line to 'False'
[0.283s] Level 5:colcon.colcon_core.verb:set package 'micro_ros_agent' build argument 'ament_cmake_args' from command line to 'None'
[0.283s] Level 5:colcon.colcon_core.verb:set package 'micro_ros_agent' build argument 'catkin_cmake_args' from command line to 'None'
[0.283s] Level 5:colcon.colcon_core.verb:set package 'micro_ros_agent' build argument 'catkin_skip_building_tests' from command line to 'False'
[0.283s] DEBUG:colcon.colcon_core.verb:Building package 'micro_ros_agent' with the following arguments: {'ament_cmake_args': None, 'build_base': '/home/deimos/deimosExNihilo_ws/build/micro_ros_agent', 'catkin_cmake_args': None, 'catkin_skip_building_tests': False, 'cmake_args': ['-DUAGENT_BUILD_EXECUTABLE=OFF', '-DUAGENT_P2P_PROFILE=OFF', '--no-warn-unused-cli'], 'cmake_clean_cache': False, 'cmake_clean_first': False, 'cmake_force_configure': False, 'cmake_target': None, 'cmake_target_skip_unavailable': False, 'install_base': '/home/deimos/deimosExNihilo_ws/install/micro_ros_agent', 'merge_install': False, 'path': '/home/deimos/deimosExNihilo_ws/src/uros/micro-ROS-Agent/micro_ros_agent', 'symlink_install': False, 'test_result_base': None}
[0.283s] INFO:colcon.colcon_core.executor:Executing jobs using 'parallel' executor
[0.284s] DEBUG:colcon.colcon_parallel_executor.executor.parallel:run_until_complete
[0.285s] INFO:colcon.colcon_ros.task.ament_cmake.build:Building ROS package in '/home/deimos/deimosExNihilo_ws/src/uros/micro_ros_msgs' with build type 'ament_cmake'
[0.285s] INFO:colcon.colcon_cmake.task.cmake.build:Building CMake package in '/home/deimos/deimosExNihilo_ws/src/uros/micro_ros_msgs'
[0.287s] INFO:colcon.colcon_core.plugin_system:Skipping extension 'colcon_core.shell.bat': Not used on non-Windows systems
[0.287s] INFO:colcon.colcon_core.shell:Skip shell extension 'powershell' for command environment: Not usable outside of PowerShell
[0.287s] DEBUG:colcon.colcon_core.shell:Skip shell extension 'dsv' for command environment
[0.295s] DEBUG:colcon.colcon_core.event_handler.log_command:Invoking command in '/home/deimos/deimosExNihilo_ws/build/micro_ros_msgs': CMAKE_PREFIX_PATH=${CMAKE_PREFIX_PATH}:/home/deimos/deimosExNihilo_ws/install/rover_teleop:/opt/ros/jazzy DEBUGINFOD_URLS=https://debuginfod.ubuntu.com /usr/bin/cmake /home/deimos/deimosExNihilo_ws/src/uros/micro_ros_msgs -DUAGENT_BUILD_EXECUTABLE=OFF -DUAGENT_P2P_PROFILE=OFF --no-warn-unused-cli -DCMAKE_INSTALL_PREFIX=/home/deimos/deimosExNihilo_ws/install/micro_ros_msgs
[4.369s] DEBUG:colcon.colcon_core.event_handler.log_command:Invoked command in '/home/deimos/deimosExNihilo_ws/build/micro_ros_msgs' returned '0': CMAKE_PREFIX_PATH=${CMAKE_PREFIX_PATH}:/home/deimos/deimosExNihilo_ws/install/rover_teleop:/opt/ros/jazzy DEBUGINFOD_URLS=https://debuginfod.ubuntu.com /usr/bin/cmake /home/deimos/deimosExNihilo_ws/src/uros/micro_ros_msgs -DUAGENT_BUILD_EXECUTABLE=OFF -DUAGENT_P2P_PROFILE=OFF --no-warn-unused-cli -DCMAKE_INSTALL_PREFIX=/home/deimos/deimosExNihilo_ws/install/micro_ros_msgs
[4.369s] DEBUG:colcon.colcon_core.event_handler.log_command:Invoking command in '/home/deimos/deimosExNihilo_ws/build/micro_ros_msgs': CMAKE_PREFIX_PATH=${CMAKE_PREFIX_PATH}:/home/deimos/deimosExNihilo_ws/install/rover_teleop:/opt/ros/jazzy DEBUGINFOD_URLS=https://debuginfod.ubuntu.com /usr/bin/cmake --build /home/deimos/deimosExNihilo_ws/build/micro_ros_msgs -- -j12 -l12
[8.105s] DEBUG:colcon.colcon_core.event_handler.log_command:Invoked command in '/home/deimos/deimosExNihilo_ws/build/micro_ros_msgs' returned '0': CMAKE_PREFIX_PATH=${CMAKE_PREFIX_PATH}:/home/deimos/deimosExNihilo_ws/install/rover_teleop:/opt/ros/jazzy DEBUGINFOD_URLS=https://debuginfod.ubuntu.com /usr/bin/cmake --build /home/deimos/deimosExNihilo_ws/build/micro_ros_msgs -- -j12 -l12
[8.120s] DEBUG:colcon.colcon_core.event_handler.log_command:Invoking command in '/home/deimos/deimosExNihilo_ws/build/micro_ros_msgs': CMAKE_PREFIX_PATH=${CMAKE_PREFIX_PATH}:/home/deimos/deimosExNihilo_ws/install/rover_teleop:/opt/ros/jazzy DEBUGINFOD_URLS=https://debuginfod.ubuntu.com /usr/bin/cmake --install /home/deimos/deimosExNihilo_ws/build/micro_ros_msgs
[8.239s] Level 1:colcon.colcon_core.environment:create_environment_scripts_only(micro_ros_msgs)
[8.240s] DEBUG:colcon.colcon_core.event_handler.log_command:Invoked command in '/home/deimos/deimosExNihilo_ws/build/micro_ros_msgs' returned '0': CMAKE_PREFIX_PATH=${CMAKE_PREFIX_PATH}:/home/deimos/deimosExNihilo_ws/install/rover_teleop:/opt/ros/jazzy DEBUGINFOD_URLS=https://debuginfod.ubuntu.com /usr/bin/cmake --install /home/deimos/deimosExNihilo_ws/build/micro_ros_msgs
[8.243s] Level 1:colcon.colcon_core.environment:checking '/home/deimos/deimosExNihilo_ws/install/micro_ros_msgs' for CMake module files
[8.243s] Level 1:colcon.colcon_core.environment:checking '/home/deimos/deimosExNihilo_ws/install/micro_ros_msgs' for CMake config files
[8.244s] Level 1:colcon.colcon_core.shell:create_environment_hook('micro_ros_msgs', 'cmake_prefix_path')
[8.244s] INFO:colcon.colcon_core.shell:Creating environment hook '/home/deimos/deimosExNihilo_ws/install/micro_ros_msgs/share/micro_ros_msgs/hook/cmake_prefix_path.ps1'
[8.245s] INFO:colcon.colcon_core.shell:Creating environment descriptor '/home/deimos/deimosExNihilo_ws/install/micro_ros_msgs/share/micro_ros_msgs/hook/cmake_prefix_path.dsv'
[8.245s] INFO:colcon.colcon_core.shell:Creating environment hook '/home/deimos/deimosExNihilo_ws/install/micro_ros_msgs/share/micro_ros_msgs/hook/cmake_prefix_path.sh'
[8.246s] Level 1:colcon.colcon_core.environment:checking '/home/deimos/deimosExNihilo_ws/install/micro_ros_msgs/lib'
[8.247s] Level 1:colcon.colcon_core.shell:create_environment_hook('micro_ros_msgs', 'ld_library_path_lib')
[8.247s] INFO:colcon.colcon_core.shell:Creating environment hook '/home/deimos/deimosExNihilo_ws/install/micro_ros_msgs/share/micro_ros_msgs/hook/ld_library_path_lib.ps1'
[8.247s] INFO:colcon.colcon_core.shell:Creating environment descriptor '/home/deimos/deimosExNihilo_ws/install/micro_ros_msgs/share/micro_ros_msgs/hook/ld_library_path_lib.dsv'
[8.248s] INFO:colcon.colcon_core.shell:Creating environment hook '/home/deimos/deimosExNihilo_ws/install/micro_ros_msgs/share/micro_ros_msgs/hook/ld_library_path_lib.sh'
[8.248s] Level 1:colcon.colcon_core.environment:checking '/home/deimos/deimosExNihilo_ws/install/micro_ros_msgs/bin'
[8.248s] Level 1:colcon.colcon_core.environment:checking '/home/deimos/deimosExNihilo_ws/install/micro_ros_msgs/lib/pkgconfig/micro_ros_msgs.pc'
[8.248s] Level 1:colcon.colcon_core.environment:checking '/home/deimos/deimosExNihilo_ws/install/micro_ros_msgs/lib/python3.12/site-packages'
[8.249s] Level 1:colcon.colcon_core.shell:create_environment_hook('micro_ros_msgs', 'pythonpath')
[8.249s] INFO:colcon.colcon_core.shell:Creating environment hook '/home/deimos/deimosExNihilo_ws/install/micro_ros_msgs/share/micro_ros_msgs/hook/pythonpath.ps1'
[8.249s] INFO:colcon.colcon_core.shell:Creating environment descriptor '/home/deimos/deimosExNihilo_ws/install/micro_ros_msgs/share/micro_ros_msgs/hook/pythonpath.dsv'
[8.249s] INFO:colcon.colcon_core.shell:Creating environment hook '/home/deimos/deimosExNihilo_ws/install/micro_ros_msgs/share/micro_ros_msgs/hook/pythonpath.sh'
[8.250s] Level 1:colcon.colcon_core.environment:checking '/home/deimos/deimosExNihilo_ws/install/micro_ros_msgs/bin'
[8.250s] INFO:colcon.colcon_core.shell:Creating package script '/home/deimos/deimosExNihilo_ws/install/micro_ros_msgs/share/micro_ros_msgs/package.ps1'
[8.251s] INFO:colcon.colcon_core.shell:Creating package descriptor '/home/deimos/deimosExNihilo_ws/install/micro_ros_msgs/share/micro_ros_msgs/package.dsv'
[8.252s] INFO:colcon.colcon_core.shell:Creating package script '/home/deimos/deimosExNihilo_ws/install/micro_ros_msgs/share/micro_ros_msgs/package.sh'
[8.252s] INFO:colcon.colcon_core.shell:Creating package script '/home/deimos/deimosExNihilo_ws/install/micro_ros_msgs/share/micro_ros_msgs/package.bash'
[8.253s] INFO:colcon.colcon_core.shell:Creating package script '/home/deimos/deimosExNihilo_ws/install/micro_ros_msgs/share/micro_ros_msgs/package.zsh'
[8.254s] Level 1:colcon.colcon_core.environment:create_file_with_runtime_dependencies(/home/deimos/deimosExNihilo_ws/install/micro_ros_msgs/share/colcon-core/packages/micro_ros_msgs)
[8.255s] Level 1:colcon.colcon_core.environment:create_environment_scripts_only(micro_ros_msgs)
[8.255s] Level 1:colcon.colcon_core.environment:checking '/home/deimos/deimosExNihilo_ws/install/micro_ros_msgs' for CMake module files
[8.256s] Level 1:colcon.colcon_core.environment:checking '/home/deimos/deimosExNihilo_ws/install/micro_ros_msgs' for CMake config files
[8.256s] Level 1:colcon.colcon_core.shell:create_environment_hook('micro_ros_msgs', 'cmake_prefix_path')
[8.256s] INFO:colcon.colcon_core.shell:Creating environment hook '/home/deimos/deimosExNihilo_ws/install/micro_ros_msgs/share/micro_ros_msgs/hook/cmake_prefix_path.ps1'
[8.256s] INFO:colcon.colcon_core.shell:Creating environment descriptor '/home/deimos/deimosExNihilo_ws/install/micro_ros_msgs/share/micro_ros_msgs/hook/cmake_prefix_path.dsv'
[8.257s] INFO:colcon.colcon_core.shell:Creating environment hook '/home/deimos/deimosExNihilo_ws/install/micro_ros_msgs/share/micro_ros_msgs/hook/cmake_prefix_path.sh'
[8.257s] Level 1:colcon.colcon_core.environment:checking '/home/deimos/deimosExNihilo_ws/install/micro_ros_msgs/lib'
[8.257s] Level 1:colcon.colcon_core.shell:create_environment_hook('micro_ros_msgs', 'ld_library_path_lib')
[8.257s] INFO:colcon.colcon_core.shell:Creating environment hook '/home/deimos/deimosExNihilo_ws/install/micro_ros_msgs/share/micro_ros_msgs/hook/ld_library_path_lib.ps1'
[8.258s] INFO:colcon.colcon_core.shell:Creating environment descriptor '/home/deimos/deimosExNihilo_ws/install/micro_ros_msgs/share/micro_ros_msgs/hook/ld_library_path_lib.dsv'
[8.258s] INFO:colcon.colcon_core.shell:Creating environment hook '/home/deimos/deimosExNihilo_ws/install/micro_ros_msgs/share/micro_ros_msgs/hook/ld_library_path_lib.sh'
[8.258s] Level 1:colcon.colcon_core.environment:checking '/home/deimos/deimosExNihilo_ws/install/micro_ros_msgs/bin'
[8.259s] Level 1:colcon.colcon_core.environment:checking '/home/deimos/deimosExNihilo_ws/install/micro_ros_msgs/lib/pkgconfig/micro_ros_msgs.pc'
[8.259s] Level 1:colcon.colcon_core.environment:checking '/home/deimos/deimosExNihilo_ws/install/micro_ros_msgs/lib/python3.12/site-packages'
[8.259s] Level 1:colcon.colcon_core.shell:create_environment_hook('micro_ros_msgs', 'pythonpath')
[8.259s] INFO:colcon.colcon_core.shell:Creating environment hook '/home/deimos/deimosExNihilo_ws/install/micro_ros_msgs/share/micro_ros_msgs/hook/pythonpath.ps1'
[8.259s] INFO:colcon.colcon_core.shell:Creating environment descriptor '/home/deimos/deimosExNihilo_ws/install/micro_ros_msgs/share/micro_ros_msgs/hook/pythonpath.dsv'
[8.260s] INFO:colcon.colcon_core.shell:Creating environment hook '/home/deimos/deimosExNihilo_ws/install/micro_ros_msgs/share/micro_ros_msgs/hook/pythonpath.sh'
[8.261s] Level 1:colcon.colcon_core.environment:checking '/home/deimos/deimosExNihilo_ws/install/micro_ros_msgs/bin'
[8.262s] INFO:colcon.colcon_core.shell:Creating package script '/home/deimos/deimosExNihilo_ws/install/micro_ros_msgs/share/micro_ros_msgs/package.ps1'
[8.262s] INFO:colcon.colcon_core.shell:Creating package descriptor '/home/deimos/deimosExNihilo_ws/install/micro_ros_msgs/share/micro_ros_msgs/package.dsv'
[8.263s] INFO:colcon.colcon_core.shell:Creating package script '/home/deimos/deimosExNihilo_ws/install/micro_ros_msgs/share/micro_ros_msgs/package.sh'
[8.263s] INFO:colcon.colcon_core.shell:Creating package script '/home/deimos/deimosExNihilo_ws/install/micro_ros_msgs/share/micro_ros_msgs/package.bash'
[8.264s] INFO:colcon.colcon_core.shell:Creating package script '/home/deimos/deimosExNihilo_ws/install/micro_ros_msgs/share/micro_ros_msgs/package.zsh'
[8.264s] Level 1:colcon.colcon_core.environment:create_file_with_runtime_dependencies(/home/deimos/deimosExNihilo_ws/install/micro_ros_msgs/share/colcon-core/packages/micro_ros_msgs)
[8.264s] INFO:colcon.colcon_ros.task.ament_cmake.build:Building ROS package in '/home/deimos/deimosExNihilo_ws/src/uros/micro-ROS-Agent/micro_ros_agent' with build type 'ament_cmake'
[8.265s] INFO:colcon.colcon_cmake.task.cmake.build:Building CMake package in '/home/deimos/deimosExNihilo_ws/src/uros/micro-ROS-Agent/micro_ros_agent'
[8.265s] INFO:colcon.colcon_core.shell:Skip shell extension 'powershell' for command environment: Not usable outside of PowerShell
[8.265s] DEBUG:colcon.colcon_core.shell:Skip shell extension 'dsv' for command environment
[8.278s] DEBUG:colcon.colcon_core.event_handler.log_command:Invoking command in '/home/deimos/deimosExNihilo_ws/build/micro_ros_agent': AMENT_PREFIX_PATH=/home/deimos/deimosExNihilo_ws/install/micro_ros_msgs:${AMENT_PREFIX_PATH} CMAKE_PREFIX_PATH=/home/deimos/deimosExNihilo_ws/install/micro_ros_msgs:/home/deimos/deimosExNihilo_ws/install/micro_ros_setup:/home/deimos/uros_ws/install/micro_ros_agent:/home/deimos/uros_ws/install/micro_ros_msgs:/home/deimos/microros_teensy_ws/install/micro_ros_setup:/opt/ros/jazzy/opt/gz_math_vendor:/opt/ros/jazzy/opt/gz_utils_vendor:/opt/ros/jazzy/opt/gz_cmake_vendor:/home/deimos/deimosExNihilo_ws/install/rover_teleop:/opt/ros/jazzy DEBUGINFOD_URLS=https://debuginfod.ubuntu.com LD_LIBRARY_PATH=/home/deimos/deimosExNihilo_ws/install/micro_ros_msgs/lib:${LD_LIBRARY_PATH} PYTHONPATH=/home/deimos/deimosExNihilo_ws/install/micro_ros_msgs/lib/python3.12/site-packages:${PYTHONPATH} /usr/bin/cmake /home/deimos/deimosExNihilo_ws/src/uros/micro-ROS-Agent/micro_ros_agent -DUAGENT_BUILD_EXECUTABLE=OFF -DUAGENT_P2P_PROFILE=OFF --no-warn-unused-cli -DCMAKE_INSTALL_PREFIX=/home/deimos/deimosExNihilo_ws/install/micro_ros_agent
[8.824s] DEBUG:colcon.colcon_core.event_handler.log_command:Invoked command in '/home/deimos/deimosExNihilo_ws/build/micro_ros_agent' returned '0': AMENT_PREFIX_PATH=/home/deimos/deimosExNihilo_ws/install/micro_ros_msgs:${AMENT_PREFIX_PATH} CMAKE_PREFIX_PATH=/home/deimos/deimosExNihilo_ws/install/micro_ros_msgs:/home/deimos/deimosExNihilo_ws/install/micro_ros_setup:/home/deimos/uros_ws/install/micro_ros_agent:/home/deimos/uros_ws/install/micro_ros_msgs:/home/deimos/microros_teensy_ws/install/micro_ros_setup:/opt/ros/jazzy/opt/gz_math_vendor:/opt/ros/jazzy/opt/gz_utils_vendor:/opt/ros/jazzy/opt/gz_cmake_vendor:/home/deimos/deimosExNihilo_ws/install/rover_teleop:/opt/ros/jazzy DEBUGINFOD_URLS=https://debuginfod.ubuntu.com LD_LIBRARY_PATH=/home/deimos/deimosExNihilo_ws/install/micro_ros_msgs/lib:${LD_LIBRARY_PATH} PYTHONPATH=/home/deimos/deimosExNihilo_ws/install/micro_ros_msgs/lib/python3.12/site-packages:${PYTHONPATH} /usr/bin/cmake /home/deimos/deimosExNihilo_ws/src/uros/micro-ROS-Agent/micro_ros_agent -DUAGENT_BUILD_EXECUTABLE=OFF -DUAGENT_P2P_PROFILE=OFF --no-warn-unused-cli -DCMAKE_INSTALL_PREFIX=/home/deimos/deimosExNihilo_ws/install/micro_ros_agent
[8.825s] DEBUG:colcon.colcon_core.event_handler.log_command:Invoking command in '/home/deimos/deimosExNihilo_ws/build/micro_ros_agent': AMENT_PREFIX_PATH=/home/deimos/deimosExNihilo_ws/install/micro_ros_msgs:${AMENT_PREFIX_PATH} CMAKE_PREFIX_PATH=/home/deimos/deimosExNihilo_ws/install/micro_ros_msgs:/home/deimos/deimosExNihilo_ws/install/micro_ros_setup:/home/deimos/uros_ws/install/micro_ros_agent:/home/deimos/uros_ws/install/micro_ros_msgs:/home/deimos/microros_teensy_ws/install/micro_ros_setup:/opt/ros/jazzy/opt/gz_math_vendor:/opt/ros/jazzy/opt/gz_utils_vendor:/opt/ros/jazzy/opt/gz_cmake_vendor:/home/deimos/deimosExNihilo_ws/install/rover_teleop:/opt/ros/jazzy DEBUGINFOD_URLS=https://debuginfod.ubuntu.com LD_LIBRARY_PATH=/home/deimos/deimosExNihilo_ws/install/micro_ros_msgs/lib:${LD_LIBRARY_PATH} PYTHONPATH=/home/deimos/deimosExNihilo_ws/install/micro_ros_msgs/lib/python3.12/site-packages:${PYTHONPATH} /usr/bin/cmake --build /home/deimos/deimosExNihilo_ws/build/micro_ros_agent -- -j12 -l12
[64.482s] DEBUG:colcon.colcon_core.event_handler.log_command:Invoked command in '/home/deimos/deimosExNihilo_ws/build/micro_ros_agent' returned '0': AMENT_PREFIX_PATH=/home/deimos/deimosExNihilo_ws/install/micro_ros_msgs:${AMENT_PREFIX_PATH} CMAKE_PREFIX_PATH=/home/deimos/deimosExNihilo_ws/install/micro_ros_msgs:/home/deimos/deimosExNihilo_ws/install/micro_ros_setup:/home/deimos/uros_ws/install/micro_ros_agent:/home/deimos/uros_ws/install/micro_ros_msgs:/home/deimos/microros_teensy_ws/install/micro_ros_setup:/opt/ros/jazzy/opt/gz_math_vendor:/opt/ros/jazzy/opt/gz_utils_vendor:/opt/ros/jazzy/opt/gz_cmake_vendor:/home/deimos/deimosExNihilo_ws/install/rover_teleop:/opt/ros/jazzy DEBUGINFOD_URLS=https://debuginfod.ubuntu.com LD_LIBRARY_PATH=/home/deimos/deimosExNihilo_ws/install/micro_ros_msgs/lib:${LD_LIBRARY_PATH} PYTHONPATH=/home/deimos/deimosExNihilo_ws/install/micro_ros_msgs/lib/python3.12/site-packages:${PYTHONPATH} /usr/bin/cmake --build /home/deimos/deimosExNihilo_ws/build/micro_ros_agent -- -j12 -l12
[64.483s] DEBUG:colcon.colcon_core.event_handler.log_command:Invoking command in '/home/deimos/deimosExNihilo_ws/build/micro_ros_agent': AMENT_PREFIX_PATH=/home/deimos/deimosExNihilo_ws/install/micro_ros_msgs:${AMENT_PREFIX_PATH} CMAKE_PREFIX_PATH=/home/deimos/deimosExNihilo_ws/install/micro_ros_msgs:/home/deimos/deimosExNihilo_ws/install/micro_ros_setup:/home/deimos/uros_ws/install/micro_ros_agent:/home/deimos/uros_ws/install/micro_ros_msgs:/home/deimos/microros_teensy_ws/install/micro_ros_setup:/opt/ros/jazzy/opt/gz_math_vendor:/opt/ros/jazzy/opt/gz_utils_vendor:/opt/ros/jazzy/opt/gz_cmake_vendor:/home/deimos/deimosExNihilo_ws/install/rover_teleop:/opt/ros/jazzy DEBUGINFOD_URLS=https://debuginfod.ubuntu.com LD_LIBRARY_PATH=/home/deimos/deimosExNihilo_ws/install/micro_ros_msgs/lib:${LD_LIBRARY_PATH} PYTHONPATH=/home/deimos/deimosExNihilo_ws/install/micro_ros_msgs/lib/python3.12/site-packages:${PYTHONPATH} /usr/bin/cmake --install /home/deimos/deimosExNihilo_ws/build/micro_ros_agent
[64.497s] Level 1:colcon.colcon_core.environment:create_environment_scripts_only(micro_ros_agent)
[64.498s] Level 1:colcon.colcon_core.environment:checking '/home/deimos/deimosExNihilo_ws/install/micro_ros_agent' for CMake module files
[64.498s] DEBUG:colcon.colcon_core.event_handler.log_command:Invoked command in '/home/deimos/deimosExNihilo_ws/build/micro_ros_agent' returned '0': AMENT_PREFIX_PATH=/home/deimos/deimosExNihilo_ws/install/micro_ros_msgs:${AMENT_PREFIX_PATH} CMAKE_PREFIX_PATH=/home/deimos/deimosExNihilo_ws/install/micro_ros_msgs:/home/deimos/deimosExNihilo_ws/install/micro_ros_setup:/home/deimos/uros_ws/install/micro_ros_agent:/home/deimos/uros_ws/install/micro_ros_msgs:/home/deimos/microros_teensy_ws/install/micro_ros_setup:/opt/ros/jazzy/opt/gz_math_vendor:/opt/ros/jazzy/opt/gz_utils_vendor:/opt/ros/jazzy/opt/gz_cmake_vendor:/home/deimos/deimosExNihilo_ws/install/rover_teleop:/opt/ros/jazzy DEBUGINFOD_URLS=https://debuginfod.ubuntu.com LD_LIBRARY_PATH=/home/deimos/deimosExNihilo_ws/install/micro_ros_msgs/lib:${LD_LIBRARY_PATH} PYTHONPATH=/home/deimos/deimosExNihilo_ws/install/micro_ros_msgs/lib/python3.12/site-packages:${PYTHONPATH} /usr/bin/cmake --install /home/deimos/deimosExNihilo_ws/build/micro_ros_agent
[64.499s] Level 1:colcon.colcon_core.environment:checking '/home/deimos/deimosExNihilo_ws/install/micro_ros_agent' for CMake config files
[64.500s] Level 1:colcon.colcon_core.shell:create_environment_hook('micro_ros_agent', 'cmake_prefix_path')
[64.500s] INFO:colcon.colcon_core.shell:Creating environment hook '/home/deimos/deimosExNihilo_ws/install/micro_ros_agent/share/micro_ros_agent/hook/cmake_prefix_path.ps1'
[64.501s] INFO:colcon.colcon_core.shell:Creating environment descriptor '/home/deimos/deimosExNihilo_ws/install/micro_ros_agent/share/micro_ros_agent/hook/cmake_prefix_path.dsv'
[64.501s] INFO:colcon.colcon_core.shell:Creating environment hook '/home/deimos/deimosExNihilo_ws/install/micro_ros_agent/share/micro_ros_agent/hook/cmake_prefix_path.sh'
[64.502s] Level 1:colcon.colcon_core.environment:checking '/home/deimos/deimosExNihilo_ws/install/micro_ros_agent/lib'
[64.502s] Level 1:colcon.colcon_core.shell:create_environment_hook('micro_ros_agent', 'ld_library_path_lib')
[64.502s] INFO:colcon.colcon_core.shell:Creating environment hook '/home/deimos/deimosExNihilo_ws/install/micro_ros_agent/share/micro_ros_agent/hook/ld_library_path_lib.ps1'
[64.502s] INFO:colcon.colcon_core.shell:Creating environment descriptor '/home/deimos/deimosExNihilo_ws/install/micro_ros_agent/share/micro_ros_agent/hook/ld_library_path_lib.dsv'
[64.503s] INFO:colcon.colcon_core.shell:Creating environment hook '/home/deimos/deimosExNihilo_ws/install/micro_ros_agent/share/micro_ros_agent/hook/ld_library_path_lib.sh'
[64.503s] Level 1:colcon.colcon_core.environment:checking '/home/deimos/deimosExNihilo_ws/install/micro_ros_agent/bin'
[64.503s] Level 1:colcon.colcon_core.environment:checking '/home/deimos/deimosExNihilo_ws/install/micro_ros_agent/lib/pkgconfig/micro_ros_agent.pc'
[64.504s] Level 1:colcon.colcon_core.environment:checking '/home/deimos/deimosExNihilo_ws/install/micro_ros_agent/lib/python3.12/site-packages'
[64.504s] Level 1:colcon.colcon_core.environment:checking '/home/deimos/deimosExNihilo_ws/install/micro_ros_agent/bin'
[64.504s] INFO:colcon.colcon_core.shell:Creating package script '/home/deimos/deimosExNihilo_ws/install/micro_ros_agent/share/micro_ros_agent/package.ps1'
[64.505s] INFO:colcon.colcon_core.shell:Creating package descriptor '/home/deimos/deimosExNihilo_ws/install/micro_ros_agent/share/micro_ros_agent/package.dsv'
[64.505s] INFO:colcon.colcon_core.shell:Creating package script '/home/deimos/deimosExNihilo_ws/install/micro_ros_agent/share/micro_ros_agent/package.sh'
[64.506s] INFO:colcon.colcon_core.shell:Creating package script '/home/deimos/deimosExNihilo_ws/install/micro_ros_agent/share/micro_ros_agent/package.bash'
[64.506s] INFO:colcon.colcon_core.shell:Creating package script '/home/deimos/deimosExNihilo_ws/install/micro_ros_agent/share/micro_ros_agent/package.zsh'
[64.507s] Level 1:colcon.colcon_core.environment:create_file_with_runtime_dependencies(/home/deimos/deimosExNihilo_ws/install/micro_ros_agent/share/colcon-core/packages/micro_ros_agent)
[64.507s] Level 1:colcon.colcon_core.environment:create_environment_scripts_only(micro_ros_agent)
[64.507s] Level 1:colcon.colcon_core.environment:checking '/home/deimos/deimosExNihilo_ws/install/micro_ros_agent' for CMake module files
[64.508s] Level 1:colcon.colcon_core.environment:checking '/home/deimos/deimosExNihilo_ws/install/micro_ros_agent' for CMake config files
[64.509s] Level 1:colcon.colcon_core.shell:create_environment_hook('micro_ros_agent', 'cmake_prefix_path')
[64.509s] INFO:colcon.colcon_core.shell:Creating environment hook '/home/deimos/deimosExNihilo_ws/install/micro_ros_agent/share/micro_ros_agent/hook/cmake_prefix_path.ps1'
[64.509s] INFO:colcon.colcon_core.shell:Creating environment descriptor '/home/deimos/deimosExNihilo_ws/install/micro_ros_agent/share/micro_ros_agent/hook/cmake_prefix_path.dsv'
[64.510s] INFO:colcon.colcon_core.shell:Creating environment hook '/home/deimos/deimosExNihilo_ws/install/micro_ros_agent/share/micro_ros_agent/hook/cmake_prefix_path.sh'
[64.510s] Level 1:colcon.colcon_core.environment:checking '/home/deimos/deimosExNihilo_ws/install/micro_ros_agent/lib'
[64.511s] Level 1:colcon.colcon_core.shell:create_environment_hook('micro_ros_agent', 'ld_library_path_lib')
[64.511s] INFO:colcon.colcon_core.shell:Creating environment hook '/home/deimos/deimosExNihilo_ws/install/micro_ros_agent/share/micro_ros_agent/hook/ld_library_path_lib.ps1'
[64.511s] INFO:colcon.colcon_core.shell:Creating environment descriptor '/home/deimos/deimosExNihilo_ws/install/micro_ros_agent/share/micro_ros_agent/hook/ld_library_path_lib.dsv'
[64.511s] INFO:colcon.colcon_core.shell:Creating environment hook '/home/deimos/deimosExNihilo_ws/install/micro_ros_agent/share/micro_ros_agent/hook/ld_library_path_lib.sh'
[64.512s] Level 1:colcon.colcon_core.environment:checking '/home/deimos/deimosExNihilo_ws/install/micro_ros_agent/bin'
[64.512s] Level 1:colcon.colcon_core.environment:checking '/home/deimos/deimosExNihilo_ws/install/micro_ros_agent/lib/pkgconfig/micro_ros_agent.pc'
[64.512s] Level 1:colcon.colcon_core.environment:checking '/home/deimos/deimosExNihilo_ws/install/micro_ros_agent/lib/python3.12/site-packages'
[64.513s] Level 1:colcon.colcon_core.environment:checking '/home/deimos/deimosExNihilo_ws/install/micro_ros_agent/bin'
[64.513s] INFO:colcon.colcon_core.shell:Creating package script '/home/deimos/deimosExNihilo_ws/install/micro_ros_agent/share/micro_ros_agent/package.ps1'
[64.513s] INFO:colcon.colcon_core.shell:Creating package descriptor '/home/deimos/deimosExNihilo_ws/install/micro_ros_agent/share/micro_ros_agent/package.dsv'
[64.514s] INFO:colcon.colcon_core.shell:Creating package script '/home/deimos/deimosExNihilo_ws/install/micro_ros_agent/share/micro_ros_agent/package.sh'
[64.515s] INFO:colcon.colcon_core.shell:Creating package script '/home/deimos/deimosExNihilo_ws/install/micro_ros_agent/share/micro_ros_agent/package.bash'
[64.515s] INFO:colcon.colcon_core.shell:Creating package script '/home/deimos/deimosExNihilo_ws/install/micro_ros_agent/share/micro_ros_agent/package.zsh'
[64.515s] Level 1:colcon.colcon_core.environment:create_file_with_runtime_dependencies(/home/deimos/deimosExNihilo_ws/install/micro_ros_agent/share/colcon-core/packages/micro_ros_agent)
[64.516s] DEBUG:colcon.colcon_parallel_executor.executor.parallel:closing loop
[64.516s] DEBUG:colcon.colcon_parallel_executor.executor.parallel:loop closed
[64.516s] DEBUG:colcon.colcon_parallel_executor.executor.parallel:run_until_complete finished with '0'
[64.516s] DEBUG:colcon.colcon_core.event_reactor:joining thread
[64.526s] INFO:colcon.colcon_core.plugin_system:Skipping extension 'colcon_notification.desktop_notification.terminal_notifier': Not used on non-Darwin systems
[64.526s] INFO:colcon.colcon_core.plugin_system:Skipping extension 'colcon_notification.desktop_notification.win32': Not used on non-Windows systems
[64.526s] INFO:colcon.colcon_notification.desktop_notification:Sending desktop notification using 'notify2'
[64.554s] DEBUG:colcon.colcon_core.event_reactor:joined thread
[64.554s] INFO:colcon.colcon_core.shell:Creating prefix script '/home/deimos/deimosExNihilo_ws/install/local_setup.ps1'
[64.556s] INFO:colcon.colcon_core.shell:Creating prefix util module '/home/deimos/deimosExNihilo_ws/install/_local_setup_util_ps1.py'
[64.557s] INFO:colcon.colcon_core.shell:Creating prefix chain script '/home/deimos/deimosExNihilo_ws/install/setup.ps1'
[64.558s] INFO:colcon.colcon_core.shell:Creating prefix script '/home/deimos/deimosExNihilo_ws/install/local_setup.sh'
[64.558s] INFO:colcon.colcon_core.shell:Creating prefix util module '/home/deimos/deimosExNihilo_ws/install/_local_setup_util_sh.py'
[64.559s] INFO:colcon.colcon_core.shell:Creating prefix chain script '/home/deimos/deimosExNihilo_ws/install/setup.sh'
[64.560s] INFO:colcon.colcon_core.shell:Creating prefix script '/home/deimos/deimosExNihilo_ws/install/local_setup.bash'
[64.561s] INFO:colcon.colcon_core.shell:Creating prefix chain script '/home/deimos/deimosExNihilo_ws/install/setup.bash'
[64.562s] INFO:colcon.colcon_core.shell:Creating prefix script '/home/deimos/deimosExNihilo_ws/install/local_setup.zsh'
[64.563s] INFO:colcon.colcon_core.shell:Creating prefix chain script '/home/deimos/deimosExNihilo_ws/install/setup.zsh'
