[0.117s] DEBUG:colcon:Command line arguments: ['/usr/bin/colcon', 'build']
[0.117s] DEBUG:colcon:Parsed command line arguments: Namespace(log_base=None, log_level=None, verb_name='build', build_base='build', install_base='install', merge_install=False, symlink_install=False, test_result_base=None, continue_on_error=False, executor='parallel', parallel_workers=12, event_handlers=None, ignore_user_meta=False, metas=['./colcon.meta'], base_paths=['.'], packages_ignore=None, packages_ignore_regex=None, paths=None, packages_up_to=None, packages_up_to_regex=None, packages_above=None, packages_above_and_dependencies=None, packages_above_depth=None, packages_select_by_dep=None, packages_skip_by_dep=None, packages_skip_up_to=None, packages_select_build_failed=False, packages_skip_build_finished=False, packages_select_test_failures=False, packages_skip_test_passed=False, packages_select=None, packages_skip=None, packages_select_regex=None, packages_skip_regex=None, packages_start=None, packages_end=None, allow_overriding=[], cmake_args=None, cmake_target=None, cmake_target_skip_unavailable=False, cmake_clean_cache=False, cmake_clean_first=False, cmake_force_configure=False, ament_cmake_args=None, catkin_cmake_args=None, catkin_skip_building_tests=False, mixin_files=None, mixin=None, verb_parser=<colcon_mixin.mixin.mixin_argument.MixinArgumentDecorator object at 0x7a214b1941d0>, verb_extension=<colcon_core.verb.build.BuildVerb object at 0x7a214b173f80>, main=<bound method BuildVerb.main of <colcon_core.verb.build.BuildVerb object at 0x7a214b173f80>>, mixin_verb=('build',))
[0.162s] Level 1:colcon.colcon_core.package_discovery:discover_packages(colcon_meta) check parameters
[0.162s] Level 1:colcon.colcon_core.package_discovery:discover_packages(recursive) check parameters
[0.162s] Level 1:colcon.colcon_core.package_discovery:discover_packages(ignore) check parameters
[0.162s] Level 1:colcon.colcon_core.package_discovery:discover_packages(path) check parameters
[0.162s] Level 1:colcon.colcon_core.package_discovery:discover_packages(colcon_meta) discover
[0.162s] Level 1:colcon.colcon_core.package_discovery:discover_packages(recursive) discover
[0.162s] INFO:colcon.colcon_core.package_discovery:Crawling recursively for packages in '/home/deimos/deimosExNihilo_ws'
[0.162s] Level 1:colcon.colcon_core.package_identification:_identify(.) by extensions ['ignore', 'ignore_ament_install']
[0.162s] Level 1:colcon.colcon_core.package_identification:_identify(.) by extension 'ignore'
[0.162s] Level 1:colcon.colcon_core.package_identification:_identify(.) by extension 'ignore_ament_install'
[0.163s] Level 1:colcon.colcon_core.package_identification:_identify(.) by extensions ['colcon_pkg']
[0.163s] Level 1:colcon.colcon_core.package_identification:_identify(.) by extension 'colcon_pkg'
[0.163s] Level 1:colcon.colcon_core.package_identification:_identify(.) by extensions ['colcon_meta']
[0.163s] Level 1:colcon.colcon_core.package_identification:_identify(.) by extension 'colcon_meta'
[0.163s] Level 1:colcon.colcon_core.package_identification:_identify(.) by extensions ['ros']
[0.163s] Level 1:colcon.colcon_core.package_identification:_identify(.) by extension 'ros'
[0.193s] Level 1:colcon.colcon_core.package_identification:_identify(.) by extensions ['cmake', 'python']
[0.193s] Level 1:colcon.colcon_core.package_identification:_identify(.) by extension 'cmake'
[0.193s] Level 1:colcon.colcon_core.package_identification:_identify(.) by extension 'python'
[0.193s] Level 1:colcon.colcon_core.package_identification:_identify(.) by extensions ['python_setup_py']
[0.193s] Level 1:colcon.colcon_core.package_identification:_identify(.) by extension 'python_setup_py'
[0.194s] Level 1:colcon.colcon_core.package_identification:_identify(build) by extensions ['ignore', 'ignore_ament_install']
[0.194s] Level 1:colcon.colcon_core.package_identification:_identify(build) by extension 'ignore'
[0.194s] Level 1:colcon.colcon_core.package_identification:_identify(build) ignored
[0.194s] Level 1:colcon.colcon_core.package_identification:_identify(install) by extensions ['ignore', 'ignore_ament_install']
[0.194s] Level 1:colcon.colcon_core.package_identification:_identify(install) by extension 'ignore'
[0.194s] Level 1:colcon.colcon_core.package_identification:_identify(install) ignored
[0.194s] Level 1:colcon.colcon_core.package_identification:_identify(log) by extensions ['ignore', 'ignore_ament_install']
[0.194s] Level 1:colcon.colcon_core.package_identification:_identify(log) by extension 'ignore'
[0.194s] Level 1:colcon.colcon_core.package_identification:_identify(log) ignored
[0.194s] Level 1:colcon.colcon_core.package_identification:_identify(microControllerSrc) by extensions ['ignore', 'ignore_ament_install']
[0.194s] Level 1:colcon.colcon_core.package_identification:_identify(microControllerSrc) by extension 'ignore'
[0.194s] Level 1:colcon.colcon_core.package_identification:_identify(microControllerSrc) by extension 'ignore_ament_install'
[0.195s] Level 1:colcon.colcon_core.package_identification:_identify(microControllerSrc) by extensions ['colcon_pkg']
[0.195s] Level 1:colcon.colcon_core.package_identification:_identify(microControllerSrc) by extension 'colcon_pkg'
[0.195s] Level 1:colcon.colcon_core.package_identification:_identify(microControllerSrc) by extensions ['colcon_meta']
[0.195s] Level 1:colcon.colcon_core.package_identification:_identify(microControllerSrc) by extension 'colcon_meta'
[0.195s] Level 1:colcon.colcon_core.package_identification:_identify(microControllerSrc) by extensions ['ros']
[0.195s] Level 1:colcon.colcon_core.package_identification:_identify(microControllerSrc) by extension 'ros'
[0.195s] Level 1:colcon.colcon_core.package_identification:_identify(microControllerSrc) by extensions ['cmake', 'python']
[0.195s] Level 1:colcon.colcon_core.package_identification:_identify(microControllerSrc) by extension 'cmake'
[0.195s] Level 1:colcon.colcon_core.package_identification:_identify(microControllerSrc) by extension 'python'
[0.195s] Level 1:colcon.colcon_core.package_identification:_identify(microControllerSrc) by extensions ['python_setup_py']
[0.195s] Level 1:colcon.colcon_core.package_identification:_identify(microControllerSrc) by extension 'python_setup_py'
[0.195s] Level 1:colcon.colcon_core.package_identification:_identify(microControllerSrc/controlSketch) by extensions ['ignore', 'ignore_ament_install']
[0.195s] Level 1:colcon.colcon_core.package_identification:_identify(microControllerSrc/controlSketch) by extension 'ignore'
[0.195s] Level 1:colcon.colcon_core.package_identification:_identify(microControllerSrc/controlSketch) by extension 'ignore_ament_install'
[0.195s] Level 1:colcon.colcon_core.package_identification:_identify(microControllerSrc/controlSketch) by extensions ['colcon_pkg']
[0.195s] Level 1:colcon.colcon_core.package_identification:_identify(microControllerSrc/controlSketch) by extension 'colcon_pkg'
[0.195s] Level 1:colcon.colcon_core.package_identification:_identify(microControllerSrc/controlSketch) by extensions ['colcon_meta']
[0.195s] Level 1:colcon.colcon_core.package_identification:_identify(microControllerSrc/controlSketch) by extension 'colcon_meta'
[0.195s] Level 1:colcon.colcon_core.package_identification:_identify(microControllerSrc/controlSketch) by extensions ['ros']
[0.195s] Level 1:colcon.colcon_core.package_identification:_identify(microControllerSrc/controlSketch) by extension 'ros'
[0.195s] Level 1:colcon.colcon_core.package_identification:_identify(microControllerSrc/controlSketch) by extensions ['cmake', 'python']
[0.195s] Level 1:colcon.colcon_core.package_identification:_identify(microControllerSrc/controlSketch) by extension 'cmake'
[0.195s] Level 1:colcon.colcon_core.package_identification:_identify(microControllerSrc/controlSketch) by extension 'python'
[0.196s] Level 1:colcon.colcon_core.package_identification:_identify(microControllerSrc/controlSketch) by extensions ['python_setup_py']
[0.196s] Level 1:colcon.colcon_core.package_identification:_identify(microControllerSrc/controlSketch) by extension 'python_setup_py'
[0.196s] Level 1:colcon.colcon_core.package_identification:_identify(src) by extensions ['ignore', 'ignore_ament_install']
[0.196s] Level 1:colcon.colcon_core.package_identification:_identify(src) by extension 'ignore'
[0.196s] Level 1:colcon.colcon_core.package_identification:_identify(src) by extension 'ignore_ament_install'
[0.196s] Level 1:colcon.colcon_core.package_identification:_identify(src) by extensions ['colcon_pkg']
[0.196s] Level 1:colcon.colcon_core.package_identification:_identify(src) by extension 'colcon_pkg'
[0.196s] Level 1:colcon.colcon_core.package_identification:_identify(src) by extensions ['colcon_meta']
[0.196s] Level 1:colcon.colcon_core.package_identification:_identify(src) by extension 'colcon_meta'
[0.196s] Level 1:colcon.colcon_core.package_identification:_identify(src) by extensions ['ros']
[0.196s] Level 1:colcon.colcon_core.package_identification:_identify(src) by extension 'ros'
[0.196s] Level 1:colcon.colcon_core.package_identification:_identify(src) by extensions ['cmake', 'python']
[0.196s] Level 1:colcon.colcon_core.package_identification:_identify(src) by extension 'cmake'
[0.196s] Level 1:colcon.colcon_core.package_identification:_identify(src) by extension 'python'
[0.196s] Level 1:colcon.colcon_core.package_identification:_identify(src) by extensions ['python_setup_py']
[0.196s] Level 1:colcon.colcon_core.package_identification:_identify(src) by extension 'python_setup_py'
[0.196s] Level 1:colcon.colcon_core.package_identification:_identify(src/micro_ros_setup) by extensions ['ignore', 'ignore_ament_install']
[0.196s] Level 1:colcon.colcon_core.package_identification:_identify(src/micro_ros_setup) by extension 'ignore'
[0.196s] Level 1:colcon.colcon_core.package_identification:_identify(src/micro_ros_setup) by extension 'ignore_ament_install'
[0.197s] Level 1:colcon.colcon_core.package_identification:_identify(src/micro_ros_setup) by extensions ['colcon_pkg']
[0.197s] Level 1:colcon.colcon_core.package_identification:_identify(src/micro_ros_setup) by extension 'colcon_pkg'
[0.197s] Level 1:colcon.colcon_core.package_identification:_identify(src/micro_ros_setup) by extensions ['colcon_meta']
[0.197s] Level 1:colcon.colcon_core.package_identification:_identify(src/micro_ros_setup) by extension 'colcon_meta'
[0.197s] Level 1:colcon.colcon_core.package_identification:_identify(src/micro_ros_setup) by extensions ['ros']
[0.197s] Level 1:colcon.colcon_core.package_identification:_identify(src/micro_ros_setup) by extension 'ros'
[0.200s] DEBUG:colcon.colcon_core.package_identification:Package 'src/micro_ros_setup' with type 'ros.ament_cmake' and name 'micro_ros_setup'
[0.200s] Level 1:colcon.colcon_core.package_identification:_identify(src/rover_teleop) by extensions ['ignore', 'ignore_ament_install']
[0.200s] Level 1:colcon.colcon_core.package_identification:_identify(src/rover_teleop) by extension 'ignore'
[0.200s] Level 1:colcon.colcon_core.package_identification:_identify(src/rover_teleop) by extension 'ignore_ament_install'
[0.200s] Level 1:colcon.colcon_core.package_identification:_identify(src/rover_teleop) by extensions ['colcon_pkg']
[0.200s] Level 1:colcon.colcon_core.package_identification:_identify(src/rover_teleop) by extension 'colcon_pkg'
[0.200s] Level 1:colcon.colcon_core.package_identification:_identify(src/rover_teleop) by extensions ['colcon_meta']
[0.200s] Level 1:colcon.colcon_core.package_identification:_identify(src/rover_teleop) by extension 'colcon_meta'
[0.200s] Level 1:colcon.colcon_core.package_identification:_identify(src/rover_teleop) by extensions ['ros']
[0.200s] Level 1:colcon.colcon_core.package_identification:_identify(src/rover_teleop) by extension 'ros'
[0.201s] DEBUG:colcon.colcon_core.package_identification:Package 'src/rover_teleop' with type 'ros.ament_cmake' and name 'rover_teleop'
[0.201s] Level 1:colcon.colcon_core.package_identification:_identify(startupScripts) by extensions ['ignore', 'ignore_ament_install']
[0.201s] Level 1:colcon.colcon_core.package_identification:_identify(startupScripts) by extension 'ignore'
[0.201s] Level 1:colcon.colcon_core.package_identification:_identify(startupScripts) by extension 'ignore_ament_install'
[0.202s] Level 1:colcon.colcon_core.package_identification:_identify(startupScripts) by extensions ['colcon_pkg']
[0.202s] Level 1:colcon.colcon_core.package_identification:_identify(startupScripts) by extension 'colcon_pkg'
[0.202s] Level 1:colcon.colcon_core.package_identification:_identify(startupScripts) by extensions ['colcon_meta']
[0.202s] Level 1:colcon.colcon_core.package_identification:_identify(startupScripts) by extension 'colcon_meta'
[0.202s] Level 1:colcon.colcon_core.package_identification:_identify(startupScripts) by extensions ['ros']
[0.202s] Level 1:colcon.colcon_core.package_identification:_identify(startupScripts) by extension 'ros'
[0.202s] Level 1:colcon.colcon_core.package_identification:_identify(startupScripts) by extensions ['cmake', 'python']
[0.202s] Level 1:colcon.colcon_core.package_identification:_identify(startupScripts) by extension 'cmake'
[0.202s] Level 1:colcon.colcon_core.package_identification:_identify(startupScripts) by extension 'python'
[0.202s] Level 1:colcon.colcon_core.package_identification:_identify(startupScripts) by extensions ['python_setup_py']
[0.202s] Level 1:colcon.colcon_core.package_identification:_identify(startupScripts) by extension 'python_setup_py'
[0.202s] Level 1:colcon.colcon_core.package_discovery:discover_packages(recursive) using defaults
[0.202s] Level 1:colcon.colcon_core.package_discovery:discover_packages(ignore) discover
[0.202s] Level 1:colcon.colcon_core.package_discovery:discover_packages(ignore) using defaults
[0.202s] Level 1:colcon.colcon_core.package_discovery:discover_packages(path) discover
[0.202s] Level 1:colcon.colcon_core.package_discovery:discover_packages(path) using defaults
[0.223s] Level 1:colcon.colcon_core.package_discovery:discover_packages(prefix_path) check parameters
[0.223s] Level 1:colcon.colcon_core.package_discovery:discover_packages(prefix_path) discover
[0.224s] WARNING:colcon.colcon_core.prefix_path.colcon:The path '/home/deimos/uros_ws/install' in the environment variable COLCON_PREFIX_PATH doesn't exist
[0.224s] WARNING:colcon.colcon_core.prefix_path.colcon:The path '/home/deimos/microros_teensy_ws/install' in the environment variable COLCON_PREFIX_PATH doesn't exist
[0.224s] WARNING:colcon.colcon_ros.prefix_path.ament:The path '/home/deimos/uros_ws/install/micro_ros_agent' in the environment variable AMENT_PREFIX_PATH doesn't exist
[0.224s] WARNING:colcon.colcon_ros.prefix_path.ament:The path '/home/deimos/uros_ws/install/micro_ros_msgs' in the environment variable AMENT_PREFIX_PATH doesn't exist
[0.224s] WARNING:colcon.colcon_ros.prefix_path.ament:The path '/home/deimos/microros_teensy_ws/install/micro_ros_setup' in the environment variable AMENT_PREFIX_PATH doesn't exist
[0.224s] WARNING:colcon.colcon_ros.prefix_path.catkin:The path '/home/deimos/uros_ws/install/micro_ros_agent' in the environment variable CMAKE_PREFIX_PATH doesn't exist
[0.224s] WARNING:colcon.colcon_ros.prefix_path.catkin:The path '/home/deimos/uros_ws/install/micro_ros_msgs' in the environment variable CMAKE_PREFIX_PATH doesn't exist
[0.224s] WARNING:colcon.colcon_ros.prefix_path.catkin:The path '/home/deimos/microros_teensy_ws/install/micro_ros_setup' in the environment variable CMAKE_PREFIX_PATH doesn't exist
[0.226s] DEBUG:colcon.colcon_installed_package_information.package_discovery:Found 299 installed packages in /opt/ros/jazzy
[0.227s] Level 1:colcon.colcon_core.package_discovery:discover_packages(prefix_path) using defaults
[0.269s] Level 5:colcon.colcon_core.verb:set package 'micro_ros_setup' build argument 'cmake_args' from command line to 'None'
[0.270s] Level 5:colcon.colcon_core.verb:set package 'micro_ros_setup' build argument 'cmake_target' from command line to 'None'
[0.270s] Level 5:colcon.colcon_core.verb:set package 'micro_ros_setup' build argument 'cmake_target_skip_unavailable' from command line to 'False'
[0.270s] Level 5:colcon.colcon_core.verb:set package 'micro_ros_setup' build argument 'cmake_clean_cache' from command line to 'False'
[0.270s] Level 5:colcon.colcon_core.verb:set package 'micro_ros_setup' build argument 'cmake_clean_first' from command line to 'False'
[0.270s] Level 5:colcon.colcon_core.verb:set package 'micro_ros_setup' build argument 'cmake_force_configure' from command line to 'False'
[0.270s] Level 5:colcon.colcon_core.verb:set package 'micro_ros_setup' build argument 'ament_cmake_args' from command line to 'None'
[0.270s] Level 5:colcon.colcon_core.verb:set package 'micro_ros_setup' build argument 'catkin_cmake_args' from command line to 'None'
[0.270s] Level 5:colcon.colcon_core.verb:set package 'micro_ros_setup' build argument 'catkin_skip_building_tests' from command line to 'False'
[0.270s] DEBUG:colcon.colcon_core.verb:Building package 'micro_ros_setup' with the following arguments: {'ament_cmake_args': None, 'build_base': '/home/deimos/deimosExNihilo_ws/build/micro_ros_setup', 'catkin_cmake_args': None, 'catkin_skip_building_tests': False, 'cmake_args': None, 'cmake_clean_cache': False, 'cmake_clean_first': False, 'cmake_force_configure': False, 'cmake_target': None, 'cmake_target_skip_unavailable': False, 'install_base': '/home/deimos/deimosExNihilo_ws/install/micro_ros_setup', 'merge_install': False, 'path': '/home/deimos/deimosExNihilo_ws/src/micro_ros_setup', 'symlink_install': False, 'test_result_base': None}
[0.270s] Level 5:colcon.colcon_core.verb:set package 'rover_teleop' build argument 'cmake_args' from command line to 'None'
[0.270s] Level 5:colcon.colcon_core.verb:set package 'rover_teleop' build argument 'cmake_target' from command line to 'None'
[0.270s] Level 5:colcon.colcon_core.verb:set package 'rover_teleop' build argument 'cmake_target_skip_unavailable' from command line to 'False'
[0.270s] Level 5:colcon.colcon_core.verb:set package 'rover_teleop' build argument 'cmake_clean_cache' from command line to 'False'
[0.270s] Level 5:colcon.colcon_core.verb:set package 'rover_teleop' build argument 'cmake_clean_first' from command line to 'False'
[0.270s] Level 5:colcon.colcon_core.verb:set package 'rover_teleop' build argument 'cmake_force_configure' from command line to 'False'
[0.270s] Level 5:colcon.colcon_core.verb:set package 'rover_teleop' build argument 'ament_cmake_args' from command line to 'None'
[0.270s] Level 5:colcon.colcon_core.verb:set package 'rover_teleop' build argument 'catkin_cmake_args' from command line to 'None'
[0.270s] Level 5:colcon.colcon_core.verb:set package 'rover_teleop' build argument 'catkin_skip_building_tests' from command line to 'False'
[0.270s] DEBUG:colcon.colcon_core.verb:Building package 'rover_teleop' with the following arguments: {'ament_cmake_args': None, 'build_base': '/home/deimos/deimosExNihilo_ws/build/rover_teleop', 'catkin_cmake_args': None, 'catkin_skip_building_tests': False, 'cmake_args': None, 'cmake_clean_cache': False, 'cmake_clean_first': False, 'cmake_force_configure': False, 'cmake_target': None, 'cmake_target_skip_unavailable': False, 'install_base': '/home/deimos/deimosExNihilo_ws/install/rover_teleop', 'merge_install': False, 'path': '/home/deimos/deimosExNihilo_ws/src/rover_teleop', 'symlink_install': False, 'test_result_base': None}
[0.270s] INFO:colcon.colcon_core.executor:Executing jobs using 'parallel' executor
[0.272s] DEBUG:colcon.colcon_parallel_executor.executor.parallel:run_until_complete
[0.272s] INFO:colcon.colcon_ros.task.ament_cmake.build:Building ROS package in '/home/deimos/deimosExNihilo_ws/src/micro_ros_setup' with build type 'ament_cmake'
[0.272s] INFO:colcon.colcon_cmake.task.cmake.build:Building CMake package in '/home/deimos/deimosExNihilo_ws/src/micro_ros_setup'
[0.274s] INFO:colcon.colcon_core.plugin_system:Skipping extension 'colcon_core.shell.bat': Not used on non-Windows systems
[0.274s] INFO:colcon.colcon_core.shell:Skip shell extension 'powershell' for command environment: Not usable outside of PowerShell
[0.274s] DEBUG:colcon.colcon_core.shell:Skip shell extension 'dsv' for command environment
[0.278s] INFO:colcon.colcon_ros.task.ament_cmake.build:Building ROS package in '/home/deimos/deimosExNihilo_ws/src/rover_teleop' with build type 'ament_cmake'
[0.278s] INFO:colcon.colcon_cmake.task.cmake.build:Building CMake package in '/home/deimos/deimosExNihilo_ws/src/rover_teleop'
[0.278s] INFO:colcon.colcon_core.shell:Skip shell extension 'powershell' for command environment: Not usable outside of PowerShell
[0.278s] DEBUG:colcon.colcon_core.shell:Skip shell extension 'dsv' for command environment
[0.286s] DEBUG:colcon.colcon_core.event_handler.log_command:Invoking command in '/home/deimos/deimosExNihilo_ws/build/micro_ros_setup': CMAKE_PREFIX_PATH=${CMAKE_PREFIX_PATH}:/opt/ros/jazzy DEBUGINFOD_URLS=https://debuginfod.ubuntu.com /usr/bin/cmake --build /home/deimos/deimosExNihilo_ws/build/micro_ros_setup -- -j12 -l12
[0.289s] DEBUG:colcon.colcon_core.event_handler.log_command:Invoking command in '/home/deimos/deimosExNihilo_ws/build/rover_teleop': CMAKE_PREFIX_PATH=${CMAKE_PREFIX_PATH}:/opt/ros/jazzy DEBUGINFOD_URLS=https://debuginfod.ubuntu.com /usr/bin/cmake /home/deimos/deimosExNihilo_ws/src/rover_teleop -DCMAKE_INSTALL_PREFIX=/home/deimos/deimosExNihilo_ws/install/rover_teleop
[0.344s] DEBUG:colcon.colcon_core.event_handler.log_command:Invoked command in '/home/deimos/deimosExNihilo_ws/build/micro_ros_setup' returned '0': CMAKE_PREFIX_PATH=${CMAKE_PREFIX_PATH}:/opt/ros/jazzy DEBUGINFOD_URLS=https://debuginfod.ubuntu.com /usr/bin/cmake --build /home/deimos/deimosExNihilo_ws/build/micro_ros_setup -- -j12 -l12
[0.361s] DEBUG:colcon.colcon_core.event_handler.log_command:Invoking command in '/home/deimos/deimosExNihilo_ws/build/micro_ros_setup': CMAKE_PREFIX_PATH=${CMAKE_PREFIX_PATH}:/opt/ros/jazzy DEBUGINFOD_URLS=https://debuginfod.ubuntu.com /usr/bin/cmake --install /home/deimos/deimosExNihilo_ws/build/micro_ros_setup
[0.378s] Level 1:colcon.colcon_core.environment:create_environment_scripts_only(micro_ros_setup)
[0.391s] DEBUG:colcon.colcon_core.event_handler.log_command:Invoked command in '/home/deimos/deimosExNihilo_ws/build/micro_ros_setup' returned '0': CMAKE_PREFIX_PATH=${CMAKE_PREFIX_PATH}:/opt/ros/jazzy DEBUGINFOD_URLS=https://debuginfod.ubuntu.com /usr/bin/cmake --install /home/deimos/deimosExNihilo_ws/build/micro_ros_setup
[0.394s] Level 1:colcon.colcon_core.environment:checking '/home/deimos/deimosExNihilo_ws/install/micro_ros_setup' for CMake module files
[0.395s] Level 1:colcon.colcon_core.environment:checking '/home/deimos/deimosExNihilo_ws/install/micro_ros_setup' for CMake config files
[0.395s] Level 1:colcon.colcon_core.shell:create_environment_hook('micro_ros_setup', 'cmake_prefix_path')
[0.396s] INFO:colcon.colcon_core.shell:Creating environment hook '/home/deimos/deimosExNihilo_ws/install/micro_ros_setup/share/micro_ros_setup/hook/cmake_prefix_path.ps1'
[0.397s] INFO:colcon.colcon_core.shell:Creating environment descriptor '/home/deimos/deimosExNihilo_ws/install/micro_ros_setup/share/micro_ros_setup/hook/cmake_prefix_path.dsv'
[0.397s] INFO:colcon.colcon_core.shell:Creating environment hook '/home/deimos/deimosExNihilo_ws/install/micro_ros_setup/share/micro_ros_setup/hook/cmake_prefix_path.sh'
[0.399s] Level 1:colcon.colcon_core.environment:checking '/home/deimos/deimosExNihilo_ws/install/micro_ros_setup/lib'
[0.399s] Level 1:colcon.colcon_core.environment:checking '/home/deimos/deimosExNihilo_ws/install/micro_ros_setup/bin'
[0.399s] Level 1:colcon.colcon_core.environment:checking '/home/deimos/deimosExNihilo_ws/install/micro_ros_setup/lib/pkgconfig/micro_ros_setup.pc'
[0.399s] Level 1:colcon.colcon_core.environment:checking '/home/deimos/deimosExNihilo_ws/install/micro_ros_setup/lib/python3.12/site-packages'
[0.400s] Level 1:colcon.colcon_core.environment:checking '/home/deimos/deimosExNihilo_ws/install/micro_ros_setup/bin'
[0.400s] INFO:colcon.colcon_core.shell:Creating package script '/home/deimos/deimosExNihilo_ws/install/micro_ros_setup/share/micro_ros_setup/package.ps1'
[0.401s] INFO:colcon.colcon_core.shell:Creating package descriptor '/home/deimos/deimosExNihilo_ws/install/micro_ros_setup/share/micro_ros_setup/package.dsv'
[0.402s] INFO:colcon.colcon_core.shell:Creating package script '/home/deimos/deimosExNihilo_ws/install/micro_ros_setup/share/micro_ros_setup/package.sh'
[0.403s] INFO:colcon.colcon_core.shell:Creating package script '/home/deimos/deimosExNihilo_ws/install/micro_ros_setup/share/micro_ros_setup/package.bash'
[0.403s] INFO:colcon.colcon_core.shell:Creating package script '/home/deimos/deimosExNihilo_ws/install/micro_ros_setup/share/micro_ros_setup/package.zsh'
[0.405s] Level 1:colcon.colcon_core.environment:create_file_with_runtime_dependencies(/home/deimos/deimosExNihilo_ws/install/micro_ros_setup/share/colcon-core/packages/micro_ros_setup)
[0.405s] Level 1:colcon.colcon_core.environment:create_environment_scripts_only(micro_ros_setup)
[0.406s] Level 1:colcon.colcon_core.environment:checking '/home/deimos/deimosExNihilo_ws/install/micro_ros_setup' for CMake module files
[0.406s] Level 1:colcon.colcon_core.environment:checking '/home/deimos/deimosExNihilo_ws/install/micro_ros_setup' for CMake config files
[0.407s] Level 1:colcon.colcon_core.shell:create_environment_hook('micro_ros_setup', 'cmake_prefix_path')
[0.407s] INFO:colcon.colcon_core.shell:Creating environment hook '/home/deimos/deimosExNihilo_ws/install/micro_ros_setup/share/micro_ros_setup/hook/cmake_prefix_path.ps1'
[0.407s] INFO:colcon.colcon_core.shell:Creating environment descriptor '/home/deimos/deimosExNihilo_ws/install/micro_ros_setup/share/micro_ros_setup/hook/cmake_prefix_path.dsv'
[0.408s] INFO:colcon.colcon_core.shell:Creating environment hook '/home/deimos/deimosExNihilo_ws/install/micro_ros_setup/share/micro_ros_setup/hook/cmake_prefix_path.sh'
[0.409s] Level 1:colcon.colcon_core.environment:checking '/home/deimos/deimosExNihilo_ws/install/micro_ros_setup/lib'
[0.409s] Level 1:colcon.colcon_core.environment:checking '/home/deimos/deimosExNihilo_ws/install/micro_ros_setup/bin'
[0.409s] Level 1:colcon.colcon_core.environment:checking '/home/deimos/deimosExNihilo_ws/install/micro_ros_setup/lib/pkgconfig/micro_ros_setup.pc'
[0.409s] Level 1:colcon.colcon_core.environment:checking '/home/deimos/deimosExNihilo_ws/install/micro_ros_setup/lib/python3.12/site-packages'
[0.409s] Level 1:colcon.colcon_core.environment:checking '/home/deimos/deimosExNihilo_ws/install/micro_ros_setup/bin'
[0.409s] INFO:colcon.colcon_core.shell:Creating package script '/home/deimos/deimosExNihilo_ws/install/micro_ros_setup/share/micro_ros_setup/package.ps1'
[0.410s] INFO:colcon.colcon_core.shell:Creating package descriptor '/home/deimos/deimosExNihilo_ws/install/micro_ros_setup/share/micro_ros_setup/package.dsv'
[0.410s] INFO:colcon.colcon_core.shell:Creating package script '/home/deimos/deimosExNihilo_ws/install/micro_ros_setup/share/micro_ros_setup/package.sh'
[0.411s] INFO:colcon.colcon_core.shell:Creating package script '/home/deimos/deimosExNihilo_ws/install/micro_ros_setup/share/micro_ros_setup/package.bash'
[0.411s] INFO:colcon.colcon_core.shell:Creating package script '/home/deimos/deimosExNihilo_ws/install/micro_ros_setup/share/micro_ros_setup/package.zsh'
[0.411s] Level 1:colcon.colcon_core.environment:create_file_with_runtime_dependencies(/home/deimos/deimosExNihilo_ws/install/micro_ros_setup/share/colcon-core/packages/micro_ros_setup)
[0.884s] DEBUG:colcon.colcon_core.event_handler.log_command:Invoked command in '/home/deimos/deimosExNihilo_ws/build/rover_teleop' returned '1': CMAKE_PREFIX_PATH=${CMAKE_PREFIX_PATH}:/opt/ros/jazzy DEBUGINFOD_URLS=https://debuginfod.ubuntu.com /usr/bin/cmake /home/deimos/deimosExNihilo_ws/src/rover_teleop -DCMAKE_INSTALL_PREFIX=/home/deimos/deimosExNihilo_ws/install/rover_teleop
[0.897s] Level 1:colcon.colcon_core.environment:create_environment_scripts_only(rover_teleop)
[0.898s] Level 1:colcon.colcon_core.environment:checking '/home/deimos/deimosExNihilo_ws/install/rover_teleop' for CMake module files
[0.898s] Level 1:colcon.colcon_core.environment:checking '/home/deimos/deimosExNihilo_ws/install/rover_teleop' for CMake config files
[0.899s] Level 1:colcon.colcon_core.environment:checking '/home/deimos/deimosExNihilo_ws/install/rover_teleop/bin'
[0.899s] Level 1:colcon.colcon_core.environment:checking '/home/deimos/deimosExNihilo_ws/install/rover_teleop/lib/pkgconfig/rover_teleop.pc'
[0.899s] Level 1:colcon.colcon_core.environment:checking '/home/deimos/deimosExNihilo_ws/install/rover_teleop/lib/python3.12/site-packages'
[0.900s] Level 1:colcon.colcon_core.environment:checking '/home/deimos/deimosExNihilo_ws/install/rover_teleop/bin'
[0.900s] INFO:colcon.colcon_core.shell:Creating package script '/home/deimos/deimosExNihilo_ws/install/rover_teleop/share/rover_teleop/package.ps1'
[0.900s] INFO:colcon.colcon_core.shell:Creating package descriptor '/home/deimos/deimosExNihilo_ws/install/rover_teleop/share/rover_teleop/package.dsv'
[0.901s] INFO:colcon.colcon_core.shell:Creating package script '/home/deimos/deimosExNihilo_ws/install/rover_teleop/share/rover_teleop/package.sh'
[0.901s] INFO:colcon.colcon_core.shell:Creating package script '/home/deimos/deimosExNihilo_ws/install/rover_teleop/share/rover_teleop/package.bash'
[0.901s] INFO:colcon.colcon_core.shell:Creating package script '/home/deimos/deimosExNihilo_ws/install/rover_teleop/share/rover_teleop/package.zsh'
[0.902s] Level 1:colcon.colcon_core.environment:create_file_with_runtime_dependencies(/home/deimos/deimosExNihilo_ws/install/rover_teleop/share/colcon-core/packages/rover_teleop)
[0.912s] DEBUG:colcon.colcon_parallel_executor.executor.parallel:closing loop
[0.913s] DEBUG:colcon.colcon_parallel_executor.executor.parallel:loop closed
[0.913s] DEBUG:colcon.colcon_parallel_executor.executor.parallel:run_until_complete finished with '1'
[0.913s] DEBUG:colcon.colcon_core.event_reactor:joining thread
[0.923s] INFO:colcon.colcon_core.plugin_system:Skipping extension 'colcon_notification.desktop_notification.terminal_notifier': Not used on non-Darwin systems
[0.924s] INFO:colcon.colcon_core.plugin_system:Skipping extension 'colcon_notification.desktop_notification.win32': Not used on non-Windows systems
[0.924s] INFO:colcon.colcon_notification.desktop_notification:Sending desktop notification using 'notify2'
[0.945s] DEBUG:colcon.colcon_core.event_reactor:joined thread
[0.945s] INFO:colcon.colcon_core.shell:Creating prefix script '/home/deimos/deimosExNihilo_ws/install/local_setup.ps1'
[0.946s] INFO:colcon.colcon_core.shell:Creating prefix util module '/home/deimos/deimosExNihilo_ws/install/_local_setup_util_ps1.py'
[0.947s] INFO:colcon.colcon_core.shell:Creating prefix chain script '/home/deimos/deimosExNihilo_ws/install/setup.ps1'
[0.949s] INFO:colcon.colcon_core.shell:Creating prefix script '/home/deimos/deimosExNihilo_ws/install/local_setup.sh'
[0.949s] INFO:colcon.colcon_core.shell:Creating prefix util module '/home/deimos/deimosExNihilo_ws/install/_local_setup_util_sh.py'
[0.950s] INFO:colcon.colcon_core.shell:Creating prefix chain script '/home/deimos/deimosExNihilo_ws/install/setup.sh'
[0.951s] INFO:colcon.colcon_core.shell:Creating prefix script '/home/deimos/deimosExNihilo_ws/install/local_setup.bash'
[0.952s] INFO:colcon.colcon_core.shell:Creating prefix chain script '/home/deimos/deimosExNihilo_ws/install/setup.bash'
[0.952s] INFO:colcon.colcon_core.shell:Creating prefix script '/home/deimos/deimosExNihilo_ws/install/local_setup.zsh'
[0.953s] INFO:colcon.colcon_core.shell:Creating prefix chain script '/home/deimos/deimosExNihilo_ws/install/setup.zsh'
