[0.010s] Invoking command in '/home/deimos/deimosExNihilo_ws/build/micro_ros_msgs': CMAKE_PREFIX_PATH=${CMAKE_PREFIX_PATH}:/home/deimos/deimosExNihilo_ws/install/rover_teleop:/opt/ros/jazzy DEBUGINFOD_URLS=https://debuginfod.ubuntu.com /usr/bin/cmake /home/deimos/deimosExNihilo_ws/src/uros/micro_ros_msgs -DUAGENT_BUILD_EXECUTABLE=OFF -DUAGENT_P2P_PROFILE=OFF --no-warn-unused-cli -DCMAKE_INSTALL_PREFIX=/home/deimos/deimosExNihilo_ws/install/micro_ros_msgs
[0.020s] Not searching for unused variables given on the command line.
[0.084s] -- The C compiler identification is GNU 13.3.0
[0.158s] -- The CXX compiler identification is GNU 13.3.0
[0.180s] -- Detecting C compiler ABI info
[0.287s] -- Detecting C compiler ABI info - done
[0.301s] -- Check for working C compiler: /usr/bin/cc - skipped
[0.301s] -- Detecting C compile features
[0.301s] -- Detecting C compile features - done
[0.315s] -- Detecting CXX compiler ABI info
[0.454s] -- Detecting CXX compiler ABI info - done
[0.473s] -- Check for working CXX compiler: /usr/bin/c++ - skipped
[0.473s] -- Detecting CXX compile features
[0.474s] -- Detecting CXX compile features - done
[0.478s] -- Found ament_cmake: 2.5.5 (/opt/ros/jazzy/share/ament_cmake/cmake)
[0.684s] -- Found Python3: /usr/bin/python3 (found version "3.12.3") found components: Interpreter 
[0.808s] -- Found rosidl_default_generators: 1.6.0 (/opt/ros/jazzy/share/rosidl_default_generators/cmake)
[0.814s] -- Using all available rosidl_typesupport_c: rosidl_typesupport_fastrtps_c;rosidl_typesupport_introspection_c
[0.872s] -- Using all available rosidl_typesupport_cpp: rosidl_typesupport_fastrtps_cpp;rosidl_typesupport_introspection_cpp
[0.919s] -- Found rosidl_adapter: 4.6.7 (/opt/ros/jazzy/share/rosidl_adapter/cmake)
[0.922s] -- Found ament_lint_auto: 0.17.4 (/opt/ros/jazzy/share/ament_lint_auto/cmake)
[1.695s] -- Found ament_cmake_ros: 0.12.0 (/opt/ros/jazzy/share/ament_cmake_ros/cmake)
[2.254s] -- Using all available rosidl_typesupport_c: rosidl_typesupport_fastrtps_c;rosidl_typesupport_introspection_c
[3.012s] -- Using all available rosidl_typesupport_cpp: rosidl_typesupport_fastrtps_cpp;rosidl_typesupport_introspection_cpp
[3.015s] -- Found python_cmake_module: 0.11.1 (/opt/ros/jazzy/share/python_cmake_module/cmake)
[3.232s] -- Found PythonExtra: /usr/bin/python3  
[3.954s] -- Found Python3: /usr/bin/python3 (found version "3.12.3") found components: Interpreter Development NumPy Development.Module Development.Embed 
[4.002s] -- Added test 'copyright' to check source files copyright and LICENSE
[4.009s] -- Added test 'lint_cmake' to check CMake code style
[4.014s] -- Added test 'xmllint' to check XML markup files
[4.018s] -- Configuring done (4.0s)
[4.059s] -- Generating done (0.0s)
[4.073s] -- Build files have been written to: /home/deimos/deimosExNihilo_ws/build/micro_ros_msgs
[4.083s] Invoked command in '/home/deimos/deimosExNihilo_ws/build/micro_ros_msgs' returned '0': CMAKE_PREFIX_PATH=${CMAKE_PREFIX_PATH}:/home/deimos/deimosExNihilo_ws/install/rover_teleop:/opt/ros/jazzy DEBUGINFOD_URLS=https://debuginfod.ubuntu.com /usr/bin/cmake /home/deimos/deimosExNihilo_ws/src/uros/micro_ros_msgs -DUAGENT_BUILD_EXECUTABLE=OFF -DUAGENT_P2P_PROFILE=OFF --no-warn-unused-cli -DCMAKE_INSTALL_PREFIX=/home/deimos/deimosExNihilo_ws/install/micro_ros_msgs
[4.084s] Invoking command in '/home/deimos/deimosExNihilo_ws/build/micro_ros_msgs': CMAKE_PREFIX_PATH=${CMAKE_PREFIX_PATH}:/home/deimos/deimosExNihilo_ws/install/rover_teleop:/opt/ros/jazzy DEBUGINFOD_URLS=https://debuginfod.ubuntu.com /usr/bin/cmake --build /home/deimos/deimosExNihilo_ws/build/micro_ros_msgs -- -j12 -l12
[4.157s] [  1%] [34m[1mGenerating type hashes for ROS interfaces[0m
[4.173s] [  1%] Built target ament_cmake_python_copy_micro_ros_msgs
[4.450s] running egg_info
[4.451s] creating micro_ros_msgs.egg-info
[4.455s] [  1%] Built target micro_ros_msgs__rosidl_generator_type_description
[4.468s] [  3%] [34m[1mGenerating C code for ROS interfaces[0m
[4.473s] writing micro_ros_msgs.egg-info/PKG-INFO
[4.474s] writing dependency_links to micro_ros_msgs.egg-info/dependency_links.txt
[4.474s] writing top-level names to micro_ros_msgs.egg-info/top_level.txt
[4.474s] writing manifest file 'micro_ros_msgs.egg-info/SOURCES.txt'
[4.482s] [  5%] [34m[1mGenerating C++ code for ROS interfaces[0m
[4.535s] reading manifest file 'micro_ros_msgs.egg-info/SOURCES.txt'
[4.536s] writing manifest file 'micro_ros_msgs.egg-info/SOURCES.txt'
[4.573s] [  5%] Built target ament_cmake_python_build_micro_ros_msgs_egg
[4.885s] [  5%] Built target micro_ros_msgs__cpp
[4.960s] [  7%] [32mBuilding C object CMakeFiles/micro_ros_msgs__rosidl_generator_c.dir/rosidl_generator_c/micro_ros_msgs/msg/detail/graph__type_support.c.o[0m
[4.961s] [  9%] [32mBuilding C object CMakeFiles/micro_ros_msgs__rosidl_generator_c.dir/rosidl_generator_c/micro_ros_msgs/msg/detail/entity__type_support.c.o[0m
[4.962s] [ 11%] [32mBuilding C object CMakeFiles/micro_ros_msgs__rosidl_generator_c.dir/rosidl_generator_c/micro_ros_msgs/msg/detail/graph__description.c.o[0m
[4.964s] [ 12%] [32mBuilding C object CMakeFiles/micro_ros_msgs__rosidl_generator_c.dir/rosidl_generator_c/micro_ros_msgs/msg/detail/node__description.c.o[0m
[4.964s] [ 16%] [32mBuilding C object CMakeFiles/micro_ros_msgs__rosidl_generator_c.dir/rosidl_generator_c/micro_ros_msgs/msg/detail/graph__functions.c.o[0m
[4.965s] [ 16%] [32mBuilding C object CMakeFiles/micro_ros_msgs__rosidl_generator_c.dir/rosidl_generator_c/micro_ros_msgs/msg/detail/node__functions.c.o[0m
[4.965s] [ 18%] [32mBuilding C object CMakeFiles/micro_ros_msgs__rosidl_generator_c.dir/rosidl_generator_c/micro_ros_msgs/msg/detail/node__type_support.c.o[0m
[4.966s] [ 22%] [32mBuilding C object CMakeFiles/micro_ros_msgs__rosidl_generator_c.dir/rosidl_generator_c/micro_ros_msgs/msg/detail/entity__functions.c.o[0m
[4.966s] [ 22%] [32mBuilding C object CMakeFiles/micro_ros_msgs__rosidl_generator_c.dir/rosidl_generator_c/micro_ros_msgs/msg/detail/entity__description.c.o[0m
[5.037s] [ 24%] [32m[1mLinking C shared library libmicro_ros_msgs__rosidl_generator_c.so[0m
[5.084s] [ 24%] Built target micro_ros_msgs__rosidl_generator_c
[5.098s] [ 25%] [34m[1mGenerating C++ type support for eProsima Fast-RTPS[0m
[5.098s] [ 27%] [34m[1mGenerating C++ introspection for ROS interfaces[0m
[5.100s] [ 29%] [34m[1mGenerating C++ type support dispatch for ROS interfaces[0m
[5.101s] [ 31%] [34m[1mGenerating C type support for eProsima Fast-RTPS[0m
[5.102s] [ 35%] [34m[1mGenerating C type support dispatch for ROS interfaces[0m
[5.102s] [ 35%] [34m[1mGenerating C introspection for ROS interfaces[0m
[5.542s] [ 38%] [32mBuilding CXX object CMakeFiles/micro_ros_msgs__rosidl_typesupport_c.dir/rosidl_typesupport_c/micro_ros_msgs/msg/graph__type_support.cpp.o[0m
[5.542s] [ 38%] [32mBuilding C object CMakeFiles/micro_ros_msgs__rosidl_typesupport_introspection_c.dir/rosidl_typesupport_introspection_c/micro_ros_msgs/msg/detail/graph__type_support.c.o[0m
[5.543s] [ 40%] [32mBuilding C object CMakeFiles/micro_ros_msgs__rosidl_typesupport_introspection_c.dir/rosidl_typesupport_introspection_c/micro_ros_msgs/msg/detail/node__type_support.c.o[0m
[5.546s] [ 42%] [32mBuilding CXX object CMakeFiles/micro_ros_msgs__rosidl_typesupport_c.dir/rosidl_typesupport_c/micro_ros_msgs/msg/node__type_support.cpp.o[0m
[5.554s] [ 44%] [32mBuilding C object CMakeFiles/micro_ros_msgs__rosidl_typesupport_introspection_c.dir/rosidl_typesupport_introspection_c/micro_ros_msgs/msg/detail/entity__type_support.c.o[0m
[5.555s] [ 46%] [32mBuilding CXX object CMakeFiles/micro_ros_msgs__rosidl_typesupport_c.dir/rosidl_typesupport_c/micro_ros_msgs/msg/entity__type_support.cpp.o[0m
[5.557s] [ 48%] [32mBuilding CXX object CMakeFiles/micro_ros_msgs__rosidl_typesupport_cpp.dir/rosidl_typesupport_cpp/micro_ros_msgs/msg/node__type_support.cpp.o[0m
[5.562s] [ 50%] [32mBuilding CXX object CMakeFiles/micro_ros_msgs__rosidl_typesupport_cpp.dir/rosidl_typesupport_cpp/micro_ros_msgs/msg/graph__type_support.cpp.o[0m
[5.567s] [ 51%] [32mBuilding CXX object CMakeFiles/micro_ros_msgs__rosidl_typesupport_fastrtps_cpp.dir/rosidl_typesupport_fastrtps_cpp/micro_ros_msgs/msg/detail/dds_fastrtps/graph__type_support.cpp.o[0m
[5.569s] [ 53%] [32mBuilding CXX object CMakeFiles/micro_ros_msgs__rosidl_typesupport_cpp.dir/rosidl_typesupport_cpp/micro_ros_msgs/msg/entity__type_support.cpp.o[0m
[5.575s] [ 55%] [32mBuilding CXX object CMakeFiles/micro_ros_msgs__rosidl_typesupport_introspection_cpp.dir/rosidl_typesupport_introspection_cpp/micro_ros_msgs/msg/detail/graph__type_support.cpp.o[0m
[5.602s] [ 59%] [32mBuilding CXX object CMakeFiles/micro_ros_msgs__rosidl_typesupport_fastrtps_cpp.dir/rosidl_typesupport_fastrtps_cpp/micro_ros_msgs/msg/detail/dds_fastrtps/node__type_support.cpp.o[0m
[5.602s] [ 59%] [32mBuilding CXX object CMakeFiles/micro_ros_msgs__rosidl_typesupport_introspection_cpp.dir/rosidl_typesupport_introspection_cpp/micro_ros_msgs/msg/detail/node__type_support.cpp.o[0m
[5.611s] [ 61%] [32mBuilding CXX object CMakeFiles/micro_ros_msgs__rosidl_typesupport_fastrtps_cpp.dir/rosidl_typesupport_fastrtps_cpp/micro_ros_msgs/msg/detail/dds_fastrtps/entity__type_support.cpp.o[0m
[5.619s] [ 62%] [32m[1mLinking C shared library libmicro_ros_msgs__rosidl_typesupport_introspection_c.so[0m
[5.620s] [ 64%] [32mBuilding CXX object CMakeFiles/micro_ros_msgs__rosidl_typesupport_introspection_cpp.dir/rosidl_typesupport_introspection_cpp/micro_ros_msgs/msg/detail/entity__type_support.cpp.o[0m
[5.628s] [ 66%] [32m[1mLinking CXX shared library libmicro_ros_msgs__rosidl_typesupport_c.so[0m
[5.673s] [ 66%] Built target micro_ros_msgs__rosidl_typesupport_introspection_c
[5.703s] [ 66%] Built target micro_ros_msgs__rosidl_typesupport_c
[5.736s] [ 68%] [32mBuilding CXX object CMakeFiles/micro_ros_msgs__rosidl_typesupport_fastrtps_c.dir/rosidl_typesupport_fastrtps_c/micro_ros_msgs/msg/detail/node__type_support_c.cpp.o[0m
[5.739s] [ 70%] [32mBuilding CXX object CMakeFiles/micro_ros_msgs__rosidl_typesupport_fastrtps_c.dir/rosidl_typesupport_fastrtps_c/micro_ros_msgs/msg/detail/graph__type_support_c.cpp.o[0m
[5.739s] [ 72%] [32mBuilding CXX object CMakeFiles/micro_ros_msgs__rosidl_typesupport_fastrtps_c.dir/rosidl_typesupport_fastrtps_c/micro_ros_msgs/msg/detail/entity__type_support_c.cpp.o[0m
[6.130s] [ 74%] [32m[1mLinking CXX shared library libmicro_ros_msgs__rosidl_typesupport_cpp.so[0m
[6.205s] [ 74%] Built target micro_ros_msgs__rosidl_typesupport_cpp
[6.348s] [ 75%] [32m[1mLinking CXX shared library libmicro_ros_msgs__rosidl_typesupport_introspection_cpp.so[0m
[6.466s] [ 75%] Built target micro_ros_msgs__rosidl_typesupport_introspection_cpp
[6.513s] [ 77%] [32m[1mLinking CXX shared library libmicro_ros_msgs__rosidl_typesupport_fastrtps_cpp.so[0m
[6.603s] [ 79%] [32m[1mLinking CXX shared library libmicro_ros_msgs__rosidl_typesupport_fastrtps_c.so[0m
[6.613s] [ 79%] Built target micro_ros_msgs__rosidl_typesupport_fastrtps_cpp
[6.701s] [ 79%] Built target micro_ros_msgs__rosidl_typesupport_fastrtps_c
[6.729s] [ 79%] Built target micro_ros_msgs
[6.763s] [ 81%] [34m[1mGenerating Python code for ROS interfaces[0m
[7.277s] [ 81%] Built target micro_ros_msgs__py
[7.309s] [ 83%] [32mBuilding C object CMakeFiles/micro_ros_msgs__rosidl_generator_py.dir/rosidl_generator_py/micro_ros_msgs/msg/_graph_s.c.o[0m
[7.311s] [ 85%] [32mBuilding C object CMakeFiles/micro_ros_msgs__rosidl_generator_py.dir/rosidl_generator_py/micro_ros_msgs/msg/_node_s.c.o[0m
[7.311s] [ 87%] [32mBuilding C object CMakeFiles/micro_ros_msgs__rosidl_generator_py.dir/rosidl_generator_py/micro_ros_msgs/msg/_entity_s.c.o[0m
[7.494s] [ 88%] [32m[1mLinking C shared library libmicro_ros_msgs__rosidl_generator_py.so[0m
[7.554s] [ 88%] Built target micro_ros_msgs__rosidl_generator_py
[7.588s] [ 90%] [32mBuilding C object CMakeFiles/micro_ros_msgs_s__rosidl_typesupport_introspection_c.dir/rosidl_generator_py/micro_ros_msgs/_micro_ros_msgs_s.ep.rosidl_typesupport_introspection_c.c.o[0m
[7.590s] [ 94%] [32mBuilding C object CMakeFiles/micro_ros_msgs_s__rosidl_typesupport_fastrtps_c.dir/rosidl_generator_py/micro_ros_msgs/_micro_ros_msgs_s.ep.rosidl_typesupport_fastrtps_c.c.o[0m
[7.590s] [ 94%] [32mBuilding C object CMakeFiles/micro_ros_msgs_s__rosidl_typesupport_c.dir/rosidl_generator_py/micro_ros_msgs/_micro_ros_msgs_s.ep.rosidl_typesupport_c.c.o[0m
[7.723s] [ 96%] [32m[1mLinking C shared module rosidl_generator_py/micro_ros_msgs/micro_ros_msgs_s__rosidl_typesupport_introspection_c.so[0m
[7.726s] [ 98%] [32m[1mLinking C shared module rosidl_generator_py/micro_ros_msgs/micro_ros_msgs_s__rosidl_typesupport_c.so[0m
[7.758s] [100%] [32m[1mLinking C shared module rosidl_generator_py/micro_ros_msgs/micro_ros_msgs_s__rosidl_typesupport_fastrtps_c.so[0m
[7.765s] [100%] Built target micro_ros_msgs_s__rosidl_typesupport_c
[7.766s] [100%] Built target micro_ros_msgs_s__rosidl_typesupport_introspection_c
[7.802s] [100%] Built target micro_ros_msgs_s__rosidl_typesupport_fastrtps_c
[7.820s] Invoked command in '/home/deimos/deimosExNihilo_ws/build/micro_ros_msgs' returned '0': CMAKE_PREFIX_PATH=${CMAKE_PREFIX_PATH}:/home/deimos/deimosExNihilo_ws/install/rover_teleop:/opt/ros/jazzy DEBUGINFOD_URLS=https://debuginfod.ubuntu.com /usr/bin/cmake --build /home/deimos/deimosExNihilo_ws/build/micro_ros_msgs -- -j12 -l12
[7.835s] Invoking command in '/home/deimos/deimosExNihilo_ws/build/micro_ros_msgs': CMAKE_PREFIX_PATH=${CMAKE_PREFIX_PATH}:/home/deimos/deimosExNihilo_ws/install/rover_teleop:/opt/ros/jazzy DEBUGINFOD_URLS=https://debuginfod.ubuntu.com /usr/bin/cmake --install /home/deimos/deimosExNihilo_ws/build/micro_ros_msgs
[7.849s] -- Install configuration: ""
[7.849s] -- Installing: /home/deimos/deimosExNihilo_ws/install/micro_ros_msgs/share/ament_index/resource_index/rosidl_interfaces/micro_ros_msgs
[7.849s] -- Installing: /home/deimos/deimosExNihilo_ws/install/micro_ros_msgs/share/micro_ros_msgs/msg/Graph.json
[7.850s] -- Installing: /home/deimos/deimosExNihilo_ws/install/micro_ros_msgs/share/micro_ros_msgs/msg/Node.json
[7.850s] -- Installing: /home/deimos/deimosExNihilo_ws/install/micro_ros_msgs/share/micro_ros_msgs/msg/Entity.json
[7.850s] -- Installing: /home/deimos/deimosExNihilo_ws/install/micro_ros_msgs/include/micro_ros_msgs/micro_ros_msgs
[7.850s] -- Installing: /home/deimos/deimosExNihilo_ws/install/micro_ros_msgs/include/micro_ros_msgs/micro_ros_msgs/msg
[7.850s] -- Installing: /home/deimos/deimosExNihilo_ws/install/micro_ros_msgs/include/micro_ros_msgs/micro_ros_msgs/msg/rosidl_generator_c__visibility_control.h
[7.850s] -- Installing: /home/deimos/deimosExNihilo_ws/install/micro_ros_msgs/include/micro_ros_msgs/micro_ros_msgs/msg/node.h
[7.851s] -- Installing: /home/deimos/deimosExNihilo_ws/install/micro_ros_msgs/include/micro_ros_msgs/micro_ros_msgs/msg/entity.h
[7.851s] -- Installing: /home/deimos/deimosExNihilo_ws/install/micro_ros_msgs/include/micro_ros_msgs/micro_ros_msgs/msg/detail
[7.851s] -- Installing: /home/deimos/deimosExNihilo_ws/install/micro_ros_msgs/include/micro_ros_msgs/micro_ros_msgs/msg/detail/graph__functions.c
[7.851s] -- Installing: /home/deimos/deimosExNihilo_ws/install/micro_ros_msgs/include/micro_ros_msgs/micro_ros_msgs/msg/detail/entity__type_support.h
[7.851s] -- Installing: /home/deimos/deimosExNihilo_ws/install/micro_ros_msgs/include/micro_ros_msgs/micro_ros_msgs/msg/detail/node__functions.c
[7.851s] -- Installing: /home/deimos/deimosExNihilo_ws/install/micro_ros_msgs/include/micro_ros_msgs/micro_ros_msgs/msg/detail/node__struct.h
[7.852s] -- Installing: /home/deimos/deimosExNihilo_ws/install/micro_ros_msgs/include/micro_ros_msgs/micro_ros_msgs/msg/detail/graph__type_support.c
[7.852s] -- Installing: /home/deimos/deimosExNihilo_ws/install/micro_ros_msgs/include/micro_ros_msgs/micro_ros_msgs/msg/detail/entity__functions.c
[7.852s] -- Installing: /home/deimos/deimosExNihilo_ws/install/micro_ros_msgs/include/micro_ros_msgs/micro_ros_msgs/msg/detail/node__type_support.c
[7.852s] -- Installing: /home/deimos/deimosExNihilo_ws/install/micro_ros_msgs/include/micro_ros_msgs/micro_ros_msgs/msg/detail/graph__type_support.h
[7.852s] -- Installing: /home/deimos/deimosExNihilo_ws/install/micro_ros_msgs/include/micro_ros_msgs/micro_ros_msgs/msg/detail/node__functions.h
[7.852s] -- Installing: /home/deimos/deimosExNihilo_ws/install/micro_ros_msgs/include/micro_ros_msgs/micro_ros_msgs/msg/detail/entity__type_support.c
[7.852s] -- Installing: /home/deimos/deimosExNihilo_ws/install/micro_ros_msgs/include/micro_ros_msgs/micro_ros_msgs/msg/detail/entity__functions.h
[7.852s] -- Installing: /home/deimos/deimosExNihilo_ws/install/micro_ros_msgs/include/micro_ros_msgs/micro_ros_msgs/msg/detail/node__type_support.h
[7.853s] -- Installing: /home/deimos/deimosExNihilo_ws/install/micro_ros_msgs/include/micro_ros_msgs/micro_ros_msgs/msg/detail/graph__functions.h
[7.853s] -- Installing: /home/deimos/deimosExNihilo_ws/install/micro_ros_msgs/include/micro_ros_msgs/micro_ros_msgs/msg/detail/graph__description.c
[7.853s] -- Installing: /home/deimos/deimosExNihilo_ws/install/micro_ros_msgs/include/micro_ros_msgs/micro_ros_msgs/msg/detail/graph__struct.h
[7.853s] -- Installing: /home/deimos/deimosExNihilo_ws/install/micro_ros_msgs/include/micro_ros_msgs/micro_ros_msgs/msg/detail/entity__struct.h
[7.853s] -- Installing: /home/deimos/deimosExNihilo_ws/install/micro_ros_msgs/include/micro_ros_msgs/micro_ros_msgs/msg/detail/entity__description.c
[7.853s] -- Installing: /home/deimos/deimosExNihilo_ws/install/micro_ros_msgs/include/micro_ros_msgs/micro_ros_msgs/msg/detail/node__description.c
[7.853s] -- Installing: /home/deimos/deimosExNihilo_ws/install/micro_ros_msgs/include/micro_ros_msgs/micro_ros_msgs/msg/graph.h
[7.853s] -- Installing: /home/deimos/deimosExNihilo_ws/install/micro_ros_msgs/share/micro_ros_msgs/environment/library_path.sh
[7.853s] -- Installing: /home/deimos/deimosExNihilo_ws/install/micro_ros_msgs/share/micro_ros_msgs/environment/library_path.dsv
[7.853s] -- Installing: /home/deimos/deimosExNihilo_ws/install/micro_ros_msgs/lib/libmicro_ros_msgs__rosidl_generator_c.so
[7.854s] -- Set non-toolchain portion of runtime path of "/home/deimos/deimosExNihilo_ws/install/micro_ros_msgs/lib/libmicro_ros_msgs__rosidl_generator_c.so" to ""
[7.854s] -- Up-to-date: /home/deimos/deimosExNihilo_ws/install/micro_ros_msgs/include/micro_ros_msgs/micro_ros_msgs
[7.854s] -- Up-to-date: /home/deimos/deimosExNihilo_ws/install/micro_ros_msgs/include/micro_ros_msgs/micro_ros_msgs/msg
[7.854s] -- Installing: /home/deimos/deimosExNihilo_ws/install/micro_ros_msgs/include/micro_ros_msgs/micro_ros_msgs/msg/rosidl_typesupport_fastrtps_c__visibility_control.h
[7.854s] -- Up-to-date: /home/deimos/deimosExNihilo_ws/install/micro_ros_msgs/include/micro_ros_msgs/micro_ros_msgs/msg/detail
[7.854s] -- Installing: /home/deimos/deimosExNihilo_ws/install/micro_ros_msgs/include/micro_ros_msgs/micro_ros_msgs/msg/detail/node__rosidl_typesupport_fastrtps_c.h
[7.854s] -- Installing: /home/deimos/deimosExNihilo_ws/install/micro_ros_msgs/include/micro_ros_msgs/micro_ros_msgs/msg/detail/graph__rosidl_typesupport_fastrtps_c.h
[7.854s] -- Installing: /home/deimos/deimosExNihilo_ws/install/micro_ros_msgs/include/micro_ros_msgs/micro_ros_msgs/msg/detail/entity__rosidl_typesupport_fastrtps_c.h
[7.855s] -- Installing: /home/deimos/deimosExNihilo_ws/install/micro_ros_msgs/lib/libmicro_ros_msgs__rosidl_typesupport_fastrtps_c.so
[7.855s] -- Set non-toolchain portion of runtime path of "/home/deimos/deimosExNihilo_ws/install/micro_ros_msgs/lib/libmicro_ros_msgs__rosidl_typesupport_fastrtps_c.so" to ""
[7.855s] -- Up-to-date: /home/deimos/deimosExNihilo_ws/install/micro_ros_msgs/include/micro_ros_msgs/micro_ros_msgs
[7.855s] -- Up-to-date: /home/deimos/deimosExNihilo_ws/install/micro_ros_msgs/include/micro_ros_msgs/micro_ros_msgs/msg
[7.855s] -- Up-to-date: /home/deimos/deimosExNihilo_ws/install/micro_ros_msgs/include/micro_ros_msgs/micro_ros_msgs/msg/detail
[7.855s] -- Installing: /home/deimos/deimosExNihilo_ws/install/micro_ros_msgs/include/micro_ros_msgs/micro_ros_msgs/msg/detail/graph__type_support.c
[7.855s] -- Installing: /home/deimos/deimosExNihilo_ws/install/micro_ros_msgs/include/micro_ros_msgs/micro_ros_msgs/msg/detail/node__type_support.c
[7.855s] -- Installing: /home/deimos/deimosExNihilo_ws/install/micro_ros_msgs/include/micro_ros_msgs/micro_ros_msgs/msg/detail/entity__type_support.c
[7.855s] -- Installing: /home/deimos/deimosExNihilo_ws/install/micro_ros_msgs/include/micro_ros_msgs/micro_ros_msgs/msg/detail/graph__rosidl_typesupport_introspection_c.h
[7.856s] -- Installing: /home/deimos/deimosExNihilo_ws/install/micro_ros_msgs/include/micro_ros_msgs/micro_ros_msgs/msg/detail/entity__rosidl_typesupport_introspection_c.h
[7.856s] -- Installing: /home/deimos/deimosExNihilo_ws/install/micro_ros_msgs/include/micro_ros_msgs/micro_ros_msgs/msg/detail/node__rosidl_typesupport_introspection_c.h
[7.856s] -- Installing: /home/deimos/deimosExNihilo_ws/install/micro_ros_msgs/include/micro_ros_msgs/micro_ros_msgs/msg/rosidl_typesupport_introspection_c__visibility_control.h
[7.856s] -- Installing: /home/deimos/deimosExNihilo_ws/install/micro_ros_msgs/lib/libmicro_ros_msgs__rosidl_typesupport_introspection_c.so
[7.856s] -- Set non-toolchain portion of runtime path of "/home/deimos/deimosExNihilo_ws/install/micro_ros_msgs/lib/libmicro_ros_msgs__rosidl_typesupport_introspection_c.so" to ""
[7.856s] -- Installing: /home/deimos/deimosExNihilo_ws/install/micro_ros_msgs/lib/libmicro_ros_msgs__rosidl_typesupport_c.so
[7.856s] -- Set non-toolchain portion of runtime path of "/home/deimos/deimosExNihilo_ws/install/micro_ros_msgs/lib/libmicro_ros_msgs__rosidl_typesupport_c.so" to ""
[7.856s] -- Up-to-date: /home/deimos/deimosExNihilo_ws/install/micro_ros_msgs/include/micro_ros_msgs/micro_ros_msgs
[7.856s] -- Up-to-date: /home/deimos/deimosExNihilo_ws/install/micro_ros_msgs/include/micro_ros_msgs/micro_ros_msgs/msg
[7.857s] -- Installing: /home/deimos/deimosExNihilo_ws/install/micro_ros_msgs/include/micro_ros_msgs/micro_ros_msgs/msg/rosidl_generator_cpp__visibility_control.hpp
[7.857s] -- Installing: /home/deimos/deimosExNihilo_ws/install/micro_ros_msgs/include/micro_ros_msgs/micro_ros_msgs/msg/entity.hpp
[7.857s] -- Installing: /home/deimos/deimosExNihilo_ws/install/micro_ros_msgs/include/micro_ros_msgs/micro_ros_msgs/msg/node.hpp
[7.857s] -- Installing: /home/deimos/deimosExNihilo_ws/install/micro_ros_msgs/include/micro_ros_msgs/micro_ros_msgs/msg/graph.hpp
[7.857s] -- Up-to-date: /home/deimos/deimosExNihilo_ws/install/micro_ros_msgs/include/micro_ros_msgs/micro_ros_msgs/msg/detail
[7.857s] -- Installing: /home/deimos/deimosExNihilo_ws/install/micro_ros_msgs/include/micro_ros_msgs/micro_ros_msgs/msg/detail/node__builder.hpp
[7.857s] -- Installing: /home/deimos/deimosExNihilo_ws/install/micro_ros_msgs/include/micro_ros_msgs/micro_ros_msgs/msg/detail/entity__builder.hpp
[7.857s] -- Installing: /home/deimos/deimosExNihilo_ws/install/micro_ros_msgs/include/micro_ros_msgs/micro_ros_msgs/msg/detail/node__struct.hpp
[7.858s] -- Installing: /home/deimos/deimosExNihilo_ws/install/micro_ros_msgs/include/micro_ros_msgs/micro_ros_msgs/msg/detail/graph__type_support.hpp
[7.858s] -- Installing: /home/deimos/deimosExNihilo_ws/install/micro_ros_msgs/include/micro_ros_msgs/micro_ros_msgs/msg/detail/node__type_support.hpp
[7.858s] -- Installing: /home/deimos/deimosExNihilo_ws/install/micro_ros_msgs/include/micro_ros_msgs/micro_ros_msgs/msg/detail/node__traits.hpp
[7.858s] -- Installing: /home/deimos/deimosExNihilo_ws/install/micro_ros_msgs/include/micro_ros_msgs/micro_ros_msgs/msg/detail/graph__struct.hpp
[7.858s] -- Installing: /home/deimos/deimosExNihilo_ws/install/micro_ros_msgs/include/micro_ros_msgs/micro_ros_msgs/msg/detail/entity__type_support.hpp
[7.858s] -- Installing: /home/deimos/deimosExNihilo_ws/install/micro_ros_msgs/include/micro_ros_msgs/micro_ros_msgs/msg/detail/entity__traits.hpp
[7.859s] -- Installing: /home/deimos/deimosExNihilo_ws/install/micro_ros_msgs/include/micro_ros_msgs/micro_ros_msgs/msg/detail/graph__builder.hpp
[7.859s] -- Installing: /home/deimos/deimosExNihilo_ws/install/micro_ros_msgs/include/micro_ros_msgs/micro_ros_msgs/msg/detail/graph__traits.hpp
[7.859s] -- Installing: /home/deimos/deimosExNihilo_ws/install/micro_ros_msgs/include/micro_ros_msgs/micro_ros_msgs/msg/detail/entity__struct.hpp
[7.859s] -- Up-to-date: /home/deimos/deimosExNihilo_ws/install/micro_ros_msgs/include/micro_ros_msgs/micro_ros_msgs
[7.860s] -- Up-to-date: /home/deimos/deimosExNihilo_ws/install/micro_ros_msgs/include/micro_ros_msgs/micro_ros_msgs/msg
[7.860s] -- Installing: /home/deimos/deimosExNihilo_ws/install/micro_ros_msgs/include/micro_ros_msgs/micro_ros_msgs/msg/rosidl_typesupport_fastrtps_cpp__visibility_control.h
[7.860s] -- Up-to-date: /home/deimos/deimosExNihilo_ws/install/micro_ros_msgs/include/micro_ros_msgs/micro_ros_msgs/msg/detail
[7.860s] -- Installing: /home/deimos/deimosExNihilo_ws/install/micro_ros_msgs/include/micro_ros_msgs/micro_ros_msgs/msg/detail/node__rosidl_typesupport_fastrtps_cpp.hpp
[7.861s] -- Installing: /home/deimos/deimosExNihilo_ws/install/micro_ros_msgs/include/micro_ros_msgs/micro_ros_msgs/msg/detail/dds_fastrtps
[7.861s] -- Installing: /home/deimos/deimosExNihilo_ws/install/micro_ros_msgs/include/micro_ros_msgs/micro_ros_msgs/msg/detail/graph__rosidl_typesupport_fastrtps_cpp.hpp
[7.861s] -- Installing: /home/deimos/deimosExNihilo_ws/install/micro_ros_msgs/include/micro_ros_msgs/micro_ros_msgs/msg/detail/entity__rosidl_typesupport_fastrtps_cpp.hpp
[7.861s] -- Installing: /home/deimos/deimosExNihilo_ws/install/micro_ros_msgs/lib/libmicro_ros_msgs__rosidl_typesupport_fastrtps_cpp.so
[7.861s] -- Set non-toolchain portion of runtime path of "/home/deimos/deimosExNihilo_ws/install/micro_ros_msgs/lib/libmicro_ros_msgs__rosidl_typesupport_fastrtps_cpp.so" to ""
[7.862s] -- Up-to-date: /home/deimos/deimosExNihilo_ws/install/micro_ros_msgs/include/micro_ros_msgs/micro_ros_msgs
[7.862s] -- Up-to-date: /home/deimos/deimosExNihilo_ws/install/micro_ros_msgs/include/micro_ros_msgs/micro_ros_msgs/msg
[7.862s] -- Up-to-date: /home/deimos/deimosExNihilo_ws/install/micro_ros_msgs/include/micro_ros_msgs/micro_ros_msgs/msg/detail
[7.862s] -- Installing: /home/deimos/deimosExNihilo_ws/install/micro_ros_msgs/include/micro_ros_msgs/micro_ros_msgs/msg/detail/entity__type_support.cpp
[7.862s] -- Installing: /home/deimos/deimosExNihilo_ws/install/micro_ros_msgs/include/micro_ros_msgs/micro_ros_msgs/msg/detail/entity__rosidl_typesupport_introspection_cpp.hpp
[7.863s] -- Installing: /home/deimos/deimosExNihilo_ws/install/micro_ros_msgs/include/micro_ros_msgs/micro_ros_msgs/msg/detail/node__type_support.cpp
[7.863s] -- Installing: /home/deimos/deimosExNihilo_ws/install/micro_ros_msgs/include/micro_ros_msgs/micro_ros_msgs/msg/detail/graph__rosidl_typesupport_introspection_cpp.hpp
[7.863s] -- Installing: /home/deimos/deimosExNihilo_ws/install/micro_ros_msgs/include/micro_ros_msgs/micro_ros_msgs/msg/detail/node__rosidl_typesupport_introspection_cpp.hpp
[7.863s] -- Installing: /home/deimos/deimosExNihilo_ws/install/micro_ros_msgs/include/micro_ros_msgs/micro_ros_msgs/msg/detail/graph__type_support.cpp
[7.863s] -- Installing: /home/deimos/deimosExNihilo_ws/install/micro_ros_msgs/lib/libmicro_ros_msgs__rosidl_typesupport_introspection_cpp.so
[7.863s] -- Set non-toolchain portion of runtime path of "/home/deimos/deimosExNihilo_ws/install/micro_ros_msgs/lib/libmicro_ros_msgs__rosidl_typesupport_introspection_cpp.so" to ""
[7.863s] -- Installing: /home/deimos/deimosExNihilo_ws/install/micro_ros_msgs/lib/libmicro_ros_msgs__rosidl_typesupport_cpp.so
[7.863s] -- Set non-toolchain portion of runtime path of "/home/deimos/deimosExNihilo_ws/install/micro_ros_msgs/lib/libmicro_ros_msgs__rosidl_typesupport_cpp.so" to ""
[7.864s] -- Installing: /home/deimos/deimosExNihilo_ws/install/micro_ros_msgs/share/micro_ros_msgs/environment/pythonpath.sh
[7.864s] -- Installing: /home/deimos/deimosExNihilo_ws/install/micro_ros_msgs/share/micro_ros_msgs/environment/pythonpath.dsv
[7.864s] -- Installing: /home/deimos/deimosExNihilo_ws/install/micro_ros_msgs/lib/python3.12/site-packages/micro_ros_msgs-5.0.2-py3.12.egg-info
[7.864s] -- Installing: /home/deimos/deimosExNihilo_ws/install/micro_ros_msgs/lib/python3.12/site-packages/micro_ros_msgs-5.0.2-py3.12.egg-info/dependency_links.txt
[7.864s] -- Installing: /home/deimos/deimosExNihilo_ws/install/micro_ros_msgs/lib/python3.12/site-packages/micro_ros_msgs-5.0.2-py3.12.egg-info/top_level.txt
[7.864s] -- Installing: /home/deimos/deimosExNihilo_ws/install/micro_ros_msgs/lib/python3.12/site-packages/micro_ros_msgs-5.0.2-py3.12.egg-info/SOURCES.txt
[7.864s] -- Installing: /home/deimos/deimosExNihilo_ws/install/micro_ros_msgs/lib/python3.12/site-packages/micro_ros_msgs-5.0.2-py3.12.egg-info/PKG-INFO
[7.864s] -- Installing: /home/deimos/deimosExNihilo_ws/install/micro_ros_msgs/lib/python3.12/site-packages/micro_ros_msgs
[7.864s] -- Installing: /home/deimos/deimosExNihilo_ws/install/micro_ros_msgs/lib/python3.12/site-packages/micro_ros_msgs/_micro_ros_msgs_s.ep.rosidl_typesupport_c.c
[7.864s] -- Installing: /home/deimos/deimosExNihilo_ws/install/micro_ros_msgs/lib/python3.12/site-packages/micro_ros_msgs/micro_ros_msgs_s__rosidl_typesupport_c.so
[7.865s] -- Installing: /home/deimos/deimosExNihilo_ws/install/micro_ros_msgs/lib/python3.12/site-packages/micro_ros_msgs/msg
[7.865s] -- Installing: /home/deimos/deimosExNihilo_ws/install/micro_ros_msgs/lib/python3.12/site-packages/micro_ros_msgs/msg/_node_s.c
[7.865s] -- Installing: /home/deimos/deimosExNihilo_ws/install/micro_ros_msgs/lib/python3.12/site-packages/micro_ros_msgs/msg/_entity.py
[7.865s] -- Installing: /home/deimos/deimosExNihilo_ws/install/micro_ros_msgs/lib/python3.12/site-packages/micro_ros_msgs/msg/_graph.py
[7.865s] -- Installing: /home/deimos/deimosExNihilo_ws/install/micro_ros_msgs/lib/python3.12/site-packages/micro_ros_msgs/msg/_entity_s.c
[7.865s] -- Installing: /home/deimos/deimosExNihilo_ws/install/micro_ros_msgs/lib/python3.12/site-packages/micro_ros_msgs/msg/_node.py
[7.865s] -- Installing: /home/deimos/deimosExNihilo_ws/install/micro_ros_msgs/lib/python3.12/site-packages/micro_ros_msgs/msg/__init__.py
[7.865s] -- Installing: /home/deimos/deimosExNihilo_ws/install/micro_ros_msgs/lib/python3.12/site-packages/micro_ros_msgs/msg/_graph_s.c
[7.866s] -- Installing: /home/deimos/deimosExNihilo_ws/install/micro_ros_msgs/lib/python3.12/site-packages/micro_ros_msgs/_micro_ros_msgs_s.ep.rosidl_typesupport_introspection_c.c
[7.866s] -- Installing: /home/deimos/deimosExNihilo_ws/install/micro_ros_msgs/lib/python3.12/site-packages/micro_ros_msgs/micro_ros_msgs_s__rosidl_typesupport_fastrtps_c.so
[7.866s] -- Installing: /home/deimos/deimosExNihilo_ws/install/micro_ros_msgs/lib/python3.12/site-packages/micro_ros_msgs/_micro_ros_msgs_s.ep.rosidl_typesupport_fastrtps_c.c
[7.866s] -- Installing: /home/deimos/deimosExNihilo_ws/install/micro_ros_msgs/lib/python3.12/site-packages/micro_ros_msgs/__init__.py
[7.866s] -- Installing: /home/deimos/deimosExNihilo_ws/install/micro_ros_msgs/lib/python3.12/site-packages/micro_ros_msgs/micro_ros_msgs_s__rosidl_typesupport_introspection_c.so
[7.937s] Listing '/home/deimos/deimosExNihilo_ws/install/micro_ros_msgs/lib/python3.12/site-packages/micro_ros_msgs'...
[7.938s] Compiling '/home/deimos/deimosExNihilo_ws/install/micro_ros_msgs/lib/python3.12/site-packages/micro_ros_msgs/__init__.py'...
[7.938s] Listing '/home/deimos/deimosExNihilo_ws/install/micro_ros_msgs/lib/python3.12/site-packages/micro_ros_msgs/msg'...
[7.938s] Compiling '/home/deimos/deimosExNihilo_ws/install/micro_ros_msgs/lib/python3.12/site-packages/micro_ros_msgs/msg/__init__.py'...
[7.938s] Compiling '/home/deimos/deimosExNihilo_ws/install/micro_ros_msgs/lib/python3.12/site-packages/micro_ros_msgs/msg/_entity.py'...
[7.938s] Compiling '/home/deimos/deimosExNihilo_ws/install/micro_ros_msgs/lib/python3.12/site-packages/micro_ros_msgs/msg/_graph.py'...
[7.938s] Compiling '/home/deimos/deimosExNihilo_ws/install/micro_ros_msgs/lib/python3.12/site-packages/micro_ros_msgs/msg/_node.py'...
[7.946s] -- Installing: /home/deimos/deimosExNihilo_ws/install/micro_ros_msgs/lib/python3.12/site-packages/micro_ros_msgs/micro_ros_msgs_s__rosidl_typesupport_fastrtps_c.so
[7.946s] -- Set non-toolchain portion of runtime path of "/home/deimos/deimosExNihilo_ws/install/micro_ros_msgs/lib/python3.12/site-packages/micro_ros_msgs/micro_ros_msgs_s__rosidl_typesupport_fastrtps_c.so" to ""
[7.946s] -- Installing: /home/deimos/deimosExNihilo_ws/install/micro_ros_msgs/lib/python3.12/site-packages/micro_ros_msgs/micro_ros_msgs_s__rosidl_typesupport_introspection_c.so
[7.947s] -- Set non-toolchain portion of runtime path of "/home/deimos/deimosExNihilo_ws/install/micro_ros_msgs/lib/python3.12/site-packages/micro_ros_msgs/micro_ros_msgs_s__rosidl_typesupport_introspection_c.so" to ""
[7.947s] -- Installing: /home/deimos/deimosExNihilo_ws/install/micro_ros_msgs/lib/python3.12/site-packages/micro_ros_msgs/micro_ros_msgs_s__rosidl_typesupport_c.so
[7.947s] -- Set non-toolchain portion of runtime path of "/home/deimos/deimosExNihilo_ws/install/micro_ros_msgs/lib/python3.12/site-packages/micro_ros_msgs/micro_ros_msgs_s__rosidl_typesupport_c.so" to ""
[7.947s] -- Installing: /home/deimos/deimosExNihilo_ws/install/micro_ros_msgs/lib/libmicro_ros_msgs__rosidl_generator_py.so
[7.947s] -- Set non-toolchain portion of runtime path of "/home/deimos/deimosExNihilo_ws/install/micro_ros_msgs/lib/libmicro_ros_msgs__rosidl_generator_py.so" to ""
[7.947s] -- Installing: /home/deimos/deimosExNihilo_ws/install/micro_ros_msgs/share/micro_ros_msgs/msg/Graph.idl
[7.947s] -- Installing: /home/deimos/deimosExNihilo_ws/install/micro_ros_msgs/share/micro_ros_msgs/msg/Node.idl
[7.947s] -- Installing: /home/deimos/deimosExNihilo_ws/install/micro_ros_msgs/share/micro_ros_msgs/msg/Entity.idl
[7.947s] -- Installing: /home/deimos/deimosExNihilo_ws/install/micro_ros_msgs/share/micro_ros_msgs/msg/Graph.msg
[7.948s] -- Installing: /home/deimos/deimosExNihilo_ws/install/micro_ros_msgs/share/micro_ros_msgs/msg/Node.msg
[7.948s] -- Installing: /home/deimos/deimosExNihilo_ws/install/micro_ros_msgs/share/micro_ros_msgs/msg/Entity.msg
[7.948s] -- Installing: /home/deimos/deimosExNihilo_ws/install/micro_ros_msgs/share/ament_index/resource_index/package_run_dependencies/micro_ros_msgs
[7.948s] -- Installing: /home/deimos/deimosExNihilo_ws/install/micro_ros_msgs/share/ament_index/resource_index/parent_prefix_path/micro_ros_msgs
[7.949s] -- Installing: /home/deimos/deimosExNihilo_ws/install/micro_ros_msgs/share/micro_ros_msgs/environment/ament_prefix_path.sh
[7.949s] -- Installing: /home/deimos/deimosExNihilo_ws/install/micro_ros_msgs/share/micro_ros_msgs/environment/ament_prefix_path.dsv
[7.949s] -- Installing: /home/deimos/deimosExNihilo_ws/install/micro_ros_msgs/share/micro_ros_msgs/environment/path.sh
[7.949s] -- Installing: /home/deimos/deimosExNihilo_ws/install/micro_ros_msgs/share/micro_ros_msgs/environment/path.dsv
[7.949s] -- Installing: /home/deimos/deimosExNihilo_ws/install/micro_ros_msgs/share/micro_ros_msgs/local_setup.bash
[7.949s] -- Installing: /home/deimos/deimosExNihilo_ws/install/micro_ros_msgs/share/micro_ros_msgs/local_setup.sh
[7.949s] -- Installing: /home/deimos/deimosExNihilo_ws/install/micro_ros_msgs/share/micro_ros_msgs/local_setup.zsh
[7.949s] -- Installing: /home/deimos/deimosExNihilo_ws/install/micro_ros_msgs/share/micro_ros_msgs/local_setup.dsv
[7.949s] -- Installing: /home/deimos/deimosExNihilo_ws/install/micro_ros_msgs/share/micro_ros_msgs/package.dsv
[7.949s] -- Installing: /home/deimos/deimosExNihilo_ws/install/micro_ros_msgs/share/ament_index/resource_index/packages/micro_ros_msgs
[7.949s] -- Installing: /home/deimos/deimosExNihilo_ws/install/micro_ros_msgs/share/micro_ros_msgs/cmake/export_micro_ros_msgs__rosidl_generator_cExport.cmake
[7.950s] -- Installing: /home/deimos/deimosExNihilo_ws/install/micro_ros_msgs/share/micro_ros_msgs/cmake/export_micro_ros_msgs__rosidl_generator_cExport-noconfig.cmake
[7.950s] -- Installing: /home/deimos/deimosExNihilo_ws/install/micro_ros_msgs/share/micro_ros_msgs/cmake/export_micro_ros_msgs__rosidl_typesupport_fastrtps_cExport.cmake
[7.950s] -- Installing: /home/deimos/deimosExNihilo_ws/install/micro_ros_msgs/share/micro_ros_msgs/cmake/export_micro_ros_msgs__rosidl_typesupport_fastrtps_cExport-noconfig.cmake
[7.950s] -- Installing: /home/deimos/deimosExNihilo_ws/install/micro_ros_msgs/share/micro_ros_msgs/cmake/micro_ros_msgs__rosidl_typesupport_introspection_cExport.cmake
[7.950s] -- Installing: /home/deimos/deimosExNihilo_ws/install/micro_ros_msgs/share/micro_ros_msgs/cmake/micro_ros_msgs__rosidl_typesupport_introspection_cExport-noconfig.cmake
[7.950s] -- Installing: /home/deimos/deimosExNihilo_ws/install/micro_ros_msgs/share/micro_ros_msgs/cmake/micro_ros_msgs__rosidl_typesupport_cExport.cmake
[7.950s] -- Installing: /home/deimos/deimosExNihilo_ws/install/micro_ros_msgs/share/micro_ros_msgs/cmake/micro_ros_msgs__rosidl_typesupport_cExport-noconfig.cmake
[7.950s] -- Installing: /home/deimos/deimosExNihilo_ws/install/micro_ros_msgs/share/micro_ros_msgs/cmake/export_micro_ros_msgs__rosidl_generator_cppExport.cmake
[7.950s] -- Installing: /home/deimos/deimosExNihilo_ws/install/micro_ros_msgs/share/micro_ros_msgs/cmake/export_micro_ros_msgs__rosidl_typesupport_fastrtps_cppExport.cmake
[7.950s] -- Installing: /home/deimos/deimosExNihilo_ws/install/micro_ros_msgs/share/micro_ros_msgs/cmake/export_micro_ros_msgs__rosidl_typesupport_fastrtps_cppExport-noconfig.cmake
[7.951s] -- Installing: /home/deimos/deimosExNihilo_ws/install/micro_ros_msgs/share/micro_ros_msgs/cmake/micro_ros_msgs__rosidl_typesupport_introspection_cppExport.cmake
[7.951s] -- Installing: /home/deimos/deimosExNihilo_ws/install/micro_ros_msgs/share/micro_ros_msgs/cmake/micro_ros_msgs__rosidl_typesupport_introspection_cppExport-noconfig.cmake
[7.951s] -- Installing: /home/deimos/deimosExNihilo_ws/install/micro_ros_msgs/share/micro_ros_msgs/cmake/micro_ros_msgs__rosidl_typesupport_cppExport.cmake
[7.951s] -- Installing: /home/deimos/deimosExNihilo_ws/install/micro_ros_msgs/share/micro_ros_msgs/cmake/micro_ros_msgs__rosidl_typesupport_cppExport-noconfig.cmake
[7.951s] -- Installing: /home/deimos/deimosExNihilo_ws/install/micro_ros_msgs/share/micro_ros_msgs/cmake/export_micro_ros_msgs__rosidl_generator_pyExport.cmake
[7.951s] -- Installing: /home/deimos/deimosExNihilo_ws/install/micro_ros_msgs/share/micro_ros_msgs/cmake/export_micro_ros_msgs__rosidl_generator_pyExport-noconfig.cmake
[7.951s] -- Installing: /home/deimos/deimosExNihilo_ws/install/micro_ros_msgs/share/micro_ros_msgs/cmake/rosidl_cmake-extras.cmake
[7.951s] -- Installing: /home/deimos/deimosExNihilo_ws/install/micro_ros_msgs/share/micro_ros_msgs/cmake/ament_cmake_export_include_directories-extras.cmake
[7.951s] -- Installing: /home/deimos/deimosExNihilo_ws/install/micro_ros_msgs/share/micro_ros_msgs/cmake/ament_cmake_export_libraries-extras.cmake
[7.951s] -- Installing: /home/deimos/deimosExNihilo_ws/install/micro_ros_msgs/share/micro_ros_msgs/cmake/ament_cmake_export_targets-extras.cmake
[7.951s] -- Installing: /home/deimos/deimosExNihilo_ws/install/micro_ros_msgs/share/micro_ros_msgs/cmake/rosidl_cmake_export_typesupport_targets-extras.cmake
[7.951s] -- Installing: /home/deimos/deimosExNihilo_ws/install/micro_ros_msgs/share/micro_ros_msgs/cmake/ament_cmake_export_dependencies-extras.cmake
[7.951s] -- Installing: /home/deimos/deimosExNihilo_ws/install/micro_ros_msgs/share/micro_ros_msgs/cmake/rosidl_cmake_export_typesupport_libraries-extras.cmake
[7.952s] -- Installing: /home/deimos/deimosExNihilo_ws/install/micro_ros_msgs/share/micro_ros_msgs/cmake/micro_ros_msgsConfig.cmake
[7.952s] -- Installing: /home/deimos/deimosExNihilo_ws/install/micro_ros_msgs/share/micro_ros_msgs/cmake/micro_ros_msgsConfig-version.cmake
[7.952s] -- Installing: /home/deimos/deimosExNihilo_ws/install/micro_ros_msgs/share/micro_ros_msgs/package.xml
[7.955s] Invoked command in '/home/deimos/deimosExNihilo_ws/build/micro_ros_msgs' returned '0': CMAKE_PREFIX_PATH=${CMAKE_PREFIX_PATH}:/home/deimos/deimosExNihilo_ws/install/rover_teleop:/opt/ros/jazzy DEBUGINFOD_URLS=https://debuginfod.ubuntu.com /usr/bin/cmake --install /home/deimos/deimosExNihilo_ws/build/micro_ros_msgs
