[0.115s] DEBUG:colcon:Command line arguments: ['/usr/bin/colcon', 'build']
[0.115s] DEBUG:colcon:Parsed command line arguments: Namespace(log_base=None, log_level=None, verb_name='build', build_base='build', install_base='install', merge_install=False, symlink_install=False, test_result_base=None, continue_on_error=False, executor='parallel', parallel_workers=12, event_handlers=None, ignore_user_meta=False, metas=['./colcon.meta'], base_paths=['.'], packages_ignore=None, packages_ignore_regex=None, paths=None, packages_up_to=None, packages_up_to_regex=None, packages_above=None, packages_above_and_dependencies=None, packages_above_depth=None, packages_select_by_dep=None, packages_skip_by_dep=None, packages_skip_up_to=None, packages_select_build_failed=False, packages_skip_build_finished=False, packages_select_test_failures=False, packages_skip_test_passed=False, packages_select=None, packages_skip=None, packages_select_regex=None, packages_skip_regex=None, packages_start=None, packages_end=None, allow_overriding=[], cmake_args=None, cmake_target=None, cmake_target_skip_unavailable=False, cmake_clean_cache=False, cmake_clean_first=False, cmake_force_configure=False, ament_cmake_args=None, catkin_cmake_args=None, catkin_skip_building_tests=False, mixin_files=None, mixin=None, verb_parser=<colcon_mixin.mixin.mixin_argument.MixinArgumentDecorator object at 0x7f7ecd477fe0>, verb_extension=<colcon_core.verb.build.BuildVerb object at 0x7f7ecd477d40>, main=<bound method BuildVerb.main of <colcon_core.verb.build.BuildVerb object at 0x7f7ecd477d40>>, mixin_verb=('build',))
[0.159s] Level 1:colcon.colcon_core.package_discovery:discover_packages(colcon_meta) check parameters
[0.159s] Level 1:colcon.colcon_core.package_discovery:discover_packages(recursive) check parameters
[0.159s] Level 1:colcon.colcon_core.package_discovery:discover_packages(ignore) check parameters
[0.159s] Level 1:colcon.colcon_core.package_discovery:discover_packages(path) check parameters
[0.159s] Level 1:colcon.colcon_core.package_discovery:discover_packages(colcon_meta) discover
[0.159s] Level 1:colcon.colcon_core.package_discovery:discover_packages(recursive) discover
[0.159s] INFO:colcon.colcon_core.package_discovery:Crawling recursively for packages in '/home/deimos/deimosExNihilo_ws'
[0.160s] Level 1:colcon.colcon_core.package_identification:_identify(.) by extensions ['ignore', 'ignore_ament_install']
[0.160s] Level 1:colcon.colcon_core.package_identification:_identify(.) by extension 'ignore'
[0.160s] Level 1:colcon.colcon_core.package_identification:_identify(.) by extension 'ignore_ament_install'
[0.160s] Level 1:colcon.colcon_core.package_identification:_identify(.) by extensions ['colcon_pkg']
[0.160s] Level 1:colcon.colcon_core.package_identification:_identify(.) by extension 'colcon_pkg'
[0.160s] Level 1:colcon.colcon_core.package_identification:_identify(.) by extensions ['colcon_meta']
[0.160s] Level 1:colcon.colcon_core.package_identification:_identify(.) by extension 'colcon_meta'
[0.160s] Level 1:colcon.colcon_core.package_identification:_identify(.) by extensions ['ros']
[0.160s] Level 1:colcon.colcon_core.package_identification:_identify(.) by extension 'ros'
[0.190s] Level 1:colcon.colcon_core.package_identification:_identify(.) by extensions ['cmake', 'python']
[0.190s] Level 1:colcon.colcon_core.package_identification:_identify(.) by extension 'cmake'
[0.190s] Level 1:colcon.colcon_core.package_identification:_identify(.) by extension 'python'
[0.190s] Level 1:colcon.colcon_core.package_identification:_identify(.) by extensions ['python_setup_py']
[0.190s] Level 1:colcon.colcon_core.package_identification:_identify(.) by extension 'python_setup_py'
[0.191s] Level 1:colcon.colcon_core.package_identification:_identify(build) by extensions ['ignore', 'ignore_ament_install']
[0.191s] Level 1:colcon.colcon_core.package_identification:_identify(build) by extension 'ignore'
[0.191s] Level 1:colcon.colcon_core.package_identification:_identify(build) ignored
[0.191s] Level 1:colcon.colcon_core.package_identification:_identify(install) by extensions ['ignore', 'ignore_ament_install']
[0.191s] Level 1:colcon.colcon_core.package_identification:_identify(install) by extension 'ignore'
[0.191s] Level 1:colcon.colcon_core.package_identification:_identify(install) ignored
[0.191s] Level 1:colcon.colcon_core.package_identification:_identify(log) by extensions ['ignore', 'ignore_ament_install']
[0.191s] Level 1:colcon.colcon_core.package_identification:_identify(log) by extension 'ignore'
[0.191s] Level 1:colcon.colcon_core.package_identification:_identify(log) ignored
[0.191s] Level 1:colcon.colcon_core.package_identification:_identify(microControllerSrc) by extensions ['ignore', 'ignore_ament_install']
[0.191s] Level 1:colcon.colcon_core.package_identification:_identify(microControllerSrc) by extension 'ignore'
[0.191s] Level 1:colcon.colcon_core.package_identification:_identify(microControllerSrc) by extension 'ignore_ament_install'
[0.191s] Level 1:colcon.colcon_core.package_identification:_identify(microControllerSrc) by extensions ['colcon_pkg']
[0.192s] Level 1:colcon.colcon_core.package_identification:_identify(microControllerSrc) by extension 'colcon_pkg'
[0.192s] Level 1:colcon.colcon_core.package_identification:_identify(microControllerSrc) by extensions ['colcon_meta']
[0.192s] Level 1:colcon.colcon_core.package_identification:_identify(microControllerSrc) by extension 'colcon_meta'
[0.192s] Level 1:colcon.colcon_core.package_identification:_identify(microControllerSrc) by extensions ['ros']
[0.192s] Level 1:colcon.colcon_core.package_identification:_identify(microControllerSrc) by extension 'ros'
[0.192s] Level 1:colcon.colcon_core.package_identification:_identify(microControllerSrc) by extensions ['cmake', 'python']
[0.192s] Level 1:colcon.colcon_core.package_identification:_identify(microControllerSrc) by extension 'cmake'
[0.192s] Level 1:colcon.colcon_core.package_identification:_identify(microControllerSrc) by extension 'python'
[0.192s] Level 1:colcon.colcon_core.package_identification:_identify(microControllerSrc) by extensions ['python_setup_py']
[0.192s] Level 1:colcon.colcon_core.package_identification:_identify(microControllerSrc) by extension 'python_setup_py'
[0.192s] Level 1:colcon.colcon_core.package_identification:_identify(microControllerSrc/controlSketch) by extensions ['ignore', 'ignore_ament_install']
[0.192s] Level 1:colcon.colcon_core.package_identification:_identify(microControllerSrc/controlSketch) by extension 'ignore'
[0.192s] Level 1:colcon.colcon_core.package_identification:_identify(microControllerSrc/controlSketch) by extension 'ignore_ament_install'
[0.192s] Level 1:colcon.colcon_core.package_identification:_identify(microControllerSrc/controlSketch) by extensions ['colcon_pkg']
[0.192s] Level 1:colcon.colcon_core.package_identification:_identify(microControllerSrc/controlSketch) by extension 'colcon_pkg'
[0.192s] Level 1:colcon.colcon_core.package_identification:_identify(microControllerSrc/controlSketch) by extensions ['colcon_meta']
[0.192s] Level 1:colcon.colcon_core.package_identification:_identify(microControllerSrc/controlSketch) by extension 'colcon_meta'
[0.192s] Level 1:colcon.colcon_core.package_identification:_identify(microControllerSrc/controlSketch) by extensions ['ros']
[0.192s] Level 1:colcon.colcon_core.package_identification:_identify(microControllerSrc/controlSketch) by extension 'ros'
[0.192s] Level 1:colcon.colcon_core.package_identification:_identify(microControllerSrc/controlSketch) by extensions ['cmake', 'python']
[0.192s] Level 1:colcon.colcon_core.package_identification:_identify(microControllerSrc/controlSketch) by extension 'cmake'
[0.192s] Level 1:colcon.colcon_core.package_identification:_identify(microControllerSrc/controlSketch) by extension 'python'
[0.192s] Level 1:colcon.colcon_core.package_identification:_identify(microControllerSrc/controlSketch) by extensions ['python_setup_py']
[0.192s] Level 1:colcon.colcon_core.package_identification:_identify(microControllerSrc/controlSketch) by extension 'python_setup_py'
[0.193s] Level 1:colcon.colcon_core.package_identification:_identify(src) by extensions ['ignore', 'ignore_ament_install']
[0.193s] Level 1:colcon.colcon_core.package_identification:_identify(src) by extension 'ignore'
[0.193s] Level 1:colcon.colcon_core.package_identification:_identify(src) by extension 'ignore_ament_install'
[0.193s] Level 1:colcon.colcon_core.package_identification:_identify(src) by extensions ['colcon_pkg']
[0.193s] Level 1:colcon.colcon_core.package_identification:_identify(src) by extension 'colcon_pkg'
[0.193s] Level 1:colcon.colcon_core.package_identification:_identify(src) by extensions ['colcon_meta']
[0.193s] Level 1:colcon.colcon_core.package_identification:_identify(src) by extension 'colcon_meta'
[0.193s] Level 1:colcon.colcon_core.package_identification:_identify(src) by extensions ['ros']
[0.193s] Level 1:colcon.colcon_core.package_identification:_identify(src) by extension 'ros'
[0.193s] Level 1:colcon.colcon_core.package_identification:_identify(src) by extensions ['cmake', 'python']
[0.193s] Level 1:colcon.colcon_core.package_identification:_identify(src) by extension 'cmake'
[0.193s] Level 1:colcon.colcon_core.package_identification:_identify(src) by extension 'python'
[0.193s] Level 1:colcon.colcon_core.package_identification:_identify(src) by extensions ['python_setup_py']
[0.193s] Level 1:colcon.colcon_core.package_identification:_identify(src) by extension 'python_setup_py'
[0.193s] Level 1:colcon.colcon_core.package_identification:_identify(src/micro_ros_setup) by extensions ['ignore', 'ignore_ament_install']
[0.193s] Level 1:colcon.colcon_core.package_identification:_identify(src/micro_ros_setup) by extension 'ignore'
[0.193s] Level 1:colcon.colcon_core.package_identification:_identify(src/micro_ros_setup) by extension 'ignore_ament_install'
[0.193s] Level 1:colcon.colcon_core.package_identification:_identify(src/micro_ros_setup) by extensions ['colcon_pkg']
[0.193s] Level 1:colcon.colcon_core.package_identification:_identify(src/micro_ros_setup) by extension 'colcon_pkg'
[0.193s] Level 1:colcon.colcon_core.package_identification:_identify(src/micro_ros_setup) by extensions ['colcon_meta']
[0.193s] Level 1:colcon.colcon_core.package_identification:_identify(src/micro_ros_setup) by extension 'colcon_meta'
[0.194s] Level 1:colcon.colcon_core.package_identification:_identify(src/micro_ros_setup) by extensions ['ros']
[0.194s] Level 1:colcon.colcon_core.package_identification:_identify(src/micro_ros_setup) by extension 'ros'
[0.197s] DEBUG:colcon.colcon_core.package_identification:Package 'src/micro_ros_setup' with type 'ros.ament_cmake' and name 'micro_ros_setup'
[0.197s] Level 1:colcon.colcon_core.package_identification:_identify(src/rover_teleop) by extensions ['ignore', 'ignore_ament_install']
[0.197s] Level 1:colcon.colcon_core.package_identification:_identify(src/rover_teleop) by extension 'ignore'
[0.197s] Level 1:colcon.colcon_core.package_identification:_identify(src/rover_teleop) by extension 'ignore_ament_install'
[0.197s] Level 1:colcon.colcon_core.package_identification:_identify(src/rover_teleop) by extensions ['colcon_pkg']
[0.197s] Level 1:colcon.colcon_core.package_identification:_identify(src/rover_teleop) by extension 'colcon_pkg'
[0.197s] Level 1:colcon.colcon_core.package_identification:_identify(src/rover_teleop) by extensions ['colcon_meta']
[0.197s] Level 1:colcon.colcon_core.package_identification:_identify(src/rover_teleop) by extension 'colcon_meta'
[0.197s] Level 1:colcon.colcon_core.package_identification:_identify(src/rover_teleop) by extensions ['ros']
[0.197s] Level 1:colcon.colcon_core.package_identification:_identify(src/rover_teleop) by extension 'ros'
[0.198s] DEBUG:colcon.colcon_core.package_identification:Package 'src/rover_teleop' with type 'ros.ament_cmake' and name 'rover_teleop'
[0.198s] Level 1:colcon.colcon_core.package_identification:_identify(startupScripts) by extensions ['ignore', 'ignore_ament_install']
[0.198s] Level 1:colcon.colcon_core.package_identification:_identify(startupScripts) by extension 'ignore'
[0.198s] Level 1:colcon.colcon_core.package_identification:_identify(startupScripts) by extension 'ignore_ament_install'
[0.198s] Level 1:colcon.colcon_core.package_identification:_identify(startupScripts) by extensions ['colcon_pkg']
[0.198s] Level 1:colcon.colcon_core.package_identification:_identify(startupScripts) by extension 'colcon_pkg'
[0.199s] Level 1:colcon.colcon_core.package_identification:_identify(startupScripts) by extensions ['colcon_meta']
[0.199s] Level 1:colcon.colcon_core.package_identification:_identify(startupScripts) by extension 'colcon_meta'
[0.199s] Level 1:colcon.colcon_core.package_identification:_identify(startupScripts) by extensions ['ros']
[0.199s] Level 1:colcon.colcon_core.package_identification:_identify(startupScripts) by extension 'ros'
[0.199s] Level 1:colcon.colcon_core.package_identification:_identify(startupScripts) by extensions ['cmake', 'python']
[0.199s] Level 1:colcon.colcon_core.package_identification:_identify(startupScripts) by extension 'cmake'
[0.199s] Level 1:colcon.colcon_core.package_identification:_identify(startupScripts) by extension 'python'
[0.199s] Level 1:colcon.colcon_core.package_identification:_identify(startupScripts) by extensions ['python_setup_py']
[0.199s] Level 1:colcon.colcon_core.package_identification:_identify(startupScripts) by extension 'python_setup_py'
[0.199s] Level 1:colcon.colcon_core.package_discovery:discover_packages(recursive) using defaults
[0.199s] Level 1:colcon.colcon_core.package_discovery:discover_packages(ignore) discover
[0.199s] Level 1:colcon.colcon_core.package_discovery:discover_packages(ignore) using defaults
[0.199s] Level 1:colcon.colcon_core.package_discovery:discover_packages(path) discover
[0.199s] Level 1:colcon.colcon_core.package_discovery:discover_packages(path) using defaults
[0.220s] Level 1:colcon.colcon_core.package_discovery:discover_packages(prefix_path) check parameters
[0.220s] Level 1:colcon.colcon_core.package_discovery:discover_packages(prefix_path) discover
[0.221s] WARNING:colcon.colcon_core.prefix_path.colcon:The path '/home/deimos/uros_ws/install' in the environment variable COLCON_PREFIX_PATH doesn't exist
[0.221s] WARNING:colcon.colcon_core.prefix_path.colcon:The path '/home/deimos/microros_teensy_ws/install' in the environment variable COLCON_PREFIX_PATH doesn't exist
[0.221s] WARNING:colcon.colcon_ros.prefix_path.ament:The path '/home/deimos/uros_ws/install/micro_ros_agent' in the environment variable AMENT_PREFIX_PATH doesn't exist
[0.221s] WARNING:colcon.colcon_ros.prefix_path.ament:The path '/home/deimos/uros_ws/install/micro_ros_msgs' in the environment variable AMENT_PREFIX_PATH doesn't exist
[0.221s] WARNING:colcon.colcon_ros.prefix_path.ament:The path '/home/deimos/microros_teensy_ws/install/micro_ros_setup' in the environment variable AMENT_PREFIX_PATH doesn't exist
[0.221s] WARNING:colcon.colcon_ros.prefix_path.catkin:The path '/home/deimos/uros_ws/install/micro_ros_agent' in the environment variable CMAKE_PREFIX_PATH doesn't exist
[0.221s] WARNING:colcon.colcon_ros.prefix_path.catkin:The path '/home/deimos/uros_ws/install/micro_ros_msgs' in the environment variable CMAKE_PREFIX_PATH doesn't exist
[0.221s] WARNING:colcon.colcon_ros.prefix_path.catkin:The path '/home/deimos/microros_teensy_ws/install/micro_ros_setup' in the environment variable CMAKE_PREFIX_PATH doesn't exist
[0.223s] DEBUG:colcon.colcon_installed_package_information.package_discovery:Found 299 installed packages in /opt/ros/jazzy
[0.224s] Level 1:colcon.colcon_core.package_discovery:discover_packages(prefix_path) using defaults
[0.266s] Level 5:colcon.colcon_core.verb:set package 'micro_ros_setup' build argument 'cmake_args' from command line to 'None'
[0.266s] Level 5:colcon.colcon_core.verb:set package 'micro_ros_setup' build argument 'cmake_target' from command line to 'None'
[0.266s] Level 5:colcon.colcon_core.verb:set package 'micro_ros_setup' build argument 'cmake_target_skip_unavailable' from command line to 'False'
[0.266s] Level 5:colcon.colcon_core.verb:set package 'micro_ros_setup' build argument 'cmake_clean_cache' from command line to 'False'
[0.266s] Level 5:colcon.colcon_core.verb:set package 'micro_ros_setup' build argument 'cmake_clean_first' from command line to 'False'
[0.266s] Level 5:colcon.colcon_core.verb:set package 'micro_ros_setup' build argument 'cmake_force_configure' from command line to 'False'
[0.266s] Level 5:colcon.colcon_core.verb:set package 'micro_ros_setup' build argument 'ament_cmake_args' from command line to 'None'
[0.266s] Level 5:colcon.colcon_core.verb:set package 'micro_ros_setup' build argument 'catkin_cmake_args' from command line to 'None'
[0.266s] Level 5:colcon.colcon_core.verb:set package 'micro_ros_setup' build argument 'catkin_skip_building_tests' from command line to 'False'
[0.266s] DEBUG:colcon.colcon_core.verb:Building package 'micro_ros_setup' with the following arguments: {'ament_cmake_args': None, 'build_base': '/home/deimos/deimosExNihilo_ws/build/micro_ros_setup', 'catkin_cmake_args': None, 'catkin_skip_building_tests': False, 'cmake_args': None, 'cmake_clean_cache': False, 'cmake_clean_first': False, 'cmake_force_configure': False, 'cmake_target': None, 'cmake_target_skip_unavailable': False, 'install_base': '/home/deimos/deimosExNihilo_ws/install/micro_ros_setup', 'merge_install': False, 'path': '/home/deimos/deimosExNihilo_ws/src/micro_ros_setup', 'symlink_install': False, 'test_result_base': None}
[0.266s] Level 5:colcon.colcon_core.verb:set package 'rover_teleop' build argument 'cmake_args' from command line to 'None'
[0.266s] Level 5:colcon.colcon_core.verb:set package 'rover_teleop' build argument 'cmake_target' from command line to 'None'
[0.266s] Level 5:colcon.colcon_core.verb:set package 'rover_teleop' build argument 'cmake_target_skip_unavailable' from command line to 'False'
[0.266s] Level 5:colcon.colcon_core.verb:set package 'rover_teleop' build argument 'cmake_clean_cache' from command line to 'False'
[0.266s] Level 5:colcon.colcon_core.verb:set package 'rover_teleop' build argument 'cmake_clean_first' from command line to 'False'
[0.266s] Level 5:colcon.colcon_core.verb:set package 'rover_teleop' build argument 'cmake_force_configure' from command line to 'False'
[0.266s] Level 5:colcon.colcon_core.verb:set package 'rover_teleop' build argument 'ament_cmake_args' from command line to 'None'
[0.266s] Level 5:colcon.colcon_core.verb:set package 'rover_teleop' build argument 'catkin_cmake_args' from command line to 'None'
[0.266s] Level 5:colcon.colcon_core.verb:set package 'rover_teleop' build argument 'catkin_skip_building_tests' from command line to 'False'
[0.267s] DEBUG:colcon.colcon_core.verb:Building package 'rover_teleop' with the following arguments: {'ament_cmake_args': None, 'build_base': '/home/deimos/deimosExNihilo_ws/build/rover_teleop', 'catkin_cmake_args': None, 'catkin_skip_building_tests': False, 'cmake_args': None, 'cmake_clean_cache': False, 'cmake_clean_first': False, 'cmake_force_configure': False, 'cmake_target': None, 'cmake_target_skip_unavailable': False, 'install_base': '/home/deimos/deimosExNihilo_ws/install/rover_teleop', 'merge_install': False, 'path': '/home/deimos/deimosExNihilo_ws/src/rover_teleop', 'symlink_install': False, 'test_result_base': None}
[0.267s] INFO:colcon.colcon_core.executor:Executing jobs using 'parallel' executor
[0.268s] DEBUG:colcon.colcon_parallel_executor.executor.parallel:run_until_complete
[0.268s] INFO:colcon.colcon_ros.task.ament_cmake.build:Building ROS package in '/home/deimos/deimosExNihilo_ws/src/micro_ros_setup' with build type 'ament_cmake'
[0.268s] INFO:colcon.colcon_cmake.task.cmake.build:Building CMake package in '/home/deimos/deimosExNihilo_ws/src/micro_ros_setup'
[0.270s] INFO:colcon.colcon_core.plugin_system:Skipping extension 'colcon_core.shell.bat': Not used on non-Windows systems
[0.270s] INFO:colcon.colcon_core.shell:Skip shell extension 'powershell' for command environment: Not usable outside of PowerShell
[0.270s] DEBUG:colcon.colcon_core.shell:Skip shell extension 'dsv' for command environment
[0.274s] INFO:colcon.colcon_ros.task.ament_cmake.build:Building ROS package in '/home/deimos/deimosExNihilo_ws/src/rover_teleop' with build type 'ament_cmake'
[0.274s] INFO:colcon.colcon_cmake.task.cmake.build:Building CMake package in '/home/deimos/deimosExNihilo_ws/src/rover_teleop'
[0.274s] INFO:colcon.colcon_core.shell:Skip shell extension 'powershell' for command environment: Not usable outside of PowerShell
[0.274s] DEBUG:colcon.colcon_core.shell:Skip shell extension 'dsv' for command environment
[0.280s] DEBUG:colcon.colcon_core.event_handler.log_command:Invoking command in '/home/deimos/deimosExNihilo_ws/build/micro_ros_setup': CMAKE_PREFIX_PATH=${CMAKE_PREFIX_PATH}:/opt/ros/jazzy DEBUGINFOD_URLS=https://debuginfod.ubuntu.com /usr/bin/cmake /home/deimos/deimosExNihilo_ws/src/micro_ros_setup -DCMAKE_INSTALL_PREFIX=/home/deimos/deimosExNihilo_ws/install/micro_ros_setup
[0.284s] DEBUG:colcon.colcon_core.event_handler.log_command:Invoking command in '/home/deimos/deimosExNihilo_ws/build/rover_teleop': CMAKE_PREFIX_PATH=${CMAKE_PREFIX_PATH}:/opt/ros/jazzy DEBUGINFOD_URLS=https://debuginfod.ubuntu.com /usr/bin/cmake /home/deimos/deimosExNihilo_ws/src/rover_teleop -DCMAKE_INSTALL_PREFIX=/home/deimos/deimosExNihilo_ws/install/rover_teleop
[1.319s] DEBUG:colcon.colcon_core.event_handler.log_command:Invoked command in '/home/deimos/deimosExNihilo_ws/build/micro_ros_setup' returned '0': CMAKE_PREFIX_PATH=${CMAKE_PREFIX_PATH}:/opt/ros/jazzy DEBUGINFOD_URLS=https://debuginfod.ubuntu.com /usr/bin/cmake /home/deimos/deimosExNihilo_ws/src/micro_ros_setup -DCMAKE_INSTALL_PREFIX=/home/deimos/deimosExNihilo_ws/install/micro_ros_setup
[1.320s] DEBUG:colcon.colcon_core.event_handler.log_command:Invoking command in '/home/deimos/deimosExNihilo_ws/build/micro_ros_setup': CMAKE_PREFIX_PATH=${CMAKE_PREFIX_PATH}:/opt/ros/jazzy DEBUGINFOD_URLS=https://debuginfod.ubuntu.com /usr/bin/cmake --build /home/deimos/deimosExNihilo_ws/build/micro_ros_setup -- -j12 -l12
[1.373s] DEBUG:colcon.colcon_core.event_handler.log_command:Invoked command in '/home/deimos/deimosExNihilo_ws/build/micro_ros_setup' returned '0': CMAKE_PREFIX_PATH=${CMAKE_PREFIX_PATH}:/opt/ros/jazzy DEBUGINFOD_URLS=https://debuginfod.ubuntu.com /usr/bin/cmake --build /home/deimos/deimosExNihilo_ws/build/micro_ros_setup -- -j12 -l12
[1.386s] DEBUG:colcon.colcon_core.event_handler.log_command:Invoking command in '/home/deimos/deimosExNihilo_ws/build/micro_ros_setup': CMAKE_PREFIX_PATH=${CMAKE_PREFIX_PATH}:/opt/ros/jazzy DEBUGINFOD_URLS=https://debuginfod.ubuntu.com /usr/bin/cmake --install /home/deimos/deimosExNihilo_ws/build/micro_ros_setup
[1.418s] Level 1:colcon.colcon_core.environment:create_environment_scripts_only(micro_ros_setup)
[1.419s] DEBUG:colcon.colcon_core.event_handler.log_command:Invoked command in '/home/deimos/deimosExNihilo_ws/build/micro_ros_setup' returned '0': CMAKE_PREFIX_PATH=${CMAKE_PREFIX_PATH}:/opt/ros/jazzy DEBUGINFOD_URLS=https://debuginfod.ubuntu.com /usr/bin/cmake --install /home/deimos/deimosExNihilo_ws/build/micro_ros_setup
[1.422s] Level 1:colcon.colcon_core.environment:checking '/home/deimos/deimosExNihilo_ws/install/micro_ros_setup' for CMake module files
[1.423s] Level 1:colcon.colcon_core.environment:checking '/home/deimos/deimosExNihilo_ws/install/micro_ros_setup' for CMake config files
[1.423s] Level 1:colcon.colcon_core.shell:create_environment_hook('micro_ros_setup', 'cmake_prefix_path')
[1.423s] INFO:colcon.colcon_core.shell:Creating environment hook '/home/deimos/deimosExNihilo_ws/install/micro_ros_setup/share/micro_ros_setup/hook/cmake_prefix_path.ps1'
[1.424s] INFO:colcon.colcon_core.shell:Creating environment descriptor '/home/deimos/deimosExNihilo_ws/install/micro_ros_setup/share/micro_ros_setup/hook/cmake_prefix_path.dsv'
[1.425s] INFO:colcon.colcon_core.shell:Creating environment hook '/home/deimos/deimosExNihilo_ws/install/micro_ros_setup/share/micro_ros_setup/hook/cmake_prefix_path.sh'
[1.426s] Level 1:colcon.colcon_core.environment:checking '/home/deimos/deimosExNihilo_ws/install/micro_ros_setup/lib'
[1.426s] Level 1:colcon.colcon_core.environment:checking '/home/deimos/deimosExNihilo_ws/install/micro_ros_setup/bin'
[1.426s] Level 1:colcon.colcon_core.environment:checking '/home/deimos/deimosExNihilo_ws/install/micro_ros_setup/lib/pkgconfig/micro_ros_setup.pc'
[1.427s] Level 1:colcon.colcon_core.environment:checking '/home/deimos/deimosExNihilo_ws/install/micro_ros_setup/lib/python3.12/site-packages'
[1.428s] Level 1:colcon.colcon_core.environment:checking '/home/deimos/deimosExNihilo_ws/install/micro_ros_setup/bin'
[1.428s] INFO:colcon.colcon_core.shell:Creating package script '/home/deimos/deimosExNihilo_ws/install/micro_ros_setup/share/micro_ros_setup/package.ps1'
[1.430s] INFO:colcon.colcon_core.shell:Creating package descriptor '/home/deimos/deimosExNihilo_ws/install/micro_ros_setup/share/micro_ros_setup/package.dsv'
[1.431s] INFO:colcon.colcon_core.shell:Creating package script '/home/deimos/deimosExNihilo_ws/install/micro_ros_setup/share/micro_ros_setup/package.sh'
[1.432s] INFO:colcon.colcon_core.shell:Creating package script '/home/deimos/deimosExNihilo_ws/install/micro_ros_setup/share/micro_ros_setup/package.bash'
[1.433s] INFO:colcon.colcon_core.shell:Creating package script '/home/deimos/deimosExNihilo_ws/install/micro_ros_setup/share/micro_ros_setup/package.zsh'
[1.434s] Level 1:colcon.colcon_core.environment:create_file_with_runtime_dependencies(/home/deimos/deimosExNihilo_ws/install/micro_ros_setup/share/colcon-core/packages/micro_ros_setup)
[1.435s] Level 1:colcon.colcon_core.environment:create_environment_scripts_only(micro_ros_setup)
[1.435s] Level 1:colcon.colcon_core.environment:checking '/home/deimos/deimosExNihilo_ws/install/micro_ros_setup' for CMake module files
[1.436s] Level 1:colcon.colcon_core.environment:checking '/home/deimos/deimosExNihilo_ws/install/micro_ros_setup' for CMake config files
[1.436s] Level 1:colcon.colcon_core.shell:create_environment_hook('micro_ros_setup', 'cmake_prefix_path')
[1.436s] INFO:colcon.colcon_core.shell:Creating environment hook '/home/deimos/deimosExNihilo_ws/install/micro_ros_setup/share/micro_ros_setup/hook/cmake_prefix_path.ps1'
[1.437s] INFO:colcon.colcon_core.shell:Creating environment descriptor '/home/deimos/deimosExNihilo_ws/install/micro_ros_setup/share/micro_ros_setup/hook/cmake_prefix_path.dsv'
[1.437s] INFO:colcon.colcon_core.shell:Creating environment hook '/home/deimos/deimosExNihilo_ws/install/micro_ros_setup/share/micro_ros_setup/hook/cmake_prefix_path.sh'
[1.438s] Level 1:colcon.colcon_core.environment:checking '/home/deimos/deimosExNihilo_ws/install/micro_ros_setup/lib'
[1.438s] Level 1:colcon.colcon_core.environment:checking '/home/deimos/deimosExNihilo_ws/install/micro_ros_setup/bin'
[1.438s] Level 1:colcon.colcon_core.environment:checking '/home/deimos/deimosExNihilo_ws/install/micro_ros_setup/lib/pkgconfig/micro_ros_setup.pc'
[1.438s] Level 1:colcon.colcon_core.environment:checking '/home/deimos/deimosExNihilo_ws/install/micro_ros_setup/lib/python3.12/site-packages'
[1.439s] Level 1:colcon.colcon_core.environment:checking '/home/deimos/deimosExNihilo_ws/install/micro_ros_setup/bin'
[1.439s] INFO:colcon.colcon_core.shell:Creating package script '/home/deimos/deimosExNihilo_ws/install/micro_ros_setup/share/micro_ros_setup/package.ps1'
[1.440s] INFO:colcon.colcon_core.shell:Creating package descriptor '/home/deimos/deimosExNihilo_ws/install/micro_ros_setup/share/micro_ros_setup/package.dsv'
[1.440s] INFO:colcon.colcon_core.shell:Creating package script '/home/deimos/deimosExNihilo_ws/install/micro_ros_setup/share/micro_ros_setup/package.sh'
[1.441s] INFO:colcon.colcon_core.shell:Creating package script '/home/deimos/deimosExNihilo_ws/install/micro_ros_setup/share/micro_ros_setup/package.bash'
[1.441s] INFO:colcon.colcon_core.shell:Creating package script '/home/deimos/deimosExNihilo_ws/install/micro_ros_setup/share/micro_ros_setup/package.zsh'
[1.441s] Level 1:colcon.colcon_core.environment:create_file_with_runtime_dependencies(/home/deimos/deimosExNihilo_ws/install/micro_ros_setup/share/colcon-core/packages/micro_ros_setup)
[1.569s] DEBUG:colcon.colcon_core.event_handler.log_command:Invoked command in '/home/deimos/deimosExNihilo_ws/build/rover_teleop' returned '1': CMAKE_PREFIX_PATH=${CMAKE_PREFIX_PATH}:/opt/ros/jazzy DEBUGINFOD_URLS=https://debuginfod.ubuntu.com /usr/bin/cmake /home/deimos/deimosExNihilo_ws/src/rover_teleop -DCMAKE_INSTALL_PREFIX=/home/deimos/deimosExNihilo_ws/install/rover_teleop
[1.595s] Level 1:colcon.colcon_core.environment:create_environment_scripts_only(rover_teleop)
[1.596s] Level 1:colcon.colcon_core.environment:checking '/home/deimos/deimosExNihilo_ws/install/rover_teleop' for CMake module files
[1.596s] Level 1:colcon.colcon_core.environment:checking '/home/deimos/deimosExNihilo_ws/install/rover_teleop' for CMake config files
[1.597s] Level 1:colcon.colcon_core.environment:checking '/home/deimos/deimosExNihilo_ws/install/rover_teleop/bin'
[1.597s] Level 1:colcon.colcon_core.environment:checking '/home/deimos/deimosExNihilo_ws/install/rover_teleop/lib/pkgconfig/rover_teleop.pc'
[1.597s] Level 1:colcon.colcon_core.environment:checking '/home/deimos/deimosExNihilo_ws/install/rover_teleop/lib/python3.12/site-packages'
[1.598s] Level 1:colcon.colcon_core.environment:checking '/home/deimos/deimosExNihilo_ws/install/rover_teleop/bin'
[1.598s] INFO:colcon.colcon_core.shell:Creating package script '/home/deimos/deimosExNihilo_ws/install/rover_teleop/share/rover_teleop/package.ps1'
[1.599s] INFO:colcon.colcon_core.shell:Creating package descriptor '/home/deimos/deimosExNihilo_ws/install/rover_teleop/share/rover_teleop/package.dsv'
[1.599s] INFO:colcon.colcon_core.shell:Creating package script '/home/deimos/deimosExNihilo_ws/install/rover_teleop/share/rover_teleop/package.sh'
[1.600s] INFO:colcon.colcon_core.shell:Creating package script '/home/deimos/deimosExNihilo_ws/install/rover_teleop/share/rover_teleop/package.bash'
[1.600s] INFO:colcon.colcon_core.shell:Creating package script '/home/deimos/deimosExNihilo_ws/install/rover_teleop/share/rover_teleop/package.zsh'
[1.600s] Level 1:colcon.colcon_core.environment:create_file_with_runtime_dependencies(/home/deimos/deimosExNihilo_ws/install/rover_teleop/share/colcon-core/packages/rover_teleop)
[1.611s] DEBUG:colcon.colcon_parallel_executor.executor.parallel:closing loop
[1.611s] DEBUG:colcon.colcon_parallel_executor.executor.parallel:loop closed
[1.611s] DEBUG:colcon.colcon_parallel_executor.executor.parallel:run_until_complete finished with '1'
[1.612s] DEBUG:colcon.colcon_core.event_reactor:joining thread
[1.622s] INFO:colcon.colcon_core.plugin_system:Skipping extension 'colcon_notification.desktop_notification.terminal_notifier': Not used on non-Darwin systems
[1.622s] INFO:colcon.colcon_core.plugin_system:Skipping extension 'colcon_notification.desktop_notification.win32': Not used on non-Windows systems
[1.622s] INFO:colcon.colcon_notification.desktop_notification:Sending desktop notification using 'notify2'
[1.645s] DEBUG:colcon.colcon_core.event_reactor:joined thread
[1.645s] INFO:colcon.colcon_core.shell:Creating prefix script '/home/deimos/deimosExNihilo_ws/install/local_setup.ps1'
[1.646s] INFO:colcon.colcon_core.shell:Creating prefix util module '/home/deimos/deimosExNihilo_ws/install/_local_setup_util_ps1.py'
[1.647s] INFO:colcon.colcon_core.shell:Creating prefix chain script '/home/deimos/deimosExNihilo_ws/install/setup.ps1'
[1.648s] INFO:colcon.colcon_core.shell:Creating prefix script '/home/deimos/deimosExNihilo_ws/install/local_setup.sh'
[1.649s] INFO:colcon.colcon_core.shell:Creating prefix util module '/home/deimos/deimosExNihilo_ws/install/_local_setup_util_sh.py'
[1.650s] INFO:colcon.colcon_core.shell:Creating prefix chain script '/home/deimos/deimosExNihilo_ws/install/setup.sh'
[1.651s] INFO:colcon.colcon_core.shell:Creating prefix script '/home/deimos/deimosExNihilo_ws/install/local_setup.bash'
[1.651s] INFO:colcon.colcon_core.shell:Creating prefix chain script '/home/deimos/deimosExNihilo_ws/install/setup.bash'
[1.652s] INFO:colcon.colcon_core.shell:Creating prefix script '/home/deimos/deimosExNihilo_ws/install/local_setup.zsh'
[1.653s] INFO:colcon.colcon_core.shell:Creating prefix chain script '/home/deimos/deimosExNihilo_ws/install/setup.zsh'
